###############################################################################
#
# IAR ELF Linker V7.30.1.7746/W32 for ARM                 25/Nov/2014  01:19:46
# Copyright 2007-2014 IAR Systems AB.
#
#    Output file  =  
#        C:\Users\Ryan\Documents\IAR Embedded
#        Workbench\Origin\Template\EWARM\Template\Exe\Template.out
#    Map file     =  
#        C:\Users\Ryan\Documents\IAR Embedded
#        Workbench\Origin\Template\EWARM\Template\List\Template.map
#    Command line =  
#        "C:\Users\Ryan\Documents\IAR Embedded
#        Workbench\Origin\Template\EWARM\Template\Obj\button.o"
#        "C:\Users\Ryan\Documents\IAR Embedded
#        Workbench\Origin\Template\EWARM\Template\Obj\gpio.o"
#        "C:\Users\Ryan\Documents\IAR Embedded
#        Workbench\Origin\Template\EWARM\Template\Obj\gps.o"
#        "C:\Users\Ryan\Documents\IAR Embedded
#        Workbench\Origin\Template\EWARM\Template\Obj\i2c.o"
#        "C:\Users\Ryan\Documents\IAR Embedded
#        Workbench\Origin\Template\EWARM\Template\Obj\main.o"
#        "C:\Users\Ryan\Documents\IAR Embedded
#        Workbench\Origin\Template\EWARM\Template\Obj\misc.o"
#        "C:\Users\Ryan\Documents\IAR Embedded
#        Workbench\Origin\Template\EWARM\Template\Obj\startup_stm32f429_439xx.o"
#        "C:\Users\Ryan\Documents\IAR Embedded
#        Workbench\Origin\Template\EWARM\Template\Obj\stm32f4xx_adc.o"
#        "C:\Users\Ryan\Documents\IAR Embedded
#        Workbench\Origin\Template\EWARM\Template\Obj\stm32f4xx_can.o"
#        "C:\Users\Ryan\Documents\IAR Embedded
#        Workbench\Origin\Template\EWARM\Template\Obj\stm32f4xx_crc.o"
#        "C:\Users\Ryan\Documents\IAR Embedded
#        Workbench\Origin\Template\EWARM\Template\Obj\stm32f4xx_cryp.o"
#        "C:\Users\Ryan\Documents\IAR Embedded
#        Workbench\Origin\Template\EWARM\Template\Obj\stm32f4xx_cryp_aes.o"
#        "C:\Users\Ryan\Documents\IAR Embedded
#        Workbench\Origin\Template\EWARM\Template\Obj\stm32f4xx_cryp_des.o"
#        "C:\Users\Ryan\Documents\IAR Embedded
#        Workbench\Origin\Template\EWARM\Template\Obj\stm32f4xx_cryp_tdes.o"
#        "C:\Users\Ryan\Documents\IAR Embedded
#        Workbench\Origin\Template\EWARM\Template\Obj\stm32f4xx_dac.o"
#        "C:\Users\Ryan\Documents\IAR Embedded
#        Workbench\Origin\Template\EWARM\Template\Obj\stm32f4xx_dbgmcu.o"
#        "C:\Users\Ryan\Documents\IAR Embedded
#        Workbench\Origin\Template\EWARM\Template\Obj\stm32f4xx_dcmi.o"
#        "C:\Users\Ryan\Documents\IAR Embedded
#        Workbench\Origin\Template\EWARM\Template\Obj\stm32f4xx_dma.o"
#        "C:\Users\Ryan\Documents\IAR Embedded
#        Workbench\Origin\Template\EWARM\Template\Obj\stm32f4xx_dma2d.o"
#        "C:\Users\Ryan\Documents\IAR Embedded
#        Workbench\Origin\Template\EWARM\Template\Obj\stm32f4xx_exti.o"
#        "C:\Users\Ryan\Documents\IAR Embedded
#        Workbench\Origin\Template\EWARM\Template\Obj\stm32f4xx_flash.o"
#        "C:\Users\Ryan\Documents\IAR Embedded
#        Workbench\Origin\Template\EWARM\Template\Obj\stm32f4xx_fmc.o"
#        "C:\Users\Ryan\Documents\IAR Embedded
#        Workbench\Origin\Template\EWARM\Template\Obj\stm32f4xx_gpio.o"
#        "C:\Users\Ryan\Documents\IAR Embedded
#        Workbench\Origin\Template\EWARM\Template\Obj\stm32f4xx_hash.o"
#        "C:\Users\Ryan\Documents\IAR Embedded
#        Workbench\Origin\Template\EWARM\Template\Obj\stm32f4xx_hash_md5.o"
#        "C:\Users\Ryan\Documents\IAR Embedded
#        Workbench\Origin\Template\EWARM\Template\Obj\stm32f4xx_hash_sha1.o"
#        "C:\Users\Ryan\Documents\IAR Embedded
#        Workbench\Origin\Template\EWARM\Template\Obj\stm32f4xx_i2c.o"
#        "C:\Users\Ryan\Documents\IAR Embedded
#        Workbench\Origin\Template\EWARM\Template\Obj\stm32f4xx_it.o"
#        "C:\Users\Ryan\Documents\IAR Embedded
#        Workbench\Origin\Template\EWARM\Template\Obj\stm32f4xx_iwdg.o"
#        "C:\Users\Ryan\Documents\IAR Embedded
#        Workbench\Origin\Template\EWARM\Template\Obj\stm32f4xx_ltdc.o"
#        "C:\Users\Ryan\Documents\IAR Embedded
#        Workbench\Origin\Template\EWARM\Template\Obj\stm32f4xx_pwr.o"
#        "C:\Users\Ryan\Documents\IAR Embedded
#        Workbench\Origin\Template\EWARM\Template\Obj\stm32f4xx_rcc.o"
#        "C:\Users\Ryan\Documents\IAR Embedded
#        Workbench\Origin\Template\EWARM\Template\Obj\stm32f4xx_rng.o"
#        "C:\Users\Ryan\Documents\IAR Embedded
#        Workbench\Origin\Template\EWARM\Template\Obj\stm32f4xx_rtc.o"
#        "C:\Users\Ryan\Documents\IAR Embedded
#        Workbench\Origin\Template\EWARM\Template\Obj\stm32f4xx_sai.o"
#        "C:\Users\Ryan\Documents\IAR Embedded
#        Workbench\Origin\Template\EWARM\Template\Obj\stm32f4xx_sdio.o"
#        "C:\Users\Ryan\Documents\IAR Embedded
#        Workbench\Origin\Template\EWARM\Template\Obj\stm32f4xx_spi.o"
#        "C:\Users\Ryan\Documents\IAR Embedded
#        Workbench\Origin\Template\EWARM\Template\Obj\stm32f4xx_syscfg.o"
#        "C:\Users\Ryan\Documents\IAR Embedded
#        Workbench\Origin\Template\EWARM\Template\Obj\stm32f4xx_tim.o"
#        "C:\Users\Ryan\Documents\IAR Embedded
#        Workbench\Origin\Template\EWARM\Template\Obj\stm32f4xx_usart.o"
#        "C:\Users\Ryan\Documents\IAR Embedded
#        Workbench\Origin\Template\EWARM\Template\Obj\stm32f4xx_wwdg.o"
#        "C:\Users\Ryan\Documents\IAR Embedded
#        Workbench\Origin\Template\EWARM\Template\Obj\system_stm32f4xx.o"
#        "C:\Users\Ryan\Documents\IAR Embedded
#        Workbench\Origin\Template\EWARM\Template\Obj\tick.o"
#        "C:\Users\Ryan\Documents\IAR Embedded
#        Workbench\Origin\Template\EWARM\Template\Obj\uart.o" --redirect
#        _Printf=_PrintfSmall --redirect _Scanf=_ScanfSmall -o
#        "C:\Users\Ryan\Documents\IAR Embedded
#        Workbench\Origin\Template\EWARM\Template\Exe\Template.out" --map
#        "C:\Users\Ryan\Documents\IAR Embedded
#        Workbench\Origin\Template\EWARM\Template\List\Template.map" --config
#        "C:\Users\Ryan\Documents\IAR Embedded
#        Workbench\Origin\Template\EWARM\stm32f4xx_flash.icf" --semihosting
#        --entry __iar_program_start --vfe
#
###############################################################################

*******************************************************************************
*** RUNTIME MODEL ATTRIBUTES
***

CppFlavor       = *
__SystemLibrary = DLib


*******************************************************************************
*** PLACEMENT SUMMARY
***

"A1":  place at 0x08000000 { ro section .intvec };
"P1":  place in [from 0x08000000 to 0x081fffff] { ro };
"P2":  place in [from 0x20000000 to 0x2002ffff] { rw, block CSTACK, block HEAP };

  Section             Kind        Address    Size  Object
  -------             ----        -------    ----  ------
"A1":                                       0x1ac
  .intvec             ro code  0x08000000   0x1ac  startup_stm32f429_439xx.o [1]
                             - 0x080001ac   0x1ac

"P1":                                      0x2d60
  .text               ro code  0x080001ac   0x5a0  i2c.o [1]
  .text               ro code  0x0800074c    0x18  tick.o [1]
  .text               ro code  0x08000764   0x17c  stm32f4xx_rcc.o [1]
  .text               ro code  0x080008e0   0x130  stm32f4xx_gpio.o [1]
  .text               ro code  0x08000a10   0x27e  stm32f4xx_i2c.o [1]
  .text               ro code  0x08000c8e    0x2e  copy_init3.o [5]
  .text               ro code  0x08000cbc   0x4f6  uart.o [1]
  .text               ro code  0x080011b2    0x22  zero_init3.o [5]
  .text               ro code  0x080011d4   0x23a  stm32f4xx_usart.o [1]
  .rodata             const    0x0800140e     0x1  gps.o [1]
  .text               ro code  0x08001410    0x7c  misc.o [1]
  .text               ro code  0x0800148c    0x44  strcpy_unaligned.o [5]
  .text               ro code  0x080014d0   0x246  DblDiv.o [4]
  .text               ro code  0x08001718   0x214  main.o [1]
  .text               ro code  0x0800192c    0xe4  gpio.o [1]
  .text               ro code  0x08001a10    0x76  button.o [1]
  .text               ro code  0x08001a88    0x76  ABImemcpy_unaligned.o [5]
  .text               ro code  0x08001b00    0x8c  gps.o [1]
  .text               ro code  0x08001b8c    0x4c  strtok.o [3]
  .text               ro code  0x08001bd8    0x42  strcmp_unaligned.o [5]
  .text               ro code  0x08001c1a    0x10  atof.o [4]
  .text               ro code  0x08001c2a     0x2  xtls.o [3]
  .text               ro code  0x08001c2c    0x22  strspn.o [3]
  .text               ro code  0x08001c4e    0x22  strcspn.o [3]
  .text               ro code  0x08001c70   0x168  xstod.o [4]
  .text               ro code  0x08001dd8   0x130  xstopfx.o [3]
  .text               ro code  0x08001f08   0x1b4  xstoflt.o [3]
  .text               ro code  0x080020bc    0x2c  I32ToDbl.o [4]
  .text               ro code  0x080020e8   0x1a2  DblMul.o [4]
  .text               ro code  0x0800228c    0xe8  DblAdd.o [4]
  .text               ro code  0x08002378   0x200  xdtento.o [4]
  .text               ro code  0x08002578   0x200  xstoxflt.o [3]
  .text               ro code  0x08002778   0x114  xdscale.o [4]
  .text               ro code  0x0800288c   0x16c  DblSub.o [4]
  .text               ro code  0x080029f8    0x42  xdnorm.o [4]
  .text               ro code  0x08002a3c    0x20  DblCmpEq.o [4]
  .text               ro code  0x08002a5c    0x56  xdunscal.o [4]
  .text               ro code  0x08002ab4     0xc  errno.o [3]
  .text               ro code  0x08002ac0    0x58  memchr.o [5]
  .text               ro code  0x08002b18   0x154  system_stm32f4xx.o [1]
  .text               ro code  0x08002c6c    0x28  data_init.o [5]
  .text               ro code  0x08002c94    0x22  fpinit_M.o [4]
  .iar.init_table     const    0x08002cb8    0x24  - Linker created -
  .text               ro code  0x08002cdc    0x1a  cmain.o [5]
  .text               ro code  0x08002cf6     0x4  low_level_init.o [3]
  .text               ro code  0x08002cfa     0x4  exit.o [3]
  .text               ro code  0x08002d00     0xa  cexit.o [5]
  .text               ro code  0x08002d0c    0x14  exit.o [6]
  .text               ro code  0x08002d20    0x18  stm32f4xx_it.o [1]
  .text               ro code  0x08002d38    0x10  startup_stm32f429_439xx.o [1]
  .text               ro code  0x08002d48     0xc  cstartup_M.o [5]
  .rodata             const    0x08002d54     0x8  gps.o [1]
  .text               ro code  0x08002d5c     0x4  startup_stm32f429_439xx.o [1]
  .text               ro code  0x08002d60     0x4  startup_stm32f429_439xx.o [1]
  .text               ro code  0x08002d64     0x4  startup_stm32f429_439xx.o [1]
  .text               ro code  0x08002d68     0x4  startup_stm32f429_439xx.o [1]
  .text               ro code  0x08002d6c     0x4  startup_stm32f429_439xx.o [1]
  .text               ro code  0x08002d70     0x4  startup_stm32f429_439xx.o [1]
  .text               ro code  0x08002d74     0x4  startup_stm32f429_439xx.o [1]
  .text               ro code  0x08002d78     0x4  startup_stm32f429_439xx.o [1]
  .text               ro code  0x08002d7c     0x4  startup_stm32f429_439xx.o [1]
  .text               ro code  0x08002d80     0x4  startup_stm32f429_439xx.o [1]
  .text               ro code  0x08002d84     0x4  startup_stm32f429_439xx.o [1]
  .text               ro code  0x08002d88     0x4  startup_stm32f429_439xx.o [1]
  .text               ro code  0x08002d8c     0x4  startup_stm32f429_439xx.o [1]
  .text               ro code  0x08002d90     0x4  startup_stm32f429_439xx.o [1]
  .text               ro code  0x08002d94     0x4  startup_stm32f429_439xx.o [1]
  .text               ro code  0x08002d98     0x4  startup_stm32f429_439xx.o [1]
  .text               ro code  0x08002d9c     0x4  startup_stm32f429_439xx.o [1]
  .text               ro code  0x08002da0     0x4  startup_stm32f429_439xx.o [1]
  .text               ro code  0x08002da4     0x4  startup_stm32f429_439xx.o [1]
  .text               ro code  0x08002da8     0x4  startup_stm32f429_439xx.o [1]
  .text               ro code  0x08002dac     0x4  startup_stm32f429_439xx.o [1]
  .text               ro code  0x08002db0     0x4  startup_stm32f429_439xx.o [1]
  .text               ro code  0x08002db4     0x4  startup_stm32f429_439xx.o [1]
  .text               ro code  0x08002db8     0x4  startup_stm32f429_439xx.o [1]
  .text               ro code  0x08002dbc     0x4  startup_stm32f429_439xx.o [1]
  .text               ro code  0x08002dc0     0x4  startup_stm32f429_439xx.o [1]
  .text               ro code  0x08002dc4     0x4  startup_stm32f429_439xx.o [1]
  .text               ro code  0x08002dc8     0x4  startup_stm32f429_439xx.o [1]
  .text               ro code  0x08002dcc     0x4  startup_stm32f429_439xx.o [1]
  .text               ro code  0x08002dd0     0x4  startup_stm32f429_439xx.o [1]
  .text               ro code  0x08002dd4     0x4  startup_stm32f429_439xx.o [1]
  .text               ro code  0x08002dd8     0x4  startup_stm32f429_439xx.o [1]
  .text               ro code  0x08002ddc     0x4  startup_stm32f429_439xx.o [1]
  .text               ro code  0x08002de0     0x4  startup_stm32f429_439xx.o [1]
  .text               ro code  0x08002de4     0x4  startup_stm32f429_439xx.o [1]
  .text               ro code  0x08002de8     0x4  startup_stm32f429_439xx.o [1]
  .text               ro code  0x08002dec     0x4  startup_stm32f429_439xx.o [1]
  .text               ro code  0x08002df0     0x4  startup_stm32f429_439xx.o [1]
  .text               ro code  0x08002df4     0x4  startup_stm32f429_439xx.o [1]
  .text               ro code  0x08002df8     0x4  startup_stm32f429_439xx.o [1]
  .text               ro code  0x08002dfc     0x4  startup_stm32f429_439xx.o [1]
  .text               ro code  0x08002e00     0x4  startup_stm32f429_439xx.o [1]
  .text               ro code  0x08002e04     0x4  startup_stm32f429_439xx.o [1]
  .text               ro code  0x08002e08     0x4  startup_stm32f429_439xx.o [1]
  .text               ro code  0x08002e0c     0x4  startup_stm32f429_439xx.o [1]
  .text               ro code  0x08002e10     0x4  startup_stm32f429_439xx.o [1]
  .text               ro code  0x08002e14     0x4  startup_stm32f429_439xx.o [1]
  .text               ro code  0x08002e18     0x4  startup_stm32f429_439xx.o [1]
  .text               ro code  0x08002e1c     0x4  startup_stm32f429_439xx.o [1]
  .text               ro code  0x08002e20     0x4  startup_stm32f429_439xx.o [1]
  .text               ro code  0x08002e24     0x4  startup_stm32f429_439xx.o [1]
  .text               ro code  0x08002e28     0x4  startup_stm32f429_439xx.o [1]
  .text               ro code  0x08002e2c     0x4  startup_stm32f429_439xx.o [1]
  .text               ro code  0x08002e30     0x4  startup_stm32f429_439xx.o [1]
  .text               ro code  0x08002e34     0x4  startup_stm32f429_439xx.o [1]
  .text               ro code  0x08002e38     0x4  startup_stm32f429_439xx.o [1]
  .text               ro code  0x08002e3c     0x4  startup_stm32f429_439xx.o [1]
  .text               ro code  0x08002e40     0x4  startup_stm32f429_439xx.o [1]
  .text               ro code  0x08002e44     0x4  startup_stm32f429_439xx.o [1]
  .text               ro code  0x08002e48     0x4  startup_stm32f429_439xx.o [1]
  .text               ro code  0x08002e4c     0x4  startup_stm32f429_439xx.o [1]
  .text               ro code  0x08002e50     0x4  startup_stm32f429_439xx.o [1]
  .text               ro code  0x08002e54     0x4  startup_stm32f429_439xx.o [1]
  .text               ro code  0x08002e58     0x4  startup_stm32f429_439xx.o [1]
  .text               ro code  0x08002e5c     0x4  startup_stm32f429_439xx.o [1]
  .text               ro code  0x08002e60     0x4  startup_stm32f429_439xx.o [1]
  .text               ro code  0x08002e64     0x4  startup_stm32f429_439xx.o [1]
  .text               ro code  0x08002e68     0x4  startup_stm32f429_439xx.o [1]
  .text               ro code  0x08002e6c     0x4  startup_stm32f429_439xx.o [1]
  .text               ro code  0x08002e70     0x4  startup_stm32f429_439xx.o [1]
  .text               ro code  0x08002e74     0x4  startup_stm32f429_439xx.o [1]
  .text               ro code  0x08002e78     0x4  startup_stm32f429_439xx.o [1]
  .text               ro code  0x08002e7c     0x4  startup_stm32f429_439xx.o [1]
  .text               ro code  0x08002e80     0x4  startup_stm32f429_439xx.o [1]
  .text               ro code  0x08002e84     0x4  startup_stm32f429_439xx.o [1]
  .text               ro code  0x08002e88     0x4  startup_stm32f429_439xx.o [1]
  .text               ro code  0x08002e8c     0x4  startup_stm32f429_439xx.o [1]
  .text               ro code  0x08002e90     0x4  startup_stm32f429_439xx.o [1]
  .text               ro code  0x08002e94     0x4  startup_stm32f429_439xx.o [1]
  .text               ro code  0x08002e98     0x4  startup_stm32f429_439xx.o [1]
  .text               ro code  0x08002e9c     0x4  startup_stm32f429_439xx.o [1]
  .text               ro code  0x08002ea0     0x4  startup_stm32f429_439xx.o [1]
  .text               ro code  0x08002ea4     0x4  startup_stm32f429_439xx.o [1]
  .text               ro code  0x08002ea8     0x4  startup_stm32f429_439xx.o [1]
  .text               ro code  0x08002eac     0x4  startup_stm32f429_439xx.o [1]
  .text               ro code  0x08002eb0     0x4  startup_stm32f429_439xx.o [1]
  .text               ro code  0x08002eb4     0x4  startup_stm32f429_439xx.o [1]
  .text               ro code  0x08002eb8     0x4  startup_stm32f429_439xx.o [1]
  .text               ro code  0x08002ebc     0x4  startup_stm32f429_439xx.o [1]
  .text               ro code  0x08002ec0     0x4  startup_stm32f429_439xx.o [1]
  .text               ro code  0x08002ec4     0x4  startup_stm32f429_439xx.o [1]
  .text               ro code  0x08002ec8     0x4  startup_stm32f429_439xx.o [1]
  .text               ro code  0x08002ecc     0x4  startup_stm32f429_439xx.o [1]
  .text               ro code  0x08002ed0     0x4  startup_stm32f429_439xx.o [1]
  .text               ro code  0x08002ed4     0x4  startup_stm32f429_439xx.o [1]
  .text               ro code  0x08002ed8     0x4  startup_stm32f429_439xx.o [1]
  .text               ro code  0x08002edc     0x4  startup_stm32f429_439xx.o [1]
  .text               ro code  0x08002ee0     0x4  startup_stm32f429_439xx.o [1]
  .text               ro code  0x08002ee4     0x4  startup_stm32f429_439xx.o [1]
  .text               ro code  0x08002ee8     0x4  startup_stm32f429_439xx.o [1]
  .rodata             const    0x08002eec     0x0  zero_init3.o [5]
  .rodata             const    0x08002eec     0x0  copy_init3.o [5]
  Initializer bytes   ro data  0x08002eec    0x20  <for P2 s0>
                             - 0x08002f0c  0x2d60

"P2":                                       0xb70
  P2 s0                        0x20000000    0x20  <Init block>
    .data             inited   0x20000000    0x10  stm32f4xx_rcc.o [1]
    .data             inited   0x20000010     0x4  system_stm32f4xx.o [1]
    __DLIB_PERTHREAD  inited   0x20000014     0x4  strtok.o [3]
    __DLIB_PERTHREAD  inited   0x20000018     0x4  errno.o [3]
    .data             inited   0x2000001c     0x2  i2c.o [1]
    .data             inited   0x2000001e     0x1  main.o [1]
  .bss                zero     0x20000020    0x88  uart.o [1]
  .bss                zero     0x200000a8    0x88  uart.o [1]
  .bss                zero     0x20000130    0x88  uart.o [1]
  .bss                zero     0x200001b8    0x88  uart.o [1]
  .bss                zero     0x20000240    0x88  uart.o [1]
  .bss                zero     0x200002c8    0x88  uart.o [1]
  .bss                zero     0x20000350    0x88  uart.o [1]
  .bss                zero     0x200003d8    0x88  uart.o [1]
  .bss                zero     0x20000460    0x88  uart.o [1]
  .bss                zero     0x200004e8    0x88  uart.o [1]
  .bss                zero     0x20000570    0x88  uart.o [1]
  .bss                zero     0x200005f8    0x88  uart.o [1]
  .bss                zero     0x20000680    0x80  main.o [1]
  .bss                zero     0x20000700    0x28  uart.o [1]
  .bss                zero     0x20000728    0x20  main.o [1]
  .bss                zero     0x20000748    0x10  button.o [1]
  .bss                zero     0x20000758    0x10  button.o [1]
  .bss                zero     0x20000768     0x4  tick.o [1]
  .bss                zero     0x2000076c     0x2  main.o [1]
  .bss                zero     0x2000076e     0x1  uart.o [1]
  CSTACK                       0x20000770   0x400  <Block>
    CSTACK            uninit   0x20000770   0x400  <Block tail>
                             - 0x20000b70   0xb70


*******************************************************************************
*** INIT TABLE
***

          Address     Size
          -------     ----
Zero (__iar_zero_init3)
    1 destination range, total size 0x74f:
          0x20000020  0x74f

Copy (__iar_copy_init3)
    1 source range, total size 0x20 (103% of destination):
          0x08002eec   0x20
    1 destination range, total size 0x1f:
          0x20000000   0x1f



*******************************************************************************
*** MODULE SUMMARY
***

    Module                     ro code  ro data  rw data
    ------                     -------  -------  -------
C:\Users\Ryan\Documents\IAR Embedded Workbench\Origin\Template\EWARM\Template\Obj: [1]
    button.o                       118                32
    gpio.o                         228
    gps.o                          140        9
    i2c.o                        1 440        2        2
    main.o                         532        1      163
    misc.o                         124
    startup_stm32f429_439xx.o      844
    stm32f4xx_gpio.o               304
    stm32f4xx_i2c.o                638
    stm32f4xx_it.o                  24
    stm32f4xx_rcc.o                380       16       16
    stm32f4xx_usart.o              570
    system_stm32f4xx.o             340        4        4
    tick.o                          24                 4
    uart.o                       1 270             1 673
    ----------------------------------------------------
    Total:                       6 976       32    1 894

command line: [2]
    ----------------------------------------------------
    Total:

dl7M_tln.a: [3]
    errno.o                         12        4        4
    exit.o                           4
    low_level_init.o                 4
    strcspn.o                       34
    strspn.o                        34
    strtok.o                        76        4        4
    xstoflt.o                      436
    xstopfx.o                      304
    xstoxflt.o                     512
    xtls.o                           2
    ----------------------------------------------------
    Total:                       1 418        8        8

m7M_tlv.a: [4]
    DblAdd.o                       232
    DblCmpEq.o                      32
    DblDiv.o                       582
    DblMul.o                       418
    DblSub.o                       364
    I32ToDbl.o                      44
    atof.o                          16
    fpinit_M.o                      34
    xdnorm.o                        66
    xdscale.o                      276
    xdtento.o                      512
    xdunscal.o                      86
    xstod.o                        360
    ----------------------------------------------------
    Total:                       3 022

rt7M_tl.a: [5]
    ABImemcpy_unaligned.o          118
    cexit.o                         10
    cmain.o                         26
    copy_init3.o                    46
    cstartup_M.o                    12
    data_init.o                     40
    memchr.o                        88
    strcmp_unaligned.o              66
    strcpy_unaligned.o              68
    zero_init3.o                    34
    ----------------------------------------------------
    Total:                         508

shb_l.a: [6]
    exit.o                          20
    ----------------------------------------------------
    Total:                          20

    Gaps                            21        2
    Linker created                           37    1 024
--------------------------------------------------------
    Grand Total:                11 965       79    2 926


*******************************************************************************
*** ENTRY LIST
***

Entry                      Address   Size  Type      Object
-----                      -------   ----  ----      ------
?main                   0x08002cdd         Code  Gb  cmain.o [5]
APBAHBPrescTable        0x20000000   0x10  Data  Lc  stm32f4xx_rcc.o [1]
BusFault_Handler        0x08002d27    0x2  Code  Gb  stm32f4xx_it.o [1]
CSTACK$$Base            0x20000770          --   Gb  - Linker created -
CSTACK$$Limit           0x20000b70          --   Gb  - Linker created -
DebugMon_Handler        0x08002d2d    0x2  Code  Gb  stm32f4xx_it.o [1]
GPIO_Init               0x080008e1   0xaa  Code  Gb  stm32f4xx_gpio.o [1]
GPIO_PinAFConfig        0x080009b7   0x5a  Code  Gb  stm32f4xx_gpio.o [1]
GPIO_ReadInputDataBit   0x0800098b   0x1a  Code  Gb  stm32f4xx_gpio.o [1]
GPIO_ResetBits          0x080009a9    0x4  Code  Gb  stm32f4xx_gpio.o [1]
GPIO_SetBits            0x080009a5    0x4  Code  Gb  stm32f4xx_gpio.o [1]
GPIO_Start              0x0800192d   0xe4  Code  Gb  gpio.o [1]
GPIO_ToggleBits         0x080009ad    0xa  Code  Gb  stm32f4xx_gpio.o [1]
Get_I2C_Retry           0x08000719    0x6  Code  Gb  i2c.o [1]
HardFault_Handler       0x08002d23    0x2  Code  Gb  stm32f4xx_it.o [1]
I2C_AcknowledgeConfig   0x08000bdf   0x1c  Code  Gb  stm32f4xx_i2c.o [1]
I2C_ClearFlag           0x08000c81    0xe  Code  Gb  stm32f4xx_i2c.o [1]
I2C_Cmd                 0x08000b75   0x1c  Code  Gb  stm32f4xx_i2c.o [1]
I2C_DeInit              0x08000a11   0x58  Code  Gb  stm32f4xx_i2c.o [1]
I2C_GenerateSTART       0x08000b91   0x1c  Code  Gb  stm32f4xx_i2c.o [1]
I2C_GenerateSTOP        0x08000bad   0x1c  Code  Gb  stm32f4xx_i2c.o [1]
I2C_GetFlagStatus       0x08000c3b   0x46  Code  Gb  stm32f4xx_i2c.o [1]
I2C_Init                0x08000a69   0xf2  Code  Gb  stm32f4xx_i2c.o [1]
I2C_ReadRegister        0x08000c21   0x1a  Code  Gb  stm32f4xx_i2c.o [1]
I2C_ReceiveData         0x08000c1b    0x6  Code  Gb  stm32f4xx_i2c.o [1]
I2C_Send7bitAddress     0x08000bc9   0x16  Code  Gb  stm32f4xx_i2c.o [1]
I2C_SendData            0x08000c15    0x6  Code  Gb  stm32f4xx_i2c.o [1]
I2C_SoftwareResetCmd    0x08000bfb   0x1a  Code  Gb  stm32f4xx_i2c.o [1]
I2Cx_TIMEOUT_UserCallback
                        0x08000273   0x6e  Code  Lc  i2c.o [1]
I2cMaster_Init          0x080001c3   0xb0  Code  Gb  i2c.o [1]
InitButton              0x08001a11    0x6  Code  Gb  button.o [1]
MemManage_Handler       0x08002d25    0x2  Code  Gb  stm32f4xx_it.o [1]
NMI_Handler             0x08002d21    0x2  Code  Gb  stm32f4xx_it.o [1]
NVIC_Init               0x08001411   0x6a  Code  Gb  misc.o [1]
NVIC_SetPriority        0x08001719   0x26  Code  Lc  main.o [1]
PendSV_Handler          0x08002d2f    0x2  Code  Gb  stm32f4xx_it.o [1]
RCC_AHB1PeriphClockCmd  0x08000867   0x1e  Code  Gb  stm32f4xx_rcc.o [1]
RCC_APB1PeriphClockCmd  0x08000885   0x1e  Code  Gb  stm32f4xx_rcc.o [1]
RCC_APB1PeriphResetCmd  0x080008a3   0x1e  Code  Gb  stm32f4xx_rcc.o [1]
RCC_GetClocksFreq       0x08000765  0x102  Code  Gb  stm32f4xx_rcc.o [1]
RETRY_IN_MLSEC          0x2000001c    0x2  Data  Lc  i2c.o [1]
Region$$Table$$Base     0x08002cb8          --   Gb  - Linker created -
Region$$Table$$Limit    0x08002cdc          --   Gb  - Linker created -
ST_Sensors_I2C_ReadRegister
                        0x08000343  0x3d6  Code  Gb  i2c.o [1]
SVC_Handler             0x08002d2b    0x2  Code  Gb  stm32f4xx_it.o [1]
Sensors_I2C_ReadRegister
                        0x080002e1   0x62  Code  Gb  i2c.o [1]
SetSysClock             0x08002b6b   0xce  Code  Lc  system_stm32f4xx.o [1]
SysTick_Config          0x0800173f   0x30  Code  Lc  main.o [1]
SysTick_Handler         0x08002d31    0x8  Code  Gb  stm32f4xx_it.o [1]
SystemCoreClock         0x20000010    0x4  Data  Gb  system_stm32f4xx.o [1]
SystemInit              0x08002b19   0x52  Code  Gb  system_stm32f4xx.o [1]
UART4_IRQHandler        0x08000e9b   0x98  Code  Gb  uart.o [1]
UART4_Start             0x08000cbd   0xde  Code  Gb  uart.o [1]
UART5_IRQHandler        0x08000f33  0x1bc  Code  Gb  uart.o [1]
UART5_Start             0x08000d9b  0x100  Code  Gb  uart.o [1]
UART_Transmit           0x0800113d   0x4e  Code  Gb  uart.o [1]
USART_ClearFlag         0x08001371    0xc  Code  Gb  stm32f4xx_usart.o [1]
USART_ClearITPendingBit
                        0x080013eb   0x24  Code  Gb  stm32f4xx_usart.o [1]
USART_Cmd               0x080012d1   0x1c  Code  Gb  stm32f4xx_usart.o [1]
USART_GetFlagStatus     0x08001353   0x1e  Code  Gb  stm32f4xx_usart.o [1]
USART_GetITStatus       0x0800137d   0x6e  Code  Gb  stm32f4xx_usart.o [1]
USART_ITConfig          0x080012fd   0x56  Code  Gb  stm32f4xx_usart.o [1]
USART_Init              0x080011d5   0xee  Code  Gb  stm32f4xx_usart.o [1]
USART_ReceiveData       0x080012f5    0x8  Code  Gb  stm32f4xx_usart.o [1]
USART_SendData          0x080012ed    0x8  Code  Gb  stm32f4xx_usart.o [1]
UpdateButton            0x08001a17   0x5e  Code  Gb  button.o [1]
UsageFault_Handler      0x08002d29    0x2  Code  Gb  stm32f4xx_it.o [1]
_Stoflt                 0x08001f09  0x1b4  Code  Gb  xstoflt.o [3]
_Stopfx                 0x08001dd9  0x130  Code  Gb  xstopfx.o [3]
_Stoxflt                0x08002579  0x1cc  Code  Gb  xstoxflt.o [3]
_Strtok_ssave           0x20000014    0x4  Data  Lc  strtok.o [3]
__aeabi_cdcmpeq         0x08002a3d         Code  Gb  DblCmpEq.o [4]
__aeabi_dadd            0x0800228d         Code  Gb  DblAdd.o [4]
__aeabi_ddiv            0x080014d1         Code  Gb  DblDiv.o [4]
__aeabi_dmul            0x080020e9         Code  Gb  DblMul.o [4]
__aeabi_errno_addr      0x08002ab5    0x6  Code  Gb  errno.o [3]
__aeabi_i2d             0x080020bd         Code  Gb  I32ToDbl.o [4]
__cmain                 0x08002cdd         Code  Gb  cmain.o [5]
__exit                  0x08002d0d   0x14  Code  Gb  exit.o [6]
__iar_Dnorm             0x080029f9   0x42  Code  Gb  xdnorm.o [4]
__iar_Dscale            0x08002779  0x114  Code  Gb  xdscale.o [4]
__iar_Dtentox           0x080023d5  0x13e  Code  Gb  xdtento.o [4]
__iar_Dunscale          0x08002a5d   0x56  Code  Gb  xdunscal.o [4]
__iar_Errno             0x20000018    0x4  Data  Gb  errno.o [3]
__iar_Memchr            0x08002ac1         Code  Gb  memchr.o [5]
__iar_Stod              0x08001dd5    0x4  Code  Gb  xstod.o [4]
__iar_Stodx             0x08001c71  0x14e  Code  Gb  xstod.o [4]
__iar_copy_init3        0x08000c8f   0x2e  Code  Gb  copy_init3.o [5]
__iar_dadd              0x080022a1         Code  Gb  DblAdd.o [4]
__iar_data_init3        0x08002c6d   0x28  Code  Gb  data_init.o [5]
__iar_dlib_perthread_access
                        0x08001c2b    0x2  Code  Gb  xtls.o [3]
__iar_dsub              0x0800288d         Code  Gb  DblSub.o [4]
__iar_dsubStart         0x0800289f         Code  Gb  DblSub.o [4]
__iar_init_vfp          0x08002c95         Code  Gb  fpinit_M.o [4]
__iar_program_start     0x08002d49         Code  Gb  cstartup_M.o [5]
__iar_strcmp            0x08001bd9         Code  Gb  strcmp_unaligned.o [5]
__iar_ui2d              0x080020d1         Code  Gb  I32ToDbl.o [4]
__iar_unaligned___aeabi_memcpy
                        0x08001a89         Code  Gb  ABImemcpy_unaligned.o [5]
__iar_unaligned___aeabi_memcpy4
                        0x08001aa9         Code  Gb  ABImemcpy_unaligned.o [5]
__iar_unaligned___aeabi_memcpy8
                        0x08001aa9         Code  Gb  ABImemcpy_unaligned.o [5]
__iar_unaligned_strcmp  0x08001bd9         Code  Gb  strcmp_unaligned.o [5]
__iar_unaligned_strcpy  0x0800148d         Code  Gb  strcpy_unaligned.o [5]
__iar_vfp_atof          0x08001c1b   0x10  Code  Gb  atof.o [4]
__iar_zero_init3        0x080011b3   0x22  Code  Gb  zero_init3.o [5]
__low_level_init        0x08002cf7    0x4  Code  Gb  low_level_init.o [3]
__sys_tick_count        0x20000768    0x4  Data  Gb  tick.o [1]
__vector_table          0x08000000         Data  Gb  startup_stm32f429_439xx.o [1]
_call_main              0x08002ce9         Code  Gb  cmain.o [5]
_exit                   0x08002d01         Code  Gb  cexit.o [5]
_main                   0x08002cf3         Code  Gb  cmain.o [5]
buff_copy               0x0800118b   0x28  Code  Gb  uart.o [1]
button1                 0x20000748   0x10  Data  Gb  button.o [1]
button2                 0x20000758   0x10  Data  Gb  button.o [1]
buttonRisingEdge        0x08001a75   0x12  Code  Gb  button.o [1]
dmul                    0x08002379   0x5a  Code  Lc  xdtento.o [4]
exit                    0x08002cfb    0x4  Code  Gb  exit.o [3]
friends                 0x20000700   0x28  Data  Gb  uart.o [1]
getSysTick              0x08000759    0x6  Code  Gb  tick.o [1]
idFlag                  0x2000076e    0x1  Data  Gb  uart.o [1]
inData                  0x20000680   0x80  Data  Gb  main.o [1]
inImu                   0x20000728   0x20  Data  Gb  main.o [1]
incSysTick              0x0800074d    0xc  Code  Gb  tick.o [1]
len                     0x2000076c    0x2  Data  Gb  main.o [1]
main                    0x0800176f  0x172  Code  Gb  main.o [1]
mdelay                  0x080001ad   0x16  Code  Gb  i2c.o [1]
memchr                  0x08002ac1         Code  Gb  memchr.o [5]
mpuCmd                  0x2000001e    0x1  Data  Gb  main.o [1]
parseGPS                0x08001b01   0x8c  Code  Gb  gps.o [1]
pows                    0x08002530   0x48  Data  Lc  xdtento.o [4]
rx_buff                 0x20000020   0x88  Data  Gb  uart.o [1]
strcspn                 0x08001c4f   0x22  Code  Gb  strcspn.o [3]
strspn                  0x08001c2d   0x22  Code  Gb  strspn.o [3]
strtok                  0x08001b8d   0x4c  Code  Gb  strtok.o [3]
tx_buff                 0x200000a8   0x88  Data  Gb  uart.o [1]
tx_buff0                0x20000130   0x88  Data  Gb  uart.o [1]
tx_buff1                0x200001b8   0x88  Data  Gb  uart.o [1]
tx_buff2                0x20000240   0x88  Data  Gb  uart.o [1]
tx_buff3                0x200002c8   0x88  Data  Gb  uart.o [1]
tx_buff4                0x20000350   0x88  Data  Gb  uart.o [1]
tx_buff5                0x200003d8   0x88  Data  Gb  uart.o [1]
tx_buff6                0x20000460   0x88  Data  Gb  uart.o [1]
tx_buff7                0x200004e8   0x88  Data  Gb  uart.o [1]
tx_buff8                0x20000570   0x88  Data  Gb  uart.o [1]
tx_buff9                0x200005f8   0x88  Data  Gb  uart.o [1]


[1] = C:\Users\Ryan\Documents\IAR Embedded Workbench\Origin\Template\EWARM\Template\Obj
[2] = command line
[3] = dl7M_tln.a
[4] = m7M_tlv.a
[5] = rt7M_tl.a
[6] = shb_l.a

  11 965 bytes of readonly  code memory
      79 bytes of readonly  data memory
   2 926 bytes of readwrite data memory

Errors: none
Warnings: none
