###############################################################################
#
# IAR ELF Linker V7.30.1.7746/W32 for ARM                 22/Nov/2014  17:32:24
# Copyright 2007-2014 IAR Systems AB.
#
#    Output file  =  
#        C:\Users\Ryan\Documents\IAR Embedded
#        Workbench\Origin\Template\EWARM\Template\Exe\Template.out
#    Map file     =  
#        C:\Users\Ryan\Documents\IAR Embedded
#        Workbench\Origin\Template\EWARM\Template\List\Template.map
#    Command line =  
#        "C:\Users\Ryan\Documents\IAR Embedded
#        Workbench\Origin\Template\EWARM\Template\Obj\gpio.o"
#        "C:\Users\Ryan\Documents\IAR Embedded
#        Workbench\Origin\Template\EWARM\Template\Obj\main.o"
#        "C:\Users\Ryan\Documents\IAR Embedded
#        Workbench\Origin\Template\EWARM\Template\Obj\misc.o"
#        "C:\Users\Ryan\Documents\IAR Embedded
#        Workbench\Origin\Template\EWARM\Template\Obj\startup_stm32f429xx.o"
#        "C:\Users\Ryan\Documents\IAR Embedded
#        Workbench\Origin\Template\EWARM\Template\Obj\stm32f4xx_adc.o"
#        "C:\Users\Ryan\Documents\IAR Embedded
#        Workbench\Origin\Template\EWARM\Template\Obj\stm32f4xx_can.o"
#        "C:\Users\Ryan\Documents\IAR Embedded
#        Workbench\Origin\Template\EWARM\Template\Obj\stm32f4xx_crc.o"
#        "C:\Users\Ryan\Documents\IAR Embedded
#        Workbench\Origin\Template\EWARM\Template\Obj\stm32f4xx_cryp.o"
#        "C:\Users\Ryan\Documents\IAR Embedded
#        Workbench\Origin\Template\EWARM\Template\Obj\stm32f4xx_cryp_aes.o"
#        "C:\Users\Ryan\Documents\IAR Embedded
#        Workbench\Origin\Template\EWARM\Template\Obj\stm32f4xx_cryp_des.o"
#        "C:\Users\Ryan\Documents\IAR Embedded
#        Workbench\Origin\Template\EWARM\Template\Obj\stm32f4xx_cryp_tdes.o"
#        "C:\Users\Ryan\Documents\IAR Embedded
#        Workbench\Origin\Template\EWARM\Template\Obj\stm32f4xx_dac.o"
#        "C:\Users\Ryan\Documents\IAR Embedded
#        Workbench\Origin\Template\EWARM\Template\Obj\stm32f4xx_dbgmcu.o"
#        "C:\Users\Ryan\Documents\IAR Embedded
#        Workbench\Origin\Template\EWARM\Template\Obj\stm32f4xx_dcmi.o"
#        "C:\Users\Ryan\Documents\IAR Embedded
#        Workbench\Origin\Template\EWARM\Template\Obj\stm32f4xx_dma.o"
#        "C:\Users\Ryan\Documents\IAR Embedded
#        Workbench\Origin\Template\EWARM\Template\Obj\stm32f4xx_dma2d.o"
#        "C:\Users\Ryan\Documents\IAR Embedded
#        Workbench\Origin\Template\EWARM\Template\Obj\stm32f4xx_exti.o"
#        "C:\Users\Ryan\Documents\IAR Embedded
#        Workbench\Origin\Template\EWARM\Template\Obj\stm32f4xx_flash.o"
#        "C:\Users\Ryan\Documents\IAR Embedded
#        Workbench\Origin\Template\EWARM\Template\Obj\stm32f4xx_fmc.o"
#        "C:\Users\Ryan\Documents\IAR Embedded
#        Workbench\Origin\Template\EWARM\Template\Obj\stm32f4xx_gpio.o"
#        "C:\Users\Ryan\Documents\IAR Embedded
#        Workbench\Origin\Template\EWARM\Template\Obj\stm32f4xx_hash.o"
#        "C:\Users\Ryan\Documents\IAR Embedded
#        Workbench\Origin\Template\EWARM\Template\Obj\stm32f4xx_hash_md5.o"
#        "C:\Users\Ryan\Documents\IAR Embedded
#        Workbench\Origin\Template\EWARM\Template\Obj\stm32f4xx_hash_sha1.o"
#        "C:\Users\Ryan\Documents\IAR Embedded
#        Workbench\Origin\Template\EWARM\Template\Obj\stm32f4xx_i2c.o"
#        "C:\Users\Ryan\Documents\IAR Embedded
#        Workbench\Origin\Template\EWARM\Template\Obj\stm32f4xx_it.o"
#        "C:\Users\Ryan\Documents\IAR Embedded
#        Workbench\Origin\Template\EWARM\Template\Obj\stm32f4xx_iwdg.o"
#        "C:\Users\Ryan\Documents\IAR Embedded
#        Workbench\Origin\Template\EWARM\Template\Obj\stm32f4xx_ltdc.o"
#        "C:\Users\Ryan\Documents\IAR Embedded
#        Workbench\Origin\Template\EWARM\Template\Obj\stm32f4xx_pwr.o"
#        "C:\Users\Ryan\Documents\IAR Embedded
#        Workbench\Origin\Template\EWARM\Template\Obj\stm32f4xx_rcc.o"
#        "C:\Users\Ryan\Documents\IAR Embedded
#        Workbench\Origin\Template\EWARM\Template\Obj\stm32f4xx_rng.o"
#        "C:\Users\Ryan\Documents\IAR Embedded
#        Workbench\Origin\Template\EWARM\Template\Obj\stm32f4xx_rtc.o"
#        "C:\Users\Ryan\Documents\IAR Embedded
#        Workbench\Origin\Template\EWARM\Template\Obj\stm32f4xx_sai.o"
#        "C:\Users\Ryan\Documents\IAR Embedded
#        Workbench\Origin\Template\EWARM\Template\Obj\stm32f4xx_sdio.o"
#        "C:\Users\Ryan\Documents\IAR Embedded
#        Workbench\Origin\Template\EWARM\Template\Obj\stm32f4xx_spi.o"
#        "C:\Users\Ryan\Documents\IAR Embedded
#        Workbench\Origin\Template\EWARM\Template\Obj\stm32f4xx_syscfg.o"
#        "C:\Users\Ryan\Documents\IAR Embedded
#        Workbench\Origin\Template\EWARM\Template\Obj\stm32f4xx_tim.o"
#        "C:\Users\Ryan\Documents\IAR Embedded
#        Workbench\Origin\Template\EWARM\Template\Obj\stm32f4xx_usart.o"
#        "C:\Users\Ryan\Documents\IAR Embedded
#        Workbench\Origin\Template\EWARM\Template\Obj\stm32f4xx_wwdg.o"
#        "C:\Users\Ryan\Documents\IAR Embedded
#        Workbench\Origin\Template\EWARM\Template\Obj\system_stm32f4xx.o"
#        "C:\Users\Ryan\Documents\IAR Embedded
#        Workbench\Origin\Template\EWARM\Template\Obj\tick.o" --redirect
#        _Printf=_PrintfSmall --redirect _Scanf=_ScanfSmall -o
#        "C:\Users\Ryan\Documents\IAR Embedded
#        Workbench\Origin\Template\EWARM\Template\Exe\Template.out" --map
#        "C:\Users\Ryan\Documents\IAR Embedded
#        Workbench\Origin\Template\EWARM\Template\List\Template.map" --config
#        "C:\Users\Ryan\Documents\IAR Embedded
#        Workbench\Origin\Template\EWARM\stm32f4xx_flash.icf" --semihosting
#        --entry __iar_program_start --vfe
#
###############################################################################

*******************************************************************************
*** RUNTIME MODEL ATTRIBUTES
***

CppFlavor       = *
__SystemLibrary = DLib


*******************************************************************************
*** PLACEMENT SUMMARY
***

"A1":  place at 0x08000000 { ro section .intvec };
"P1":  place in [from 0x08000000 to 0x081fffff] { ro };
"P2":  place in [from 0x20000000 to 0x2002ffff] { rw, block CSTACK, block HEAP };

  Section            Kind        Address   Size  Object
  -------            ----        -------   ----  ------
"A1":                                     0x1ac
  .intvec            ro code  0x08000000  0x1ac  startup_stm32f429xx.o [1]
                            - 0x080001ac  0x1ac

"P1":                                     0x5f0
  .text              ro code  0x080001ac  0x152  gpio.o [1]
  .text              ro code  0x080002fe   0x2e  copy_init3.o [5]
  .text              ro code  0x0800032c   0x18  stm32f4xx_rcc.o [1]
  .text              ro code  0x08000344   0x7c  stm32f4xx_gpio.o [1]
  .text              ro code  0x080003c0   0xf0  system_stm32f4xx.o [1]
  .text              ro code  0x080004b0   0x84  main.o [1]
  .text              ro code  0x08000534   0x14  tick.o [1]
  .text              ro code  0x08000548   0x28  data_init.o [5]
  .text              ro code  0x08000570   0x22  fpinit_M.o [4]
  .iar.init_table    const    0x08000594   0x14  - Linker created -
  .text              ro code  0x080005a8   0x1a  cmain.o [5]
  .text              ro code  0x080005c2    0x4  low_level_init.o [3]
  .text              ro code  0x080005c6    0x4  exit.o [3]
  .text              ro code  0x080005cc    0xa  cexit.o [5]
  .text              ro code  0x080005d8   0x14  exit.o [6]
  .text              ro code  0x080005ec   0x14  stm32f4xx_it.o [1]
  .text              ro code  0x08000600   0x10  startup_stm32f429xx.o [1]
  .text              ro code  0x08000610    0xc  cstartup_M.o [5]
  .text              ro code  0x0800061c    0x4  startup_stm32f429xx.o [1]
  .text              ro code  0x08000620    0x4  startup_stm32f429xx.o [1]
  .text              ro code  0x08000624    0x4  startup_stm32f429xx.o [1]
  .text              ro code  0x08000628    0x4  startup_stm32f429xx.o [1]
  .text              ro code  0x0800062c    0x4  startup_stm32f429xx.o [1]
  .text              ro code  0x08000630    0x4  startup_stm32f429xx.o [1]
  .text              ro code  0x08000634    0x4  startup_stm32f429xx.o [1]
  .text              ro code  0x08000638    0x4  startup_stm32f429xx.o [1]
  .text              ro code  0x0800063c    0x4  startup_stm32f429xx.o [1]
  .text              ro code  0x08000640    0x4  startup_stm32f429xx.o [1]
  .text              ro code  0x08000644    0x4  startup_stm32f429xx.o [1]
  .text              ro code  0x08000648    0x4  startup_stm32f429xx.o [1]
  .text              ro code  0x0800064c    0x4  startup_stm32f429xx.o [1]
  .text              ro code  0x08000650    0x4  startup_stm32f429xx.o [1]
  .text              ro code  0x08000654    0x4  startup_stm32f429xx.o [1]
  .text              ro code  0x08000658    0x4  startup_stm32f429xx.o [1]
  .text              ro code  0x0800065c    0x4  startup_stm32f429xx.o [1]
  .text              ro code  0x08000660    0x4  startup_stm32f429xx.o [1]
  .text              ro code  0x08000664    0x4  startup_stm32f429xx.o [1]
  .text              ro code  0x08000668    0x4  startup_stm32f429xx.o [1]
  .text              ro code  0x0800066c    0x4  startup_stm32f429xx.o [1]
  .text              ro code  0x08000670    0x4  startup_stm32f429xx.o [1]
  .text              ro code  0x08000674    0x4  startup_stm32f429xx.o [1]
  .text              ro code  0x08000678    0x4  startup_stm32f429xx.o [1]
  .text              ro code  0x0800067c    0x4  startup_stm32f429xx.o [1]
  .text              ro code  0x08000680    0x4  startup_stm32f429xx.o [1]
  .text              ro code  0x08000684    0x4  startup_stm32f429xx.o [1]
  .text              ro code  0x08000688    0x4  startup_stm32f429xx.o [1]
  .text              ro code  0x0800068c    0x4  startup_stm32f429xx.o [1]
  .text              ro code  0x08000690    0x4  startup_stm32f429xx.o [1]
  .text              ro code  0x08000694    0x4  startup_stm32f429xx.o [1]
  .text              ro code  0x08000698    0x4  startup_stm32f429xx.o [1]
  .text              ro code  0x0800069c    0x4  startup_stm32f429xx.o [1]
  .text              ro code  0x080006a0    0x4  startup_stm32f429xx.o [1]
  .text              ro code  0x080006a4    0x4  startup_stm32f429xx.o [1]
  .text              ro code  0x080006a8    0x4  startup_stm32f429xx.o [1]
  .text              ro code  0x080006ac    0x4  startup_stm32f429xx.o [1]
  .text              ro code  0x080006b0    0x4  startup_stm32f429xx.o [1]
  .text              ro code  0x080006b4    0x4  startup_stm32f429xx.o [1]
  .text              ro code  0x080006b8    0x4  startup_stm32f429xx.o [1]
  .text              ro code  0x080006bc    0x4  startup_stm32f429xx.o [1]
  .text              ro code  0x080006c0    0x4  startup_stm32f429xx.o [1]
  .text              ro code  0x080006c4    0x4  startup_stm32f429xx.o [1]
  .text              ro code  0x080006c8    0x4  startup_stm32f429xx.o [1]
  .text              ro code  0x080006cc    0x4  startup_stm32f429xx.o [1]
  .text              ro code  0x080006d0    0x4  startup_stm32f429xx.o [1]
  .text              ro code  0x080006d4    0x4  startup_stm32f429xx.o [1]
  .text              ro code  0x080006d8    0x4  startup_stm32f429xx.o [1]
  .text              ro code  0x080006dc    0x4  startup_stm32f429xx.o [1]
  .text              ro code  0x080006e0    0x4  startup_stm32f429xx.o [1]
  .text              ro code  0x080006e4    0x4  startup_stm32f429xx.o [1]
  .text              ro code  0x080006e8    0x4  startup_stm32f429xx.o [1]
  .text              ro code  0x080006ec    0x4  startup_stm32f429xx.o [1]
  .text              ro code  0x080006f0    0x4  startup_stm32f429xx.o [1]
  .text              ro code  0x080006f4    0x4  startup_stm32f429xx.o [1]
  .text              ro code  0x080006f8    0x4  startup_stm32f429xx.o [1]
  .text              ro code  0x080006fc    0x4  startup_stm32f429xx.o [1]
  .text              ro code  0x08000700    0x4  startup_stm32f429xx.o [1]
  .text              ro code  0x08000704    0x4  startup_stm32f429xx.o [1]
  .text              ro code  0x08000708    0x4  startup_stm32f429xx.o [1]
  .text              ro code  0x0800070c    0x4  startup_stm32f429xx.o [1]
  .text              ro code  0x08000710    0x4  startup_stm32f429xx.o [1]
  .text              ro code  0x08000714    0x4  startup_stm32f429xx.o [1]
  .text              ro code  0x08000718    0x4  startup_stm32f429xx.o [1]
  .text              ro code  0x0800071c    0x4  startup_stm32f429xx.o [1]
  .text              ro code  0x08000720    0x4  startup_stm32f429xx.o [1]
  .text              ro code  0x08000724    0x4  startup_stm32f429xx.o [1]
  .text              ro code  0x08000728    0x4  startup_stm32f429xx.o [1]
  .text              ro code  0x0800072c    0x4  startup_stm32f429xx.o [1]
  .text              ro code  0x08000730    0x4  startup_stm32f429xx.o [1]
  .text              ro code  0x08000734    0x4  startup_stm32f429xx.o [1]
  .text              ro code  0x08000738    0x4  startup_stm32f429xx.o [1]
  .text              ro code  0x0800073c    0x4  startup_stm32f429xx.o [1]
  .text              ro code  0x08000740    0x4  startup_stm32f429xx.o [1]
  .text              ro code  0x08000744    0x4  startup_stm32f429xx.o [1]
  .text              ro code  0x08000748    0x4  startup_stm32f429xx.o [1]
  .text              ro code  0x0800074c    0x4  startup_stm32f429xx.o [1]
  .text              ro code  0x08000750    0x4  startup_stm32f429xx.o [1]
  .text              ro code  0x08000754    0x4  startup_stm32f429xx.o [1]
  .text              ro code  0x08000758    0x4  startup_stm32f429xx.o [1]
  .text              ro code  0x0800075c    0x4  startup_stm32f429xx.o [1]
  .text              ro code  0x08000760    0x4  startup_stm32f429xx.o [1]
  .text              ro code  0x08000764    0x4  startup_stm32f429xx.o [1]
  .text              ro code  0x08000768    0x4  startup_stm32f429xx.o [1]
  .text              ro code  0x0800076c    0x4  startup_stm32f429xx.o [1]
  .text              ro code  0x08000770    0x4  startup_stm32f429xx.o [1]
  .text              ro code  0x08000774    0x4  startup_stm32f429xx.o [1]
  .text              ro code  0x08000778    0x4  startup_stm32f429xx.o [1]
  .text              ro code  0x0800077c    0x4  startup_stm32f429xx.o [1]
  .text              ro code  0x08000780    0x4  startup_stm32f429xx.o [1]
  .rodata            const    0x08000784    0x0  copy_init3.o [5]
  Initializer bytes  ro data  0x08000784   0x18  <for P2 s0>
                            - 0x0800079c  0x5f0

"P2":                                     0x418
  P2 s0                       0x20000000   0x18  <Init block>
    .data            inited   0x20000000   0x14  system_stm32f4xx.o [1]
    .bss             inited   0x20000014    0x4  tick.o [1]
  CSTACK                      0x20000018  0x400  <Block>
    CSTACK           uninit   0x20000018  0x400  <Block tail>
                            - 0x20000418  0x418


*******************************************************************************
*** INIT TABLE
***

          Address     Size
          -------     ----
Copy (__iar_copy_init3)
    1 source range, total size 0x18:
          0x08000784  0x18
    1 destination range, total size 0x18:
          0x20000000  0x18



*******************************************************************************
*** MODULE SUMMARY
***

    Module                 ro code  ro data  rw data
    ------                 -------  -------  -------
C:\Users\Ryan\Documents\IAR Embedded Workbench\Origin\Template\EWARM\Template\Obj: [1]
    gpio.o                     338
    main.o                     132
    startup_stm32f429xx.o      804
    stm32f4xx_gpio.o           124
    stm32f4xx_it.o              20
    stm32f4xx_rcc.o             24
    system_stm32f4xx.o         240       20       20
    tick.o                      20        4        4
    ------------------------------------------------
    Total:                   1 702       24       24

command line: [2]
    ------------------------------------------------
    Total:

dl7M_tln.a: [3]
    exit.o                       4
    low_level_init.o             4
    ------------------------------------------------
    Total:                       8

m7M_tlv.a: [4]
    fpinit_M.o                  34
    ------------------------------------------------
    Total:                      34

rt7M_tl.a: [5]
    cexit.o                     10
    cmain.o                     26
    copy_init3.o                46
    cstartup_M.o                12
    data_init.o                 40
    ------------------------------------------------
    Total:                     134

shb_l.a: [6]
    exit.o                      20
    ------------------------------------------------
    Total:                      20

    Gaps                         4        2
    Linker created                       20    1 024
----------------------------------------------------
    Grand Total:             1 902       46    1 048


*******************************************************************************
*** ENTRY LIST
***

Entry                      Address  Size  Type      Object
-----                      -------  ----  ----      ------
?main                   0x080005a9        Code  Gb  cmain.o [5]
AHBPrescTable           0x20000000  0x10  Data  Gb  system_stm32f4xx.o [1]
BusFault_Handler        0x080005f3   0x2  Code  Gb  stm32f4xx_it.o [1]
CSTACK$$Base            0x20000018         --   Gb  - Linker created -
CSTACK$$Limit           0x20000418         --   Gb  - Linker created -
DebugMon_Handler        0x080005f9   0x2  Code  Gb  stm32f4xx_it.o [1]
GPIO_Init               0x08000345  0x70  Code  Gb  stm32f4xx_gpio.o [1]
GPIO_SetBits            0x080003b5   0x4  Code  Gb  stm32f4xx_gpio.o [1]
GPIO_Start              0x080001ad  0xe2  Code  Gb  gpio.o [1]
GPIO_ToggleBits         0x080003b9   0x8  Code  Gb  stm32f4xx_gpio.o [1]
HardFault_Handler       0x080005ef   0x2  Code  Gb  stm32f4xx_it.o [1]
MemManage_Handler       0x080005f1   0x2  Code  Gb  stm32f4xx_it.o [1]
NMI_Handler             0x080005ed   0x2  Code  Gb  stm32f4xx_it.o [1]
PendSV_Handler          0x080005fb   0x2  Code  Gb  stm32f4xx_it.o [1]
RCC_AHB1PeriphClockCmd  0x0800032d  0x12  Code  Gb  stm32f4xx_rcc.o [1]
Region$$Table$$Base     0x08000594         --   Gb  - Linker created -
Region$$Table$$Limit    0x080005a8         --   Gb  - Linker created -
SVC_Handler             0x080005f7   0x2  Code  Gb  stm32f4xx_it.o [1]
SysTick_Handler         0x080005fd   0x4  Code  Gb  stm32f4xx_it.o [1]
SystemCoreClock         0x20000010   0x4  Data  Gb  system_stm32f4xx.o [1]
SystemInit              0x080003c1  0xce  Code  Gb  system_stm32f4xx.o [1]
UsageFault_Handler      0x080005f5   0x2  Code  Gb  stm32f4xx_it.o [1]
__cmain                 0x080005a9        Code  Gb  cmain.o [5]
__exit                  0x080005d9  0x14  Code  Gb  exit.o [6]
__iar_copy_init3        0x080002ff  0x2e  Code  Gb  copy_init3.o [5]
__iar_data_init3        0x08000549  0x28  Code  Gb  data_init.o [5]
__iar_init_vfp          0x08000571        Code  Gb  fpinit_M.o [4]
__iar_program_start     0x08000611        Code  Gb  cstartup_M.o [5]
__low_level_init        0x080005c3   0x4  Code  Gb  low_level_init.o [3]
__sys_tick_count        0x20000014   0x4  Data  Gb  tick.o [1]
__vector_table          0x08000000        Data  Gb  startup_stm32f429xx.o [1]
_call_main              0x080005b5        Code  Gb  cmain.o [5]
_exit                   0x080005cd        Code  Gb  cexit.o [5]
_main                   0x080005bf        Code  Gb  cmain.o [5]
exit                    0x080005c7   0x4  Code  Gb  exit.o [3]
getSysTick              0x0800053f   0x6  Code  Gb  tick.o [1]
incSysTick              0x08000535   0xa  Code  Gb  tick.o [1]
main                    0x080004b1  0x84  Code  Gb  main.o [1]


[1] = C:\Users\Ryan\Documents\IAR Embedded Workbench\Origin\Template\EWARM\Template\Obj
[2] = command line
[3] = dl7M_tln.a
[4] = m7M_tlv.a
[5] = rt7M_tl.a
[6] = shb_l.a

  1 902 bytes of readonly  code memory
     46 bytes of readonly  data memory
  1 048 bytes of readwrite data memory

Errors: none
Warnings: none
