###############################################################################
#
# IAR ELF Linker V7.30.1.7746/W32 for ARM                 02/Dec/2014  11:04:31
# Copyright 2007-2014 IAR Systems AB.
#
#    Output file  =  
#        C:\Users\Ryan\Documents\IAR Embedded
#        Workbench\Origin\Projects\EWARM\Template\Exe\Template.out
#    Map file     =  
#        C:\Users\Ryan\Documents\IAR Embedded
#        Workbench\Origin\Projects\EWARM\Template\List\Template.map
#    Command line =  
#        "C:\Users\Ryan\Documents\IAR Embedded
#        Workbench\Origin\Projects\EWARM\Template\Obj\adc.o"
#        "C:\Users\Ryan\Documents\IAR Embedded
#        Workbench\Origin\Projects\EWARM\Template\Obj\Button.o"
#        "C:\Users\Ryan\Documents\IAR Embedded
#        Workbench\Origin\Projects\EWARM\Template\Obj\data_builder.o"
#        "C:\Users\Ryan\Documents\IAR Embedded
#        Workbench\Origin\Projects\EWARM\Template\Obj\eMPL_outputs.o"
#        "C:\Users\Ryan\Documents\IAR Embedded
#        Workbench\Origin\Projects\EWARM\Template\Obj\fonts.o"
#        "C:\Users\Ryan\Documents\IAR Embedded
#        Workbench\Origin\Projects\EWARM\Template\Obj\gpio.o"
#        "C:\Users\Ryan\Documents\IAR Embedded
#        Workbench\Origin\Projects\EWARM\Template\Obj\gps.o"
#        "C:\Users\Ryan\Documents\IAR Embedded
#        Workbench\Origin\Projects\EWARM\Template\Obj\gui.o"
#        "C:\Users\Ryan\Documents\IAR Embedded
#        Workbench\Origin\Projects\EWARM\Template\Obj\hal_outputs.o"
#        "C:\Users\Ryan\Documents\IAR Embedded
#        Workbench\Origin\Projects\EWARM\Template\Obj\i2c.o"
#        "C:\Users\Ryan\Documents\IAR Embedded
#        Workbench\Origin\Projects\EWARM\Template\Obj\imu.o"
#        "C:\Users\Ryan\Documents\IAR Embedded
#        Workbench\Origin\Projects\EWARM\Template\Obj\inv_mpu.o"
#        "C:\Users\Ryan\Documents\IAR Embedded
#        Workbench\Origin\Projects\EWARM\Template\Obj\inv_mpu_dmp_motion_driver.o"
#        "C:\Users\Ryan\Documents\IAR Embedded
#        Workbench\Origin\Projects\EWARM\Template\Obj\lcd.o"
#        "C:\Users\Ryan\Documents\IAR Embedded
#        Workbench\Origin\Projects\EWARM\Template\Obj\log_stm32.o"
#        "C:\Users\Ryan\Documents\IAR Embedded
#        Workbench\Origin\Projects\EWARM\Template\Obj\main.o"
#        "C:\Users\Ryan\Documents\IAR Embedded
#        Workbench\Origin\Projects\EWARM\Template\Obj\message_layer.o"
#        "C:\Users\Ryan\Documents\IAR Embedded
#        Workbench\Origin\Projects\EWARM\Template\Obj\misc.o"
#        "C:\Users\Ryan\Documents\IAR Embedded
#        Workbench\Origin\Projects\EWARM\Template\Obj\ml_math_func.o"
#        "C:\Users\Ryan\Documents\IAR Embedded
#        Workbench\Origin\Projects\EWARM\Template\Obj\mpl.o"
#        "C:\Users\Ryan\Documents\IAR Embedded
#        Workbench\Origin\Projects\EWARM\Template\Obj\results_holder.o"
#        "C:\Users\Ryan\Documents\IAR Embedded
#        Workbench\Origin\Projects\EWARM\Template\Obj\spi.o"
#        "C:\Users\Ryan\Documents\IAR Embedded
#        Workbench\Origin\Projects\EWARM\Template\Obj\start_manager.o"
#        "C:\Users\Ryan\Documents\IAR Embedded
#        Workbench\Origin\Projects\EWARM\Template\Obj\startup_stm32f429_439xx.o"
#        "C:\Users\Ryan\Documents\IAR Embedded
#        Workbench\Origin\Projects\EWARM\Template\Obj\stm32f429i_discovery_lcd.o"
#        "C:\Users\Ryan\Documents\IAR Embedded
#        Workbench\Origin\Projects\EWARM\Template\Obj\stm32f429i_discovery_sdram.o"
#        "C:\Users\Ryan\Documents\IAR Embedded
#        Workbench\Origin\Projects\EWARM\Template\Obj\stm32f4xx_adc.o"
#        "C:\Users\Ryan\Documents\IAR Embedded
#        Workbench\Origin\Projects\EWARM\Template\Obj\stm32f4xx_can.o"
#        "C:\Users\Ryan\Documents\IAR Embedded
#        Workbench\Origin\Projects\EWARM\Template\Obj\stm32f4xx_crc.o"
#        "C:\Users\Ryan\Documents\IAR Embedded
#        Workbench\Origin\Projects\EWARM\Template\Obj\stm32f4xx_cryp.o"
#        "C:\Users\Ryan\Documents\IAR Embedded
#        Workbench\Origin\Projects\EWARM\Template\Obj\stm32f4xx_cryp_aes.o"
#        "C:\Users\Ryan\Documents\IAR Embedded
#        Workbench\Origin\Projects\EWARM\Template\Obj\stm32f4xx_cryp_des.o"
#        "C:\Users\Ryan\Documents\IAR Embedded
#        Workbench\Origin\Projects\EWARM\Template\Obj\stm32f4xx_cryp_tdes.o"
#        "C:\Users\Ryan\Documents\IAR Embedded
#        Workbench\Origin\Projects\EWARM\Template\Obj\stm32f4xx_dac.o"
#        "C:\Users\Ryan\Documents\IAR Embedded
#        Workbench\Origin\Projects\EWARM\Template\Obj\stm32f4xx_dbgmcu.o"
#        "C:\Users\Ryan\Documents\IAR Embedded
#        Workbench\Origin\Projects\EWARM\Template\Obj\stm32f4xx_dcmi.o"
#        "C:\Users\Ryan\Documents\IAR Embedded
#        Workbench\Origin\Projects\EWARM\Template\Obj\stm32f4xx_dma.o"
#        "C:\Users\Ryan\Documents\IAR Embedded
#        Workbench\Origin\Projects\EWARM\Template\Obj\stm32f4xx_dma2d.o"
#        "C:\Users\Ryan\Documents\IAR Embedded
#        Workbench\Origin\Projects\EWARM\Template\Obj\stm32f4xx_exti.o"
#        "C:\Users\Ryan\Documents\IAR Embedded
#        Workbench\Origin\Projects\EWARM\Template\Obj\stm32f4xx_flash.o"
#        "C:\Users\Ryan\Documents\IAR Embedded
#        Workbench\Origin\Projects\EWARM\Template\Obj\stm32f4xx_fmc.o"
#        "C:\Users\Ryan\Documents\IAR Embedded
#        Workbench\Origin\Projects\EWARM\Template\Obj\stm32f4xx_gpio.o"
#        "C:\Users\Ryan\Documents\IAR Embedded
#        Workbench\Origin\Projects\EWARM\Template\Obj\stm32f4xx_hash.o"
#        "C:\Users\Ryan\Documents\IAR Embedded
#        Workbench\Origin\Projects\EWARM\Template\Obj\stm32f4xx_hash_md5.o"
#        "C:\Users\Ryan\Documents\IAR Embedded
#        Workbench\Origin\Projects\EWARM\Template\Obj\stm32f4xx_hash_sha1.o"
#        "C:\Users\Ryan\Documents\IAR Embedded
#        Workbench\Origin\Projects\EWARM\Template\Obj\stm32f4xx_i2c.o"
#        "C:\Users\Ryan\Documents\IAR Embedded
#        Workbench\Origin\Projects\EWARM\Template\Obj\stm32f4xx_it.o"
#        "C:\Users\Ryan\Documents\IAR Embedded
#        Workbench\Origin\Projects\EWARM\Template\Obj\stm32f4xx_iwdg.o"
#        "C:\Users\Ryan\Documents\IAR Embedded
#        Workbench\Origin\Projects\EWARM\Template\Obj\stm32f4xx_ltdc.o"
#        "C:\Users\Ryan\Documents\IAR Embedded
#        Workbench\Origin\Projects\EWARM\Template\Obj\stm32f4xx_pwr.o"
#        "C:\Users\Ryan\Documents\IAR Embedded
#        Workbench\Origin\Projects\EWARM\Template\Obj\stm32f4xx_rcc.o"
#        "C:\Users\Ryan\Documents\IAR Embedded
#        Workbench\Origin\Projects\EWARM\Template\Obj\stm32f4xx_rng.o"
#        "C:\Users\Ryan\Documents\IAR Embedded
#        Workbench\Origin\Projects\EWARM\Template\Obj\stm32f4xx_rtc.o"
#        "C:\Users\Ryan\Documents\IAR Embedded
#        Workbench\Origin\Projects\EWARM\Template\Obj\stm32f4xx_sai.o"
#        "C:\Users\Ryan\Documents\IAR Embedded
#        Workbench\Origin\Projects\EWARM\Template\Obj\stm32f4xx_sdio.o"
#        "C:\Users\Ryan\Documents\IAR Embedded
#        Workbench\Origin\Projects\EWARM\Template\Obj\stm32f4xx_spi.o"
#        "C:\Users\Ryan\Documents\IAR Embedded
#        Workbench\Origin\Projects\EWARM\Template\Obj\stm32f4xx_syscfg.o"
#        "C:\Users\Ryan\Documents\IAR Embedded
#        Workbench\Origin\Projects\EWARM\Template\Obj\stm32f4xx_tim.o"
#        "C:\Users\Ryan\Documents\IAR Embedded
#        Workbench\Origin\Projects\EWARM\Template\Obj\stm32f4xx_usart.o"
#        "C:\Users\Ryan\Documents\IAR Embedded
#        Workbench\Origin\Projects\EWARM\Template\Obj\stm32f4xx_wwdg.o"
#        "C:\Users\Ryan\Documents\IAR Embedded
#        Workbench\Origin\Projects\EWARM\Template\Obj\storage_manager.o"
#        "C:\Users\Ryan\Documents\IAR Embedded
#        Workbench\Origin\Projects\EWARM\Template\Obj\system_stm32f4xx.o"
#        "C:\Users\Ryan\Documents\IAR Embedded
#        Workbench\Origin\Projects\EWARM\Template\Obj\tick.o"
#        "C:\Users\Ryan\Documents\IAR Embedded
#        Workbench\Origin\Projects\EWARM\Template\Obj\uart.o" --redirect
#        _Printf=_PrintfSmall --redirect _Scanf=_ScanfSmall -o
#        "C:\Users\Ryan\Documents\IAR Embedded
#        Workbench\Origin\Projects\EWARM\Template\Exe\Template.out" --map
#        "C:\Users\Ryan\Documents\IAR Embedded
#        Workbench\Origin\Projects\EWARM\Template\List\Template.map" --config
#        "C:\Users\Ryan\Documents\IAR Embedded
#        Workbench\Origin\Projects\EWARM\stm32f4xx_flash.icf" --semihosting
#        "C:\Users\Ryan\Documents\IAR Embedded
#        Workbench\Origin\Projects\EWARM\..\..\Drivers\core\mpl\libmpllib.a"
#        --entry __iar_program_start --vfe
#
###############################################################################

*******************************************************************************
*** MESSAGES
***

Warning[Lt009]: Inconsistent wchar_t size
          C:\Users\Ryan\Documents\IAR Embedded
                    Workbench\Origin\Projects\EWARM\Template\Obj\adc.o and 115
                    other objects have wchar_t size 16 bits
          fusion_9axis.o(libmpllib.a) and 6 other objects have wchar_t size 32
                    bits


*******************************************************************************
*** RUNTIME MODEL ATTRIBUTES
***

CppFlavor       = *
__SystemLibrary = DLib


*******************************************************************************
*** PLACEMENT SUMMARY
***

"A1":  place at 0x08000000 { ro section .intvec };
"P1":  place in [from 0x08000000 to 0x081fffff] { ro };
"P2":  place in [from 0x20000000 to 0x2002ffff] { rw, block CSTACK, block HEAP };

  Section             Kind        Address     Size  Object
  -------             ----        -------     ----  ------
"A1":                                        0x1b0
  .intvec             ro code  0x08000000    0x1ac  startup_stm32f429_439xx.o [1]
                             - 0x080001ac    0x1ac

"P1":                                      0x15a2c
  .text               ro code  0x080001b0   0x2320  compass_vec_cal.o [4]
  .text               ro code  0x080024d0    0xc88  data_builder.o [1]
  .text               ro code  0x08003158     0x2c  I32ToDbl.o [5]
  .text               ro code  0x08003184      0xc  DblLogLt.o [5]
  .text               ro code  0x08003190      0xc  DblLogGt.o [5]
  .text               ro code  0x0800319c    0x1a2  DblMul.o [5]
  .text               ro code  0x0800333e     0x2e  copy_init3.o [6]
  .text               ro code  0x0800336c    0x180  DblSub.o [5]
  .text               ro code  0x080034ec     0xe8  DblAdd.o [5]
  .text               ro code  0x080035d4      0xe  U32ToFlt.o [5]
  .text               ro code  0x080035e2     0x12  FltMul.o [5]
  .text               ro code  0x080035f4     0x12  cosf.o [5]
  .text               ro code  0x08003606     0x22  zero_init3.o [6]
  .text               ro code  0x08003628      0xe  FltLogEq.o [5]
  .text               ro code  0x08003636      0xa  xsprout.o [3]
  .text               ro code  0x08003640     0x4e  FltToDbl.o [5]
  .text               ro code  0x0800368e      0x6  log.o [5]
  .text               ro code  0x08003694     0x90  DblToFlt.o [5]
  .text               ro code  0x08003724     0x2c  sqrtf.o [5]
  .text               ro code  0x08003750      0xe  DblLogEq.o [5]
  .rodata             const    0x0800375e      0x2  inv_mpu_dmp_motion_driver.o [1]
  .text               ro code  0x08003760    0x246  DblDiv.o [5]
  .rodata             const    0x080039a6      0x1  gps.o [1]
  .text               ro code  0x080039a8     0xf0  sqrt.o [5]
  .text               ro code  0x08003a98    0x788  ml_math_func.o [1]
  .text               ro code  0x08004220      0xe  S32ToFlt.o [5]
  .text               ro code  0x0800422e     0x12  FltAdd.o [5]
  .text               ro code  0x08004240    0x3b0  results_holder.o [1]
  .text               ro code  0x080045f0      0xe  FltToS32.o [5]
  .text               ro code  0x080045fe     0x14  memset.o [3]
  .text               ro code  0x08004612      0xc  memcpy.o [3]
  .text               ro code  0x08004620    0xdb0  accel_auto_cal.o [4]
  .text               ro code  0x080053d0    0x638  mag_disturb.o [4]
  .text               ro code  0x08005a08     0x4c  DblToI32.o [5]
  .text               ro code  0x08005a54    0x132  I64DivMod.o [6]
  .text               ro code  0x08005b88     0xdc  start_manager.o [1]
  .text               ro code  0x08005c64     0x76  ABImemcpy_unaligned.o [6]
  .text               ro code  0x08005cdc     0x66  ABImemset.o [6]
  .text               ro code  0x08005d44     0xac  storage_manager.o [1]
  .text               ro code  0x08005df0     0x62  memcmp_unaligned.o [6]
  .text               ro code  0x08005e54     0x38  message_layer.o [1]
  .text               ro code  0x08005e8c    0x326  log_stm32.o [1]
  .text               ro code  0x080061b4     0x2e  DblCmpLe.o [5]
  .text               ro code  0x080061e4     0x2e  DblCmpGe.o [5]
  .text               ro code  0x08006214    0x16c  xfsin.o [5]
  .text               ro code  0x08006380     0x1c  FltCmpEq.o [5]
  .text               ro code  0x0800639c    0x2e8  xlog.o [5]
  .text               ro code  0x08006684      0xc  iarEdom.o [6]
  .text               ro code  0x08006690     0x20  DblCmpEq.o [5]
  .text               ro code  0x080066b0     0x6e  atan2f.o [5]
  .text               ro code  0x0800671e     0x12  FltDiv.o [5]
  .text               ro code  0x08006730      0x6  cos.o [5]
  .text               ro code  0x08006738      0xc  FltLogLt.o [5]
  .text               ro code  0x08006744      0xc  FltLogGt.o [5]
  .text               ro code  0x08006750      0xe  FltLogGe.o [5]
  .text               ro code  0x08006760    0x118  hal_outputs.o [1]
  .text               ro code  0x08006878     0x12  FltSub.o [5]
  .text               ro code  0x0800688c      0xe  FltLogLe.o [5]
  .text               ro code  0x0800689c      0xe  DblLogLe.o [5]
  .text               ro code  0x080068aa      0xc  memmove.o [6]
  .text               ro code  0x080068b8    0xd44  fast_no_motion.o [4]
  .text               ro code  0x080075fc     0x62  I64ToFlt.o [5]
  .text               ro code  0x08007660     0x74  acosf.o [5]
  .text               ro code  0x080076d4      0x2  I64DivZer.o [6]
  .text               ro code  0x080076d8     0x78  ABImemmove_unaligned.o [6]
  .text               ro code  0x08007750     0x2c  vsprintf.o [3]
  .text               ro code  0x0800777c      0xc  errno.o [3]
  .text               ro code  0x08007788     0xec  xfquad.o [5]
  .text               ro code  0x08007874     0x42  xdnorm.o [5]
  .text               ro code  0x080078b8     0xa4  xatanf.o [5]
  .text               ro code  0x0800795c    0x460  xsin.o [5]
  .text               ro code  0x08007dbc     0x24  FltCmpLe.o [5]
  .text               ro code  0x08007de0     0x24  FltCmpGe.o [5]
  .text               ro code  0x08007e04     0x76  FltToS64.o [5]
  .text               ro code  0x08007e7c    0x4d8  xprintfsmall.o [3]
  .text               ro code  0x08008354      0x2  xtls.o [3]
  .text               ro code  0x08008356     0x50  xfdint.o [5]
  .text               ro code  0x080083a8    0x13c  fmodf.o [5]
  .text               ro code  0x080084e4    0x168  xquad.o [5]
  .text               ro code  0x0800864c     0x16  strchr.o [6]
  .text               ro code  0x08008664     0x36  strlen.o [6]
  .text               ro code  0x0800869c     0x58  memchr.o [6]
  .text               ro code  0x080086f4     0x7e  xdint.o [5]
  .text               ro code  0x08008774    0x1a8  fmod.o [5]
  .rodata             const    0x0800891c   0x1dc4  fonts.o [1]
  .text               ro code  0x0800a6e0   0x1b64  inv_mpu.o [1]
  .text               ro code  0x0800c244    0x760  i2c.o [1]
  .text               ro code  0x0800c9a4     0x3a  tick.o [1]
  .text               ro code  0x0800c9e0    0x2a0  stm32f4xx_rcc.o [1]
  .text               ro code  0x0800cc80    0x13e  stm32f4xx_gpio.o [1]
  .text               ro code  0x0800cdc0    0x27e  stm32f4xx_i2c.o [1]
  .rodata             const    0x0800d040   0x11d0  fonts.o [1]
  .rodata             const    0x0800e210    0xbf8  inv_mpu_dmp_motion_driver.o [1]
  .text               ro code  0x0800ee08    0xb60  inv_mpu_dmp_motion_driver.o [1]
  .text               ro code  0x0800f968    0xa78  quaternion_supervisor.o [4]
  .text               ro code  0x080103e0     0x12  sinf.o [5]
  .text               ro code  0x080103f4    0x996  stm32f429i_discovery_lcd.o [1]
  .text               ro code  0x08010d8c    0x338  stm32f4xx_ltdc.o [1]
  .text               ro code  0x080110c4    0x190  stm32f4xx_dma2d.o [1]
  .text               ro code  0x08011254    0x13c  stm32f4xx_spi.o [1]
  .text               ro code  0x08011390    0x6e0  fusion_9axis.o [4]
  .text               ro code  0x08011a70    0x632  main.o [1]
  .text               ro code  0x080120a4    0x138  gpio.o [1]
  .text               ro code  0x080121dc     0xc4  adc.o [1]
  .text               ro code  0x080122a0     0xd4  spi.o [1]
  .text               ro code  0x08012374    0x4f6  uart.o [1]
  .text               ro code  0x0801286c    0x4f4  imu.o [1]
  .text               ro code  0x08012d60     0x76  Button.o [1]
  .text               ro code  0x08012dd8    0x248  lcd.o [1]
  .text               ro code  0x08013020    0x202  gui.o [1]
  .text               ro code  0x08013224    0x5a0  eMPL_outputs.o [1]
  .text               ro code  0x080137c4     0x12  sin.o [5]
  .text               ro code  0x080137d6     0x12  cos.o [5]
  .text               ro code  0x080137e8     0x8c  gps.o [1]
  .text               ro code  0x08013874    0x1ec  stm32f4xx_adc.o [1]
  .text               ro code  0x08013a60    0x23a  stm32f4xx_usart.o [1]
  .text               ro code  0x08013c9c     0x7c  misc.o [1]
  .text               ro code  0x08013d18     0x44  strcpy_unaligned.o [6]
  .text               ro code  0x08013d5c     0xb0  mpl.o [1]
  .text               ro code  0x08013e0c    0x5e8  gyro_tc.o [4]
  .text               ro code  0x080143f4     0x54  stm32f4xx_syscfg.o [1]
  .text               ro code  0x08014448     0xa4  stm32f4xx_exti.o [1]
  .text               ro code  0x080144ec    0x35c  stm32f429i_discovery_sdram.o [1]
  .text               ro code  0x08014848     0x4c  strtok.o [3]
  .text               ro code  0x08014894     0x42  strcmp_unaligned.o [6]
  .text               ro code  0x080148d6     0x10  atof.o [5]
  .text               ro code  0x080148e8    0x19c  stm32f4xx_fmc.o [1]
  .text               ro code  0x08014a84     0x22  strspn.o [3]
  .text               ro code  0x08014aa6     0x22  strcspn.o [3]
  .text               ro code  0x08014ac8    0x168  xstod.o [5]
  .text               ro code  0x08014c30    0x130  xstopfx.o [3]
  .text               ro code  0x08014d60    0x1b4  xstoflt.o [3]
  .rodata             const    0x08014f14     0x44  data_builder.o [1]
  .text               ro code  0x08014f58    0x200  xdtento.o [5]
  .text               ro code  0x08015158    0x200  xstoxflt.o [3]
  .text               ro code  0x08015358    0x114  xdscale.o [5]
  .text               ro code  0x0801546c     0x56  xdunscal.o [5]
  .text               ro code  0x080154c4    0x154  system_stm32f4xx.o [1]
  .rodata             const    0x08015618     0x50  mpl.o [1]
  .rodata             const    0x08015668     0x30  inv_mpu.o [1]
  .rodata             const    0x08015698     0x2c  imu.o [1]
  .rodata             const    0x080156c4     0x2c  inv_mpu.o [1]
  .text               ro code  0x080156f0     0x28  stm32f4xx_it.o [1]
  .text               ro code  0x08015718     0x28  data_init.o [6]
  .rodata             const    0x08015740     0x24  imu.o [1]
  .text               ro code  0x08015764     0x22  fpinit_M.o [5]
  .iar.init_table     const    0x08015788     0x24  - Linker created -
  .rodata             const    0x080157ac     0x1c  imu.o [1]
  .rodata             const    0x080157c8     0x1c  imu.o [1]
  .rodata             const    0x080157e4     0x1c  imu.o [1]
  .text               ro code  0x08015800     0x1a  cmain.o [6]
  .text               ro code  0x0801581a      0x4  low_level_init.o [3]
  .text               ro code  0x0801581e      0x4  exit.o [3]
  .text               ro code  0x08015824      0xa  cexit.o [6]
  .text               ro code  0x08015830     0x14  exit.o [7]
  .rodata             const    0x08015844     0x18  mpl.o [1]
  .rodata             const    0x0801585c     0x14  imu.o [1]
  .rodata             const    0x08015870     0x14  imu.o [1]
  .rodata             const    0x08015884     0x14  imu.o [1]
  .rodata             const    0x08015898     0x14  inv_mpu.o [1]
  .rodata             const    0x080158ac     0x10  inv_mpu.o [1]
  .rodata             const    0x080158bc     0x10  mpl.o [1]
  .rodata             const    0x080158cc     0x10  mpl.o [1]
  .text               ro code  0x080158dc     0x10  startup_stm32f429_439xx.o [1]
  .rodata             const    0x080158ec      0xc  imu.o [1]
  .rodata             const    0x080158f8      0xc  imu.o [1]
  .rodata             const    0x08015904      0xc  imu.o [1]
  .rodata             const    0x08015910      0xc  imu.o [1]
  .rodata             const    0x0801591c      0xc  imu.o [1]
  .rodata             const    0x08015928      0xc  inv_mpu_dmp_motion_driver.o [1]
  .rodata             const    0x08015934      0xc  inv_mpu_dmp_motion_driver.o [1]
  .rodata             const    0x08015940      0xc  inv_mpu_dmp_motion_driver.o [1]
  .rodata.str1.4      const    0x0801594c      0xc  quaternion_supervisor.o [4]
  .text               ro code  0x08015958      0xc  cstartup_M.o [6]
  .rodata             const    0x08015964      0x8  gps.o [1]
  .rodata             const    0x0801596c      0x8  imu.o [1]
  .rodata             const    0x08015974      0x8  imu.o [1]
  .rodata             const    0x0801597c      0x8  imu.o [1]
  .rodata             const    0x08015984      0x8  imu.o [1]
  .rodata             const    0x0801598c      0x8  imu.o [1]
  .rodata             const    0x08015994      0x8  imu.o [1]
  .rodata             const    0x0801599c      0x8  imu.o [1]
  .rodata             const    0x080159a4      0x4  inv_mpu_dmp_motion_driver.o [1]
  .rodata             const    0x080159a8      0x4  inv_mpu_dmp_motion_driver.o [1]
  .rodata             const    0x080159ac      0x4  inv_mpu_dmp_motion_driver.o [1]
  .rodata             const    0x080159b0      0x4  inv_mpu_dmp_motion_driver.o [1]
  .text               ro code  0x080159b4      0x4  startup_stm32f429_439xx.o [1]
  .text               ro code  0x080159b8      0x4  startup_stm32f429_439xx.o [1]
  .text               ro code  0x080159bc      0x4  startup_stm32f429_439xx.o [1]
  .text               ro code  0x080159c0      0x4  startup_stm32f429_439xx.o [1]
  .text               ro code  0x080159c4      0x4  startup_stm32f429_439xx.o [1]
  .text               ro code  0x080159c8      0x4  startup_stm32f429_439xx.o [1]
  .text               ro code  0x080159cc      0x4  startup_stm32f429_439xx.o [1]
  .text               ro code  0x080159d0      0x4  startup_stm32f429_439xx.o [1]
  .text               ro code  0x080159d4      0x4  startup_stm32f429_439xx.o [1]
  .text               ro code  0x080159d8      0x4  startup_stm32f429_439xx.o [1]
  .text               ro code  0x080159dc      0x4  startup_stm32f429_439xx.o [1]
  .text               ro code  0x080159e0      0x4  startup_stm32f429_439xx.o [1]
  .text               ro code  0x080159e4      0x4  startup_stm32f429_439xx.o [1]
  .text               ro code  0x080159e8      0x4  startup_stm32f429_439xx.o [1]
  .text               ro code  0x080159ec      0x4  startup_stm32f429_439xx.o [1]
  .text               ro code  0x080159f0      0x4  startup_stm32f429_439xx.o [1]
  .text               ro code  0x080159f4      0x4  startup_stm32f429_439xx.o [1]
  .text               ro code  0x080159f8      0x4  startup_stm32f429_439xx.o [1]
  .text               ro code  0x080159fc      0x4  startup_stm32f429_439xx.o [1]
  .text               ro code  0x08015a00      0x4  startup_stm32f429_439xx.o [1]
  .text               ro code  0x08015a04      0x4  startup_stm32f429_439xx.o [1]
  .text               ro code  0x08015a08      0x4  startup_stm32f429_439xx.o [1]
  .text               ro code  0x08015a0c      0x4  startup_stm32f429_439xx.o [1]
  .text               ro code  0x08015a10      0x4  startup_stm32f429_439xx.o [1]
  .text               ro code  0x08015a14      0x4  startup_stm32f429_439xx.o [1]
  .text               ro code  0x08015a18      0x4  startup_stm32f429_439xx.o [1]
  .text               ro code  0x08015a1c      0x4  startup_stm32f429_439xx.o [1]
  .text               ro code  0x08015a20      0x4  startup_stm32f429_439xx.o [1]
  .text               ro code  0x08015a24      0x4  startup_stm32f429_439xx.o [1]
  .text               ro code  0x08015a28      0x4  startup_stm32f429_439xx.o [1]
  .text               ro code  0x08015a2c      0x4  startup_stm32f429_439xx.o [1]
  .text               ro code  0x08015a30      0x4  startup_stm32f429_439xx.o [1]
  .text               ro code  0x08015a34      0x4  startup_stm32f429_439xx.o [1]
  .text               ro code  0x08015a38      0x4  startup_stm32f429_439xx.o [1]
  .text               ro code  0x08015a3c      0x4  startup_stm32f429_439xx.o [1]
  .text               ro code  0x08015a40      0x4  startup_stm32f429_439xx.o [1]
  .text               ro code  0x08015a44      0x4  startup_stm32f429_439xx.o [1]
  .text               ro code  0x08015a48      0x4  startup_stm32f429_439xx.o [1]
  .text               ro code  0x08015a4c      0x4  startup_stm32f429_439xx.o [1]
  .text               ro code  0x08015a50      0x4  startup_stm32f429_439xx.o [1]
  .text               ro code  0x08015a54      0x4  startup_stm32f429_439xx.o [1]
  .text               ro code  0x08015a58      0x4  startup_stm32f429_439xx.o [1]
  .text               ro code  0x08015a5c      0x4  startup_stm32f429_439xx.o [1]
  .text               ro code  0x08015a60      0x4  startup_stm32f429_439xx.o [1]
  .text               ro code  0x08015a64      0x4  startup_stm32f429_439xx.o [1]
  .text               ro code  0x08015a68      0x4  startup_stm32f429_439xx.o [1]
  .text               ro code  0x08015a6c      0x4  startup_stm32f429_439xx.o [1]
  .text               ro code  0x08015a70      0x4  startup_stm32f429_439xx.o [1]
  .text               ro code  0x08015a74      0x4  startup_stm32f429_439xx.o [1]
  .text               ro code  0x08015a78      0x4  startup_stm32f429_439xx.o [1]
  .text               ro code  0x08015a7c      0x4  startup_stm32f429_439xx.o [1]
  .text               ro code  0x08015a80      0x4  startup_stm32f429_439xx.o [1]
  .text               ro code  0x08015a84      0x4  startup_stm32f429_439xx.o [1]
  .text               ro code  0x08015a88      0x4  startup_stm32f429_439xx.o [1]
  .text               ro code  0x08015a8c      0x4  startup_stm32f429_439xx.o [1]
  .text               ro code  0x08015a90      0x4  startup_stm32f429_439xx.o [1]
  .text               ro code  0x08015a94      0x4  startup_stm32f429_439xx.o [1]
  .text               ro code  0x08015a98      0x4  startup_stm32f429_439xx.o [1]
  .text               ro code  0x08015a9c      0x4  startup_stm32f429_439xx.o [1]
  .text               ro code  0x08015aa0      0x4  startup_stm32f429_439xx.o [1]
  .text               ro code  0x08015aa4      0x4  startup_stm32f429_439xx.o [1]
  .text               ro code  0x08015aa8      0x4  startup_stm32f429_439xx.o [1]
  .text               ro code  0x08015aac      0x4  startup_stm32f429_439xx.o [1]
  .text               ro code  0x08015ab0      0x4  startup_stm32f429_439xx.o [1]
  .text               ro code  0x08015ab4      0x4  startup_stm32f429_439xx.o [1]
  .text               ro code  0x08015ab8      0x4  startup_stm32f429_439xx.o [1]
  .text               ro code  0x08015abc      0x4  startup_stm32f429_439xx.o [1]
  .text               ro code  0x08015ac0      0x4  startup_stm32f429_439xx.o [1]
  .text               ro code  0x08015ac4      0x4  startup_stm32f429_439xx.o [1]
  .text               ro code  0x08015ac8      0x4  startup_stm32f429_439xx.o [1]
  .text               ro code  0x08015acc      0x4  startup_stm32f429_439xx.o [1]
  .text               ro code  0x08015ad0      0x4  startup_stm32f429_439xx.o [1]
  .text               ro code  0x08015ad4      0x4  startup_stm32f429_439xx.o [1]
  .text               ro code  0x08015ad8      0x4  startup_stm32f429_439xx.o [1]
  .text               ro code  0x08015adc      0x4  startup_stm32f429_439xx.o [1]
  .text               ro code  0x08015ae0      0x4  startup_stm32f429_439xx.o [1]
  .text               ro code  0x08015ae4      0x4  startup_stm32f429_439xx.o [1]
  .text               ro code  0x08015ae8      0x4  startup_stm32f429_439xx.o [1]
  .text               ro code  0x08015aec      0x4  startup_stm32f429_439xx.o [1]
  .text               ro code  0x08015af0      0x4  startup_stm32f429_439xx.o [1]
  .text               ro code  0x08015af4      0x4  startup_stm32f429_439xx.o [1]
  .text               ro code  0x08015af8      0x4  startup_stm32f429_439xx.o [1]
  .text               ro code  0x08015afc      0x4  startup_stm32f429_439xx.o [1]
  .text               ro code  0x08015b00      0x4  startup_stm32f429_439xx.o [1]
  .text               ro code  0x08015b04      0x4  startup_stm32f429_439xx.o [1]
  .text               ro code  0x08015b08      0x4  startup_stm32f429_439xx.o [1]
  .text               ro code  0x08015b0c      0x4  startup_stm32f429_439xx.o [1]
  .text               ro code  0x08015b10      0x4  startup_stm32f429_439xx.o [1]
  .text               ro code  0x08015b14      0x4  startup_stm32f429_439xx.o [1]
  .text               ro code  0x08015b18      0x4  startup_stm32f429_439xx.o [1]
  .text               ro code  0x08015b1c      0x4  startup_stm32f429_439xx.o [1]
  .text               ro code  0x08015b20      0x4  startup_stm32f429_439xx.o [1]
  .text               ro code  0x08015b24      0x4  startup_stm32f429_439xx.o [1]
  .text               ro code  0x08015b28      0x4  startup_stm32f429_439xx.o [1]
  .text               ro code  0x08015b2c      0x4  startup_stm32f429_439xx.o [1]
  .text               ro code  0x08015b30      0x4  startup_stm32f429_439xx.o [1]
  .text               ro code  0x08015b34      0x4  startup_stm32f429_439xx.o [1]
  .text               ro code  0x08015b38      0x4  startup_stm32f429_439xx.o [1]
  .text               ro code  0x08015b3c      0x4  startup_stm32f429_439xx.o [1]
  .text               ro code  0x08015b40      0x4  startup_stm32f429_439xx.o [1]
  .rodata             const    0x08015b44      0x0  zero_init3.o [6]
  .rodata             const    0x08015b44      0x0  copy_init3.o [6]
  Initializer bytes   ro data  0x08015b44     0x98  <for P2 s0>
                             - 0x08015bdc  0x15a2c

"P2":                                       0x2298
  P2 s0                        0x20000000     0x98  <Init block>
    .data             inited   0x20000000     0x38  inv_mpu.o [1]
    .data             inited   0x20000038     0x10  stm32f4xx_rcc.o [1]
    .data             inited   0x20000048      0xc  imu.o [1]
    .data             inited   0x20000054      0xc  imu.o [1]
    .data             inited   0x20000060      0xc  compass_vec_cal.o [4]
    .data             inited   0x2000006c      0x8  fonts.o [1]
    .data             inited   0x20000074      0x8  fonts.o [1]
    .data             inited   0x2000007c      0x4  imu.o [1]
    .data             inited   0x20000080      0x4  stm32f429i_discovery_lcd.o [1]
    .data             inited   0x20000084      0x4  system_stm32f4xx.o [1]
    __DLIB_PERTHREAD  inited   0x20000088      0x4  strtok.o [3]
    __DLIB_PERTHREAD  inited   0x2000008c      0x4  errno.o [3]
    .data             inited   0x20000090      0x2  gui.o [1]
    .data             inited   0x20000092      0x2  gui.o [1]
    .data             inited   0x20000094      0x2  i2c.o [1]
  .bss                zero     0x20000098    0x4b8  accel_auto_cal.o [4]
  .bss                zero     0x20000550    0x260  fast_no_motion.o [4]
  .bss                zero     0x200007b0    0x1d0  data_builder.o [1]
  .bss                zero     0x20000980    0x1c4  gyro_tc.o [4]
  .bss                zero     0x20000b44     0x6c  quaternion_supervisor.o [4]
  .bss                zero     0x20000bb0    0x1a8  compass_vec_cal.o [4]
  .bss                zero     0x20000d58    0x198  storage_manager.o [1]
  .bss                zero     0x20000ef0    0x140  data_builder.o [1]
  .bss                zero     0x20001030    0x138  fusion_9axis.o [4]
  .bss                zero     0x20001168     0xe8  compass_vec_cal.o [4]
  .bss                zero     0x20001250     0xe8  compass_vec_cal.o [4]
  .bss                zero     0x20001338     0xe8  compass_vec_cal.o [4]
  .bss                zero     0x20001420     0xd0  hal_outputs.o [1]
  .bss                zero     0x200014f0     0xb8  mag_disturb.o [4]
  .bss                zero     0x200015a8     0x90  results_holder.o [1]
  .bss                zero     0x20001638     0x88  uart.o [1]
  .bss                zero     0x200016c0     0x88  uart.o [1]
  .bss                zero     0x20001748     0x88  uart.o [1]
  .bss                zero     0x200017d0     0x88  uart.o [1]
  .bss                zero     0x20001858     0x88  uart.o [1]
  .bss                zero     0x200018e0     0x88  uart.o [1]
  .bss                zero     0x20001968     0x88  uart.o [1]
  .bss                zero     0x200019f0     0x88  uart.o [1]
  .bss                zero     0x20001a78     0x88  uart.o [1]
  .bss                zero     0x20001b00     0x88  uart.o [1]
  .bss                zero     0x20001b88     0x88  uart.o [1]
  .bss                zero     0x20001c10     0x88  uart.o [1]
  .bss                zero     0x20001c98     0x80  main.o [1]
  .bss                zero     0x20001d18     0x54  start_manager.o [1]
  .bss                zero     0x20001d6c     0x24  imu.o [1]
  .bss                zero     0x20001d90     0x40  fast_no_motion.o [4]
  .bss                zero     0x20001dd0     0x30  eMPL_outputs.o [1]
  .bss                zero     0x20001e00     0x28  uart.o [1]
  .bss                zero     0x20001e28     0x10  Button.o [1]
  .bss                zero     0x20001e38     0x10  Button.o [1]
  .bss                zero     0x20001e48     0x10  inv_mpu_dmp_motion_driver.o [1]
  .bss                zero     0x20001e58      0xc  main.o [1]
  .bss                zero     0x20001e64      0x4  gui.o [1]
  .bss                zero     0x20001e68      0x8  main.o [1]
  .bss                zero     0x20001e70      0x8  main.o [1]
  .bss                zero     0x20001e78      0x4  imu.o [1]
  .bss                zero     0x20001e7c      0x4  main.o [1]
  .bss                zero     0x20001e80      0x4  message_layer.o [1]
  .bss                zero     0x20001e84      0x4  stm32f429i_discovery_lcd.o [1]
  .bss                zero     0x20001e88      0x4  stm32f429i_discovery_lcd.o [1]
  .bss                zero     0x20001e8c      0x4  tick.o [1]
  .bss                zero     0x20001e90      0x2  main.o [1]
  .bss                zero     0x20001e92      0x2  stm32f429i_discovery_lcd.o [1]
  .bss                zero     0x20001e94      0x1  main.o [1]
  .bss                zero     0x20001e95      0x1  main.o [1]
  .bss                zero     0x20001e96      0x1  main.o [1]
  .bss                zero     0x20001e97      0x1  uart.o [1]
  CSTACK                       0x20001e98    0x400  <Block>
    CSTACK            uninit   0x20001e98    0x400  <Block tail>
                             - 0x20002298   0x2298


*******************************************************************************
*** INIT TABLE
***

          Address     Size
          -------     ----
Zero (__iar_zero_init3)
    1 destination range, total size 0x1e00:
          0x20000098  0x1e00

Copy (__iar_copy_init3)
    1 source range, total size 0x98 (101% of destination):
          0x08015b44    0x98
    1 destination range, total size 0x96:
          0x20000000    0x96



*******************************************************************************
*** MODULE SUMMARY
***

    Module                        ro code  ro data  rw data
    ------                        -------  -------  -------
C:\Users\Ryan\Documents\IAR Embedded Workbench\Origin\Projects\EWARM\Template\Obj: [1]
    Button.o                          118                32
    adc.o                             196
    data_builder.o                  3 208       68      784
    eMPL_outputs.o                  1 440                48
    fonts.o                                 12 196       16
    gpio.o                            312
    gps.o                             140        9
    gui.o                             514        4        8
    hal_outputs.o                     280               208
    i2c.o                           1 888        2        2
    imu.o                           1 268      368       68
    inv_mpu.o                       7 012      184       56
    inv_mpu_dmp_motion_driver.o     2 912    3 118       16
    lcd.o                             584
    log_stm32.o                       806
    main.o                          1 586               165
    message_layer.o                    56                 4
    misc.o                            124
    ml_math_func.o                  1 928
    mpl.o                             176      136
    results_holder.o                  944               144
    spi.o                             212
    start_manager.o                   220                84
    startup_stm32f429_439xx.o         844
    stm32f429i_discovery_lcd.o      2 454        4       14
    stm32f429i_discovery_sdram.o      860
    stm32f4xx_adc.o                   492
    stm32f4xx_dma2d.o                 400
    stm32f4xx_exti.o                  164
    stm32f4xx_fmc.o                   412
    stm32f4xx_gpio.o                  318
    stm32f4xx_i2c.o                   638
    stm32f4xx_it.o                     40
    stm32f4xx_ltdc.o                  824
    stm32f4xx_rcc.o                   672       16       16
    stm32f4xx_spi.o                   316
    stm32f4xx_syscfg.o                 84
    stm32f4xx_usart.o                 570
    storage_manager.o                 172               408
    system_stm32f4xx.o                340        4        4
    tick.o                             58                 4
    uart.o                          1 270             1 673
    -------------------------------------------------------
    Total:                         36 852   16 109    3 754

command line: [2]
    -------------------------------------------------------
    Total:

dl7M_tln.a: [3]
    errno.o                            12        4        4
    exit.o                              4
    low_level_init.o                    4
    memcpy.o                           12
    memset.o                           20
    strcspn.o                          34
    strspn.o                           34
    strtok.o                           76        4        4
    vsprintf.o                         44
    xprintfsmall.o                  1 240
    xsprout.o                          10
    xstoflt.o                         436
    xstopfx.o                         304
    xstoxflt.o                        512
    xtls.o                              2
    -------------------------------------------------------
    Total:                          2 744        8        8

libmpllib.a: [4]
    accel_auto_cal.o                3 504             1 208
    compass_vec_cal.o               8 992       12    1 132
    fast_no_motion.o                3 396               672
    fusion_9axis.o                  1 760               312
    gyro_tc.o                       1 512               452
    mag_disturb.o                   1 592               184
    quaternion_supervisor.o         2 680       12      108
    -------------------------------------------------------
    Total:                         23 436       24    4 068

m7M_tlv.a: [5]
    DblAdd.o                          232
    DblCmpEq.o                         32
    DblCmpGe.o                         46
    DblCmpLe.o                         46
    DblDiv.o                          582
    DblLogEq.o                         14
    DblLogGt.o                         12
    DblLogLe.o                         14
    DblLogLt.o                         12
    DblMul.o                          418
    DblSub.o                          384
    DblToFlt.o                        144
    DblToI32.o                         76
    FltAdd.o                           18
    FltCmpEq.o                         28
    FltCmpGe.o                         36
    FltCmpLe.o                         36
    FltDiv.o                           18
    FltLogEq.o                         14
    FltLogGe.o                         14
    FltLogGt.o                         12
    FltLogLe.o                         14
    FltLogLt.o                         12
    FltMul.o                           18
    FltSub.o                           18
    FltToDbl.o                         78
    FltToS32.o                         14
    FltToS64.o                        118
    I32ToDbl.o                         44
    I64ToFlt.o                         98
    S32ToFlt.o                         14
    U32ToFlt.o                         14
    acosf.o                           116
    atan2f.o                          110
    atof.o                             16
    cos.o                              24
    cosf.o                             18
    fmod.o                            424
    fmodf.o                           316
    fpinit_M.o                         34
    log.o                               6
    sin.o                              18
    sinf.o                             18
    sqrt.o                            240
    sqrtf.o                            44
    xatanf.o                          164
    xdint.o                           126
    xdnorm.o                           66
    xdscale.o                         276
    xdtento.o                         512
    xdunscal.o                         86
    xfdint.o                           80
    xfquad.o                          236
    xfsin.o                           364
    xlog.o                            744
    xquad.o                           360
    xsin.o                          1 120
    xstod.o                           360
    -------------------------------------------------------
    Total:                          8 508

rt7M_tl.a: [6]
    ABImemcpy_unaligned.o             118
    ABImemmove_unaligned.o            120
    ABImemset.o                       102
    I64DivMod.o                       306
    I64DivZer.o                         2
    cexit.o                            10
    cmain.o                            26
    copy_init3.o                       46
    cstartup_M.o                       12
    data_init.o                        40
    iarEdom.o                          12
    memchr.o                           88
    memcmp_unaligned.o                 98
    memmove.o                          12
    strchr.o                           22
    strcmp_unaligned.o                 66
    strcpy_unaligned.o                 68
    strlen.o                           54
    zero_init3.o                       34
    -------------------------------------------------------
    Total:                          1 236

shb_l.a: [7]
    exit.o                             20
    -------------------------------------------------------
    Total:                             20

    Gaps                               69        4
    Linker created                              38    1 024
-----------------------------------------------------------
    Grand Total:                   72 865   16 183    8 854


*******************************************************************************
*** ENTRY LIST
***

Entry                      Address    Size  Type      Object
-----                      -------    ----  ----      ------
?main                   0x08015801          Code  Gb  cmain.o [6]
ADC_Cmd                 0x08013917    0x1a  Code  Gb  stm32f4xx_adc.o [1]
ADC_CommonInit          0x080138e3    0x22  Code  Gb  stm32f4xx_adc.o [1]
ADC_CommonStructInit    0x08013905    0x12  Code  Gb  stm32f4xx_adc.o [1]
ADC_ContinuousModeCmd   0x08013a31    0x1a  Code  Gb  stm32f4xx_adc.o [1]
ADC_GetConversionValue  0x08013a4b     0x6  Code  Gb  stm32f4xx_adc.o [1]
ADC_Init                0x08013875    0x50  Code  Gb  stm32f4xx_adc.o [1]
ADC_RegularChannelConfig
                        0x08013931    0xf6  Code  Gb  stm32f4xx_adc.o [1]
ADC_SoftwareStartConv   0x08013a27     0xa  Code  Gb  stm32f4xx_adc.o [1]
ADC_Start               0x080121dd    0x7c  Code  Gb  adc.o [1]
ADC_StructInit          0x080138c5    0x1e  Code  Gb  stm32f4xx_adc.o [1]
APBAHBPrescTable        0x20000038    0x10  Data  Lc  stm32f4xx_rcc.o [1]
ASCII16x24_Table        0x0800d040  0x11d0  Data  Gb  fonts.o [1]
Avenir                  0x20000074     0x8  Data  Gb  fonts.o [1]
Avenir_Table            0x0800891c  0x1dc4  Data  Gb  fonts.o [1]
BusFault_Handler        0x080156f7     0x2  Code  Gb  stm32f4xx_it.o [1]
CSTACK$$Base            0x20001e98           --   Gb  - Linker created -
CSTACK$$Limit           0x20002298           --   Gb  - Linker created -
ComputeAngleVelocity    0x0800554d    0x54  Code  Gb  mag_disturb.o [4]
CurrentFrameBuffer      0x20000080     0x4  Data  Lc  stm32f429i_discovery_lcd.o [1]
CurrentLayer            0x20001e88     0x4  Data  Lc  stm32f429i_discovery_lcd.o [1]
CurrentTextColor        0x20001e92     0x2  Data  Lc  stm32f429i_discovery_lcd.o [1]
DMA2D_DeInit            0x080110c5    0x18  Code  Gb  stm32f4xx_dma2d.o [1]
DMA2D_GetFlagStatus     0x08011219    0x1a  Code  Gb  stm32f4xx_dma2d.o [1]
DMA2D_Init              0x080110dd   0x12e  Code  Gb  stm32f4xx_dma2d.o [1]
DMA2D_StartTransfer     0x0801120b     0xe  Code  Gb  stm32f4xx_dma2d.o [1]
DebugMon_Handler        0x080156fd     0x2  Code  Gb  stm32f4xx_it.o [1]
EXTI15_10_IRQHandler    0x08015709    0x10  Code  Gb  stm32f4xx_it.o [1]
EXTI_ClearITPendingBit  0x080144d1     0x6  Code  Gb  stm32f4xx_exti.o [1]
EXTI_Init               0x08014449    0x88  Code  Gb  stm32f4xx_exti.o [1]
FMC_GetFlagStatus       0x08014a15    0x4e  Code  Gb  stm32f4xx_fmc.o [1]
FMC_SDRAMCmdConfig      0x080149e9    0x1e  Code  Gb  stm32f4xx_fmc.o [1]
FMC_SDRAMInit           0x080148e9   0x100  Code  Gb  stm32f4xx_fmc.o [1]
FMC_SetRefreshCount     0x08014a07     0xe  Code  Gb  stm32f4xx_fmc.o [1]
Flash_Start             0x080122a1    0xc6  Code  Gb  spi.o [1]
Font16x24               0x2000006c     0x8  Data  Gb  fonts.o [1]
GPIO_Init               0x0800cc81    0xaa  Code  Gb  stm32f4xx_gpio.o [1]
GPIO_PinAFConfig        0x0800cd65    0x5a  Code  Gb  stm32f4xx_gpio.o [1]
GPIO_ReadInputDataBit   0x0800cd2b    0x1a  Code  Gb  stm32f4xx_gpio.o [1]
GPIO_ResetBits          0x0800cd49     0x4  Code  Gb  stm32f4xx_gpio.o [1]
GPIO_SetBits            0x0800cd45     0x4  Code  Gb  stm32f4xx_gpio.o [1]
GPIO_Start              0x080120a5   0x138  Code  Gb  gpio.o [1]
GPIO_ToggleBits         0x0800cd5b     0xa  Code  Gb  stm32f4xx_gpio.o [1]
GPIO_WriteBit           0x0800cd4d     0xe  Code  Gb  stm32f4xx_gpio.o [1]
GUI_ClearForeground     0x0801306b    0x10  Code  Gb  gui.o [1]
GUI_ClearNode           0x080130ab    0x36  Code  Gb  gui.o [1]
GUI_DrawBackground      0x08013021    0x4a  Code  Gb  gui.o [1]
GUI_DrawBattery         0x08013199    0x8a  Code  Gb  gui.o [1]
GUI_DrawNodexy          0x080130e1    0xa6  Code  Gb  gui.o [1]
GUI_InitNode            0x0801307b    0x30  Code  Gb  gui.o [1]
Get_I2C_Retry           0x0800c971     0x6  Code  Gb  i2c.o [1]
HardFault_Handler       0x080156f3     0x2  Code  Gb  stm32f4xx_it.o [1]
I2C_AcknowledgeConfig   0x0800cf8f    0x1c  Code  Gb  stm32f4xx_i2c.o [1]
I2C_ClearFlag           0x0800d031     0xe  Code  Gb  stm32f4xx_i2c.o [1]
I2C_Cmd                 0x0800cf25    0x1c  Code  Gb  stm32f4xx_i2c.o [1]
I2C_DeInit              0x0800cdc1    0x58  Code  Gb  stm32f4xx_i2c.o [1]
I2C_GenerateSTART       0x0800cf41    0x1c  Code  Gb  stm32f4xx_i2c.o [1]
I2C_GenerateSTOP        0x0800cf5d    0x1c  Code  Gb  stm32f4xx_i2c.o [1]
I2C_GetFlagStatus       0x0800cfeb    0x46  Code  Gb  stm32f4xx_i2c.o [1]
I2C_Init                0x0800ce19    0xf2  Code  Gb  stm32f4xx_i2c.o [1]
I2C_ReadRegister        0x0800cfd1    0x1a  Code  Gb  stm32f4xx_i2c.o [1]
I2C_ReceiveData         0x0800cfcb     0x6  Code  Gb  stm32f4xx_i2c.o [1]
I2C_Send7bitAddress     0x0800cf79    0x16  Code  Gb  stm32f4xx_i2c.o [1]
I2C_SendData            0x0800cfc5     0x6  Code  Gb  stm32f4xx_i2c.o [1]
I2C_SoftwareResetCmd    0x0800cfab    0x1a  Code  Gb  stm32f4xx_i2c.o [1]
I2Cx_TIMEOUT_UserCallback
                        0x0800c2f5    0x6e  Code  Lc  i2c.o [1]
I2cMaster_Init          0x0800c245    0xb0  Code  Gb  i2c.o [1]
IMU_Int_Start           0x08012a19    0x7a  Code  Gb  imu.o [1]
InitButton              0x08012d61     0x6  Code  Gb  Button.o [1]
LCD_AF_GPIOConfig       0x08012ebf   0x148  Code  Gb  lcd.o [1]
LCD_ChipSelect          0x080104a1    0x22  Code  Gb  stm32f429i_discovery_lcd.o [1]
LCD_Clear               0x080104ff    0x1c  Code  Gb  stm32f429i_discovery_lcd.o [1]
LCD_Config              0x08012dd9    0xe6  Code  Gb  lcd.o [1]
LCD_CtrlLinesConfig     0x08010c3f    0x4a  Code  Gb  stm32f429i_discovery_lcd.o [1]
LCD_CtrlLinesWrite      0x08010c89    0x18  Code  Gb  stm32f429i_discovery_lcd.o [1]
LCD_Currentfonts        0x20001e64     0x4  Data  Lc  gui.o [1]
LCD_Currentfonts        0x20001e84     0x4  Data  Lc  stm32f429i_discovery_lcd.o [1]
LCD_DrawChar            0x0801051b    0xd0  Code  Gb  stm32f429i_discovery_lcd.o [1]
LCD_DrawCircle          0x080106ab    0xd2  Code  Gb  stm32f429i_discovery_lcd.o [1]
LCD_DrawFullCircle      0x08010855    0xca  Code  Gb  stm32f429i_discovery_lcd.o [1]
LCD_DrawFullRect        0x08010785    0xb0  Code  Gb  stm32f429i_discovery_lcd.o [1]
LCD_DrawLine            0x080105eb    0xc0  Code  Gb  stm32f429i_discovery_lcd.o [1]
LCD_LayerInit           0x080103f5    0xac  Code  Gb  stm32f429i_discovery_lcd.o [1]
LCD_PowerOn             0x080109b3   0x28c  Code  Gb  stm32f429i_discovery_lcd.o [1]
LCD_SPIConfig           0x08010ca1    0xba  Code  Gb  stm32f429i_discovery_lcd.o [1]
LCD_SetFont             0x080104f7     0x8  Code  Gb  stm32f429i_discovery_lcd.o [1]
LCD_SetLayer            0x080104c3    0x2c  Code  Gb  stm32f429i_discovery_lcd.o [1]
LCD_SetTextColor        0x080104ef     0x8  Code  Gb  stm32f429i_discovery_lcd.o [1]
LCD_WriteCommand        0x0801091f    0x4a  Code  Gb  stm32f429i_discovery_lcd.o [1]
LCD_WriteData           0x08010969    0x4a  Code  Gb  stm32f429i_discovery_lcd.o [1]
LTDC_Cmd                0x08010ef5    0x2a  Code  Gb  stm32f4xx_ltdc.o [1]
LTDC_DitherCmd          0x08010f1f    0x2a  Code  Gb  stm32f4xx_ltdc.o [1]
LTDC_Init               0x08010d8d   0x168  Code  Gb  stm32f4xx_ltdc.o [1]
LTDC_LayerCmd           0x08011081    0x1a  Code  Gb  stm32f4xx_ltdc.o [1]
LTDC_LayerInit          0x08010f51   0x130  Code  Gb  stm32f4xx_ltdc.o [1]
LTDC_ReloadConfig       0x08010f49     0x8  Code  Gb  stm32f4xx_ltdc.o [1]
LoadInt                 0x08008205    0x4c  Code  Lc  xprintfsmall.o [3]
MPU_Start               0x0801286d   0x1ac  Code  Gb  imu.o [1]
Mag3ofNormalizedLong    0x080055a1    0x56  Code  Gb  mag_disturb.o [4]
MagDisturbCheckSettling
                        0x08005671    0x48  Code  Gb  mag_disturb.o [4]
MagDisturbSetDisturbance
                        0x080055f9    0x78  Code  Gb  mag_disturb.o [4]
MemManage_Handler       0x080156f5     0x2  Code  Gb  stm32f4xx_it.o [1]
NMI_Handler             0x080156f1     0x2  Code  Gb  stm32f4xx_it.o [1]
NVIC_Init               0x08013c9d    0x6a  Code  Gb  misc.o [1]
NVIC_SetPriority        0x08011a71    0x2a  Code  Lc  main.o [1]
PendSV_Handler          0x080156ff     0x2  Code  Gb  stm32f4xx_it.o [1]
RCC_AHB1PeriphClockCmd  0x0800cb17    0x1e  Code  Gb  stm32f4xx_rcc.o [1]
RCC_AHB1PeriphResetCmd  0x0800cb8f    0x1e  Code  Gb  stm32f4xx_rcc.o [1]
RCC_AHB3PeriphClockCmd  0x0800cb35    0x1e  Code  Gb  stm32f4xx_rcc.o [1]
RCC_APB1PeriphClockCmd  0x0800cb53    0x1e  Code  Gb  stm32f4xx_rcc.o [1]
RCC_APB1PeriphResetCmd  0x0800cbad    0x1e  Code  Gb  stm32f4xx_rcc.o [1]
RCC_APB2PeriphClockCmd  0x0800cb71    0x1e  Code  Gb  stm32f4xx_rcc.o [1]
RCC_APB2PeriphResetCmd  0x0800cbcb    0x1e  Code  Gb  stm32f4xx_rcc.o [1]
RCC_GetClocksFreq       0x0800ca01   0x102  Code  Gb  stm32f4xx_rcc.o [1]
RCC_GetFlagStatus       0x0800cbe9    0x50  Code  Gb  stm32f4xx_rcc.o [1]
RCC_LTDCCLKDivConfig    0x0800cb03    0x14  Code  Gb  stm32f4xx_rcc.o [1]
RCC_PLLSAICmd           0x0800c9f7     0xa  Code  Gb  stm32f4xx_rcc.o [1]
RCC_PLLSAIConfig        0x0800c9e1    0x16  Code  Gb  stm32f4xx_rcc.o [1]
RETRY_IN_MLSEC          0x20000094     0x2  Data  Lc  i2c.o [1]
Region$$Table$$Base     0x08015788           --   Gb  - Linker created -
Region$$Table$$Limit    0x080157ac           --   Gb  - Linker created -
SDRAM_GPIOConfig        0x08014559   0x1f2  Code  Gb  stm32f429i_discovery_sdram.o [1]
SDRAM_Init              0x080144ed    0x6c  Code  Gb  stm32f429i_discovery_sdram.o [1]
SDRAM_InitSequence      0x0801474b    0xbe  Code  Gb  stm32f429i_discovery_sdram.o [1]
SPI_Cmd                 0x08011359    0x1c  Code  Gb  stm32f4xx_spi.o [1]
SPI_I2S_DeInit          0x08011255    0xac  Code  Gb  stm32f4xx_spi.o [1]
SPI_I2S_GetFlagStatus   0x08011379    0x18  Code  Gb  stm32f4xx_spi.o [1]
SPI_I2S_SendData        0x08011375     0x4  Code  Gb  stm32f4xx_spi.o [1]
SPI_Init                0x08011301    0x40  Code  Gb  stm32f4xx_spi.o [1]
ST_Sensors_I2C_ReadRegister
                        0x0800c595   0x3d6  Code  Gb  i2c.o [1]
ST_Sensors_I2C_WriteRegister
                        0x0800c427   0x16e  Code  Gb  i2c.o [1]
SVC_Handler             0x080156fb     0x2  Code  Gb  stm32f4xx_it.o [1]
SYSCFG_EXTILineConfig   0x080143f5    0x50  Code  Gb  stm32f4xx_syscfg.o [1]
Sensors_I2C_ReadRegister
                        0x0800c3c5    0x62  Code  Gb  i2c.o [1]
Sensors_I2C_WriteRegister
                        0x0800c363    0x62  Code  Gb  i2c.o [1]
SetSysClock             0x08015517    0xce  Code  Lc  system_stm32f4xx.o [1]
Set_I2C_Retry           0x0800c96b     0x6  Code  Gb  i2c.o [1]
SysTick_Config          0x08011a9b    0x36  Code  Lc  main.o [1]
SysTick_Handler         0x08015701     0x8  Code  Gb  stm32f4xx_it.o [1]
SystemCoreClock         0x20000084     0x4  Data  Gb  system_stm32f4xx.o [1]
SystemInit              0x080154c5    0x52  Code  Gb  system_stm32f4xx.o [1]
UART4_IRQHandler        0x08012553    0x98  Code  Gb  uart.o [1]
UART4_Start             0x08012375    0xde  Code  Gb  uart.o [1]
UART5_IRQHandler        0x080125eb   0x1bc  Code  Gb  uart.o [1]
UART5_Start             0x08012453   0x100  Code  Gb  uart.o [1]
UART_Transmit           0x080127f5    0x4e  Code  Gb  uart.o [1]
USART_ClearFlag         0x08013bfd     0xc  Code  Gb  stm32f4xx_usart.o [1]
USART_ClearITPendingBit
                        0x08013c77    0x24  Code  Gb  stm32f4xx_usart.o [1]
USART_Cmd               0x08013b5d    0x1c  Code  Gb  stm32f4xx_usart.o [1]
USART_GetFlagStatus     0x08013bdf    0x1e  Code  Gb  stm32f4xx_usart.o [1]
USART_GetITStatus       0x08013c09    0x6e  Code  Gb  stm32f4xx_usart.o [1]
USART_ITConfig          0x08013b89    0x56  Code  Gb  stm32f4xx_usart.o [1]
USART_Init              0x08013a61    0xee  Code  Gb  stm32f4xx_usart.o [1]
USART_ReceiveData       0x08013b81     0x8  Code  Gb  stm32f4xx_usart.o [1]
USART_SendData          0x08013b79     0x8  Code  Gb  stm32f4xx_usart.o [1]
UpdateButton            0x08012d67    0x5e  Code  Gb  Button.o [1]
UsageFault_Handler      0x080156f9     0x2  Code  Gb  stm32f4xx_it.o [1]
_LitobSmall             0x08008251    0xce  Code  Lc  xprintfsmall.o [3]
_MLPrintLog             0x08005e8d    0xca  Code  Gb  log_stm32.o [1]
_PrintfSmall            0x08007e7d   0x382  Code  Gb  xprintfsmall.o [3]
_PutcharsSmall          0x0800831f    0x2e  Code  Lc  xprintfsmall.o [3]
_SProut                 0x08003637     0xa  Code  Gb  xsprout.o [3]
_Stoflt                 0x08014d61   0x1b4  Code  Gb  xstoflt.o [3]
_Stopfx                 0x08014c31   0x130  Code  Gb  xstopfx.o [3]
_Stoxflt                0x08015159   0x1cc  Code  Gb  xstoxflt.o [3]
_Strtok_ssave           0x20000088     0x4  Data  Lc  strtok.o [3]
__aeabi_cdcmpeq         0x08006691          Code  Gb  DblCmpEq.o [5]
__aeabi_cdcmple         0x080061b5          Code  Gb  DblCmpLe.o [5]
__aeabi_cdrcmple        0x080061e5          Code  Gb  DblCmpGe.o [5]
__aeabi_cfcmpeq         0x08006381          Code  Gb  FltCmpEq.o [5]
__aeabi_cfcmple         0x08007dbd          Code  Gb  FltCmpLe.o [5]
__aeabi_cfrcmple        0x08007de1          Code  Gb  FltCmpGe.o [5]
__aeabi_d2f             0x08003695          Code  Gb  DblToFlt.o [5]
__aeabi_d2iz            0x08005a09          Code  Gb  DblToI32.o [5]
__aeabi_dadd            0x080034ed          Code  Gb  DblAdd.o [5]
__aeabi_dcmpeq          0x08003751          Code  Gb  DblLogEq.o [5]
__aeabi_dcmpgt          0x08003191          Code  Gb  DblLogGt.o [5]
__aeabi_dcmple          0x0800689d          Code  Gb  DblLogLe.o [5]
__aeabi_dcmplt          0x08003185          Code  Gb  DblLogLt.o [5]
__aeabi_ddiv            0x08003761          Code  Gb  DblDiv.o [5]
__aeabi_dmul            0x0800319d          Code  Gb  DblMul.o [5]
__aeabi_dsub            0x0800336d          Code  Gb  DblSub.o [5]
__aeabi_errno_addr      0x0800777d     0x6  Code  Gb  errno.o [3]
__aeabi_f2d             0x08003641          Code  Gb  FltToDbl.o [5]
__aeabi_f2iz            0x080045f1     0xe  Code  Gb  FltToS32.o [5]
__aeabi_f2lz            0x08007e05          Code  Gb  FltToS64.o [5]
__aeabi_fadd            0x0800422f    0x12  Code  Gb  FltAdd.o [5]
__aeabi_fcmpeq          0x08003629          Code  Gb  FltLogEq.o [5]
__aeabi_fcmpge          0x08006751          Code  Gb  FltLogGe.o [5]
__aeabi_fcmpgt          0x08006745          Code  Gb  FltLogGt.o [5]
__aeabi_fcmple          0x0800688d          Code  Gb  FltLogLe.o [5]
__aeabi_fcmplt          0x08006739          Code  Gb  FltLogLt.o [5]
__aeabi_fdiv            0x0800671f    0x12  Code  Gb  FltDiv.o [5]
__aeabi_fmul            0x080035e3    0x12  Code  Gb  FltMul.o [5]
__aeabi_fsub            0x08006879    0x12  Code  Gb  FltSub.o [5]
__aeabi_i2d             0x08003159          Code  Gb  I32ToDbl.o [5]
__aeabi_i2f             0x08004221     0xe  Code  Gb  S32ToFlt.o [5]
__aeabi_l2f             0x080075fd          Code  Gb  I64ToFlt.o [5]
__aeabi_ldiv0           0x080076d5          Code  Gb  I64DivZer.o [6]
__aeabi_ldivmod         0x08005a55          Code  Gb  I64DivMod.o [6]
__aeabi_memset          0x08005cdd          Code  Gb  ABImemset.o [6]
__aeabi_ui2f            0x080035d5     0xe  Code  Gb  U32ToFlt.o [5]
__aeabi_ul2f            0x08007619          Code  Gb  I64ToFlt.o [5]
__aeabi_uldivmod        0x08005a99          Code  Gb  I64DivMod.o [6]
__cmain                 0x08015801          Code  Gb  cmain.o [6]
__exit                  0x08015831    0x14  Code  Gb  exit.o [7]
__iar_Dint              0x080086f5    0x7e  Code  Gb  xdint.o [5]
__iar_Dnorm             0x08007875    0x42  Code  Gb  xdnorm.o [5]
__iar_Dscale            0x08015359   0x114  Code  Gb  xdscale.o [5]
__iar_Dtentox           0x08014fb5   0x13e  Code  Gb  xdtento.o [5]
__iar_Dunscale          0x0801546d    0x56  Code  Gb  xdunscal.o [5]
__iar_Errno             0x2000008c     0x4  Data  Gb  errno.o [3]
__iar_FDint             0x08008357    0x50  Code  Gb  xfdint.o [5]
__iar_FQuad             0x08007789    0xc2  Code  Gb  xfquad.o [5]
__iar_FSin              0x08006215   0x12a  Code  Gb  xfsin.o [5]
__iar_Log               0x0800639d   0x25a  Code  Gb  xlog.o [5]
__iar_Memchr            0x0800869d          Code  Gb  memchr.o [6]
__iar_Memset            0x08005cdd          Code  Gb  ABImemset.o [6]
__iar_Memset_word       0x08005ce5          Code  Gb  ABImemset.o [6]
__iar_Quad              0x080084e5   0x12c  Code  Gb  xquad.o [5]
__iar_Sin               0x0800795d   0x3c4  Code  Gb  xsin.o [5]
__iar_Stod              0x08014c2d     0x4  Code  Gb  xstod.o [5]
__iar_Stodx             0x08014ac9   0x14e  Code  Gb  xstod.o [5]
__iar_Strchr            0x0800864d          Code  Gb  strchr.o [6]
__iar_copy_init3        0x0800333f    0x2e  Code  Gb  copy_init3.o [6]
__iar_d2uiz             0x08005a35          Code  Gb  DblToI32.o [5]
__iar_dadd              0x08003501          Code  Gb  DblAdd.o [5]
__iar_data_init3        0x08015719    0x28  Code  Gb  data_init.o [6]
__iar_dlib_perthread_access
                        0x08008355     0x2  Code  Gb  xtls.o [3]
__iar_dsub              0x08003381          Code  Gb  DblSub.o [5]
__iar_dsubStart         0x08003393          Code  Gb  DblSub.o [5]
__iar_edom              0x08006685          Code  Gb  iarEdom.o [6]
__iar_fmod              0x08008775          Code  Gb  fmod.o [5]
__iar_fmodl             0x08008775          Code  Gb  fmod.o [5]
__iar_init_vfp          0x08015765          Code  Gb  fpinit_M.o [5]
__iar_program_start     0x08015959          Code  Gb  cstartup_M.o [6]
__iar_softfp_acosf      0x08007661          Code  Gb  acosf.o [5]
__iar_softfp_cosf       0x080035f5    0x12  Code  Gb  cosf.o [5]
__iar_softfp_sinf       0x080103e1    0x12  Code  Gb  sinf.o [5]
__iar_softfp_sqrtf      0x08003725          Code  Gb  sqrtf.o [5]
__iar_sqrt              0x080039a9          Code  Gb  sqrt.o [5]
__iar_strcmp            0x08014895          Code  Gb  strcmp_unaligned.o [6]
__iar_ui2d              0x0800316d          Code  Gb  I32ToDbl.o [5]
__iar_ul2f              0x08007625          Code  Gb  I64ToFlt.o [5]
__iar_unaligned___aeabi_memcpy
                        0x08005c65          Code  Gb  ABImemcpy_unaligned.o [6]
__iar_unaligned___aeabi_memcpy4
                        0x08005c85          Code  Gb  ABImemcpy_unaligned.o [6]
__iar_unaligned___aeabi_memcpy8
                        0x08005c85          Code  Gb  ABImemcpy_unaligned.o [6]
__iar_unaligned___aeabi_memmove
                        0x080076d9          Code  Gb  ABImemmove_unaligned.o [6]
__iar_unaligned___aeabi_memmove4
                        0x080076d9          Code  Gb  ABImemmove_unaligned.o [6]
__iar_unaligned___aeabi_memmove8
                        0x080076d9          Code  Gb  ABImemmove_unaligned.o [6]
__iar_unaligned_memcmp  0x08005df1          Code  Gb  memcmp_unaligned.o [6]
__iar_unaligned_strcmp  0x08014895          Code  Gb  strcmp_unaligned.o [6]
__iar_unaligned_strcpy  0x08013d19          Code  Gb  strcpy_unaligned.o [6]
__iar_vfp_atof          0x080148d7    0x10  Code  Gb  atof.o [5]
__iar_vfp_cos           0x080137d7    0x12  Code  Gb  cos.o [5]
__iar_vfp_fmodf         0x080083a9          Code  Gb  fmodf.o [5]
__iar_vfp_sin           0x080137c5    0x12  Code  Gb  sin.o [5]
__iar_xatanf            0x080078b9          Code  Gb  xatanf.o [5]
__iar_zero_init3        0x08003607    0x22  Code  Gb  zero_init3.o [6]
__low_level_init        0x0801581b     0x4  Code  Gb  low_level_init.o [3]
__print_result_location
                        0x08013d5d    0x1e  Code  Lc  mpl.o [1]
__sys_tick_count        0x20001e8c     0x4  Data  Gb  tick.o [1]
__vector_table          0x08000000          Data  Gb  startup_stm32f429_439xx.o [1]
_call_main              0x0801580d          Code  Gb  cmain.o [6]
_exit                   0x08015825          Code  Gb  cexit.o [6]
_main                   0x08015817          Code  Gb  cmain.o [6]
acosf                   0x08007671          Code  Gb  acosf.o [5]
android_orient_cb       0x08012ca5    0x4a  Code  Gb  imu.o [1]
atan2f                  0x080066b1          Code  Gb  atan2f.o [5]
auto_cal                0x20000098   0x4b8  Data  Lc  accel_auto_cal.o [4]
buff_copy               0x08012843    0x28  Code  Gb  uart.o [1]
button1                 0x20001e28    0x10  Data  Gb  Button.o [1]
button2                 0x20001e38    0x10  Data  Gb  Button.o [1]
buttonRisingEdge        0x08012dc5    0x12  Code  Gb  Button.o [1]
cb                      0x20001338    0xe8  Data  Wk  compass_vec_cal.o [4]
cb_sim                  0x20001250    0xe8  Data  Wk  compass_vec_cal.o [4]
cb_test                 0x20001168    0xe8  Data  Wk  compass_vec_cal.o [4]
centerX                 0x20000090     0x2  Data  Gb  gui.o [1]
centerY                 0x20000092     0x2  Data  Gb  gui.o [1]
compass_pdata           0x20000054     0xc  Data  Gb  imu.o [1]
cos                     0x08006731     0x6  Code  Gb  cos.o [5]
decode_gesture          0x0800f699    0x66  Code  Lc  inv_mpu_dmp_motion_driver.o [1]
degrees                 0x20001e68     0x8  Data  Gb  main.o [1]
delay                   0x08012085    0x1e  Code  Lc  main.o [1]
delay                   0x08010d6d    0x1e  Code  Lc  stm32f429i_discovery_lcd.o [1]
delay                   0x08014809    0x22  Code  Lc  stm32f429i_discovery_sdram.o [1]
dmp                     0x20001e48    0x10  Data  Lc  inv_mpu_dmp_motion_driver.o [1]
dmp_enable_6x_lp_quat   0x0800f653    0x46  Code  Gb  inv_mpu_dmp_motion_driver.o [1]
dmp_enable_feature      0x0800f397   0x230  Code  Gb  inv_mpu_dmp_motion_driver.o [1]
dmp_enable_gyro_cal     0x0800f5c7    0x46  Code  Gb  inv_mpu_dmp_motion_driver.o [1]
dmp_enable_lp_quat      0x0800f60d    0x46  Code  Gb  inv_mpu_dmp_motion_driver.o [1]
dmp_get_pedometer_step_count
                        0x0800f303    0x48  Code  Gb  inv_mpu_dmp_motion_driver.o [1]
dmp_get_pedometer_walk_time
                        0x0800f34b    0x4c  Code  Gb  inv_mpu_dmp_motion_driver.o [1]
dmp_load_motion_driver_firmware
                        0x0800ee09    0x18  Code  Gb  inv_mpu_dmp_motion_driver.o [1]
dmp_memory              0x0800e210   0xbf8  Data  Lc  inv_mpu_dmp_motion_driver.o [1]
dmp_read_fifo           0x0800f719   0x228  Code  Gb  inv_mpu_dmp_motion_driver.o [1]
dmp_register_android_orient_cb
                        0x0800f94b     0xa  Code  Gb  inv_mpu_dmp_motion_driver.o [1]
dmp_register_tap_cb     0x0800f941     0xa  Code  Gb  inv_mpu_dmp_motion_driver.o [1]
dmp_set_fifo_rate       0x0800ef83    0x72  Code  Gb  inv_mpu_dmp_motion_driver.o [1]
dmp_set_orientation     0x0800ee21   0x162  Code  Gb  inv_mpu_dmp_motion_driver.o [1]
dmp_set_shake_reject_thresh
                        0x0800f273    0x3c  Code  Gb  inv_mpu_dmp_motion_driver.o [1]
dmp_set_shake_reject_time
                        0x0800f2af    0x2a  Code  Gb  inv_mpu_dmp_motion_driver.o [1]
dmp_set_shake_reject_timeout
                        0x0800f2d9    0x2a  Code  Gb  inv_mpu_dmp_motion_driver.o [1]
dmp_set_tap_axes        0x0800f1a5    0x4a  Code  Gb  inv_mpu_dmp_motion_driver.o [1]
dmp_set_tap_count       0x0800f1ef    0x30  Code  Gb  inv_mpu_dmp_motion_driver.o [1]
dmp_set_tap_thresh      0x0800eff5   0x19c  Code  Gb  inv_mpu_dmp_motion_driver.o [1]
dmp_set_tap_time        0x0800f21f    0x2a  Code  Gb  inv_mpu_dmp_motion_driver.o [1]
dmp_set_tap_time_multi  0x0800f249    0x2a  Code  Gb  inv_mpu_dmp_motion_driver.o [1]
dmul                    0x08014f59    0x5a  Code  Lc  xdtento.o [5]
ds                      0x20000d58   0x198  Data  Lc  storage_manager.o [1]
eMPL_out                0x20001dd0    0x30  Data  Lc  eMPL_outputs.o [1]
eMPL_send_data          0x08006017   0x19c  Code  Gb  log_stm32.o [1]
eMPL_send_quat          0x08005f57    0xc0  Code  Gb  log_stm32.o [1]
exit                    0x0801581f     0x4  Code  Gb  exit.o [3]
fmod                    0x08008775          Code  Gb  fmod.o [5]
fmodf                   0x080083b1          Code  Gb  fmodf.o [5]
fmodl                   0x08008775          Code  Gb  fmod.o [5]
fnm                     0x20000550   0x260  Data  Wk  fast_no_motion.o [4]
fnm_user                0x20001d90    0x40  Data  Lc  fast_no_motion.o [4]
friends                 0x20001e00    0x28  Data  Gb  uart.o [1]
getBatteryStatus        0x08012259    0x3e  Code  Gb  adc.o [1]
getSysTick              0x0800c9c7     0x6  Code  Gb  tick.o [1]
gyro_data_ready_cb      0x08012cef     0x8  Code  Gb  imu.o [1]
gyro_pdata              0x20000048     0xc  Data  Gb  imu.o [1]
hal                     0x20001d6c    0x24  Data  Gb  imu.o [1]
hal_out                 0x20001420    0xd0  Data  Lc  hal_outputs.o [1]
headingAcc              0x20001e96     0x1  Data  Gb  main.o [1]
headingTime             0x20001e70     0x8  Data  Gb  main.o [1]
hw                      0x080158ac    0x10  Data  Gb  inv_mpu.o [1]
idFlag                  0x20001e97     0x1  Data  Gb  uart.o [1]
inData                  0x20001c98    0x80  Data  Gb  main.o [1]
incSysTick              0x0800c9bb     0xc  Code  Gb  tick.o [1]
int_param               0x20001e78     0x4  Data  Lc  imu.o [1]
int_set_fast_nomot_gyro_threshold
                        0x08006cb1     0xc  Code  Gb  fast_no_motion.o [4]
inv_9x_fusion_enable_jitter_reduction
                        0x08011a11    0x10  Code  Gb  fusion_9axis.o [4]
inv_9x_fusion_set_mag_fb
                        0x08011a01    0x10  Code  Gb  fusion_9axis.o [4]
inv_9x_fusion_use_timestamps
                        0x08011a21    0x10  Code  Gb  fusion_9axis.o [4]
inv_accel_was_turned_off
                        0x08002bd9     0xc  Code  Gb  data_builder.o [1]
inv_add_accel_block_data
                        0x080048ad    0xa0  Code  Gb  accel_auto_cal.o [4]
inv_add_compass_block_data
                        0x08001775    0x9a  Code  Gb  compass_vec_cal.o [4]
inv_add_vector_block_data
                        0x0800494d    0xaa  Code  Gb  accel_auto_cal.o [4]
inv_apply_calibration   0x0800272b    0x6a  Code  Gb  data_builder.o [1]
inv_auto_calibrate      0x08004ba1   0x76c  Code  Gb  accel_auto_cal.o [4]
inv_build_accel         0x08002951    0xc2  Code  Gb  data_builder.o [1]
inv_build_compass       0x08002a67    0xd4  Code  Gb  data_builder.o [1]
inv_build_gyro          0x08002a13    0x54  Code  Gb  data_builder.o [1]
inv_build_quat          0x08002b79    0x60  Code  Gb  data_builder.o [1]
inv_build_temp          0x08002b3b    0x3e  Code  Gb  data_builder.o [1]
inv_center_sum          0x08001045   0x6dc  Code  Gb  compass_vec_cal.o [4]
inv_cheap_gaussian      0x080003ed    0x6c  Code  Gb  compass_vec_cal.o [4]
inv_cheap_rand          0x080003b9    0x34  Code  Gb  compass_vec_cal.o [4]
inv_check_magnetic_disturbance
                        0x080056b9   0x30c  Code  Gb  mag_disturb.o [4]
inv_check_peaks.part.0.constprop.4
                        0x080001c1   0x1ec  Code  Lc  compass_vec_cal.o [4]
inv_check_sample_balance
                        0x080049f9   0x1a8  Code  Gb  accel_auto_cal.o [4]
inv_check_sim           0x08001811   0x154  Code  Gb  compass_vec_cal.o [4]
inv_combine_compass_data
                        0x08000459   0x154  Code  Gb  compass_vec_cal.o [4]
inv_combine_data_calculate_bias.part.1
                        0x0800467d    0xbc  Code  Lc  accel_auto_cal.o [4]
inv_compass_angle       0x08003aad    0xae  Code  Gb  ml_math_func.o [1]
inv_compass_was_turned_off
                        0x08002be5     0xc  Code  Gb  data_builder.o [1]
inv_compute_bias        0x080008b9   0x78a  Code  Gb  compass_vec_cal.o [4]
inv_convert_to_body_with_scale
                        0x08004165    0x72  Code  Gb  ml_math_func.o [1]
inv_data_builder        0x20000ef0   0x140  Data  Lc  data_builder.o [1]
inv_db_load_func        0x080024d1    0x58  Code  Lc  data_builder.o [1]
inv_db_save_func        0x08002529    0x18  Code  Lc  data_builder.o [1]
inv_detect_motion_by_gyro_accel
                        0x08006fe5   0x134  Code  Gb  fast_no_motion.o [4]
inv_disable_9x_sensor_fusion
                        0x08011a61     0xc  Code  Gb  fusion_9axis.o [4]
inv_disable_compass_soft_iron_matrix
                        0x08003115     0xa  Code  Gb  data_builder.o [1]
inv_disable_dip_tracking
                        0x08005491    0x10  Code  Gb  mag_disturb.o [4]
inv_disable_fast_nomot  0x080075d5    0x14  Code  Gb  fast_no_motion.o [4]
inv_disable_gyro_tc     0x080143c9    0x2c  Code  Gb  gyro_tc.o [4]
inv_disable_in_use_auto_calibration
                        0x080053b1    0x14  Code  Gb  accel_auto_cal.o [4]
inv_disable_magnetic_disturbance
                        0x0800547d    0x14  Code  Gb  mag_disturb.o [4]
inv_disable_quaternion  0x080103cd    0x14  Code  Gb  quaternion_supervisor.o [4]
inv_disable_vector_compass_cal
                        0x080024bd    0x14  Code  Gb  compass_vec_cal.o [4]
inv_enable_9x_sensor_fusion
                        0x08011a3d    0x24  Code  Gb  fusion_9axis.o [4]
inv_enable_dip_tracking
                        0x080054a1    0x10  Code  Gb  mag_disturb.o [4]
inv_enable_eMPL_outputs
                        0x0801378d    0x18  Code  Gb  eMPL_outputs.o [1]
inv_enable_fast_nomot   0x080075bd    0x18  Code  Gb  fast_no_motion.o [4]
inv_enable_gyro_tc      0x08014389    0x40  Code  Gb  gyro_tc.o [4]
inv_enable_in_use_auto_calibration
                        0x08005399    0x18  Code  Gb  accel_auto_cal.o [4]
inv_enable_magnetic_disturbance
                        0x08005451    0x2c  Code  Gb  mag_disturb.o [4]
inv_enable_quaternion   0x080103b5    0x18  Code  Gb  quaternion_supervisor.o [4]
inv_enable_results_holder
                        0x080044eb    0x1c  Code  Gb  results_holder.o [1]
inv_enable_vector_compass_cal
                        0x080024a5    0x18  Code  Gb  compass_vec_cal.o [4]
inv_execute_mpl_start_notification
                        0x08005c31    0x30  Code  Gb  start_manager.o [1]
inv_execute_on_data     0x08002d65    0x96  Code  Gb  data_builder.o [1]
inv_fast_nomot_get_time_elaps
                        0x08006e29     0xc  Code  Gb  fast_no_motion.o [4]
inv_fast_nomot_parameter
                        0x08006991   0x170  Code  Gb  fast_no_motion.o [4]
inv_fast_nomot_parameter_3rd
                        0x08006b01    0xd8  Code  Gb  fast_no_motion.o [4]
inv_fast_nomot_parameter_compass
                        0x08006e35    0x16  Code  Gb  fast_no_motion.o [4]
inv_fast_nomot_reset_data_compass
                        0x08006dfd    0x2c  Code  Gb  fast_no_motion.o [4]
inv_fast_nomot_set_gyro_bias
                        0x08006bd9    0xcc  Code  Gb  fast_no_motion.o [4]
inv_fast_nomot_store_data
                        0x08006d09    0xae  Code  Gb  fast_no_motion.o [4]
inv_fast_nomot_store_data_compass
                        0x08006db9    0x44  Code  Gb  fast_no_motion.o [4]
inv_filter_correction_angle
                        0x080113a1   0x1f0  Code  Gb  fusion_9axis.o [4]
inv_fnm_debug_print     0x080075f9     0x2  Code  Gb  fast_no_motion.o [4]
inv_generate_accel_gyro_quaternion
                        0x0800fbe1   0x74c  Code  Gb  quaternion_supervisor.o [4]
inv_generate_eMPL_outputs
                        0x08013651   0x116  Code  Lc  eMPL_outputs.o [1]
inv_generate_fast_nomot
                        0x080071b5   0x34e  Code  Gb  fast_no_motion.o [4]
inv_generate_gyro_quaternion
                        0x0800fa85   0x12c  Code  Gb  quaternion_supervisor.o [4]
inv_generate_quaternion
                        0x0801032d    0x58  Code  Lc  quaternion_supervisor.o [4]
inv_generate_results    0x0800447f     0xc  Code  Gb  results_holder.o [1]
inv_generate_vector_compass_cal
                        0x08002389    0xa4  Code  Gb  compass_vec_cal.o [4]
inv_get_6axis_quaternion
                        0x080043e1    0x16  Code  Gb  results_holder.o [1]
inv_get_acc_state       0x080042e3     0x8  Code  Gb  results_holder.o [1]
inv_get_accel_accuracy  0x08003045     0x8  Code  Gb  data_builder.o [1]
inv_get_accel_bias_stage
                        0x080053c5     0xc  Code  Gb  accel_auto_cal.o [4]
inv_get_accel_on        0x08002655    0x10  Code  Gb  data_builder.o [1]
inv_get_accel_set       0x08002f45    0x3c  Code  Gb  data_builder.o [1]
inv_get_compass_bias    0x08002795    0x1a  Code  Gb  data_builder.o [1]
inv_get_compass_correction
                        0x080042b7    0x24  Code  Gb  results_holder.o [1]
inv_get_compass_on      0x08002637    0x10  Code  Gb  data_builder.o [1]
inv_get_compass_set     0x08002fe1    0x48  Code  Gb  data_builder.o [1]
inv_get_compass_soft_iron_output_data
                        0x08003051    0x1c  Code  Gb  data_builder.o [1]
inv_get_compass_state   0x08004521     0x8  Code  Gb  results_holder.o [1]
inv_get_current_calibrated_accel
                        0x0800478d    0x44  Code  Gb  accel_auto_cal.o [4]
inv_get_current_calibrated_compass
                        0x08001721    0x52  Code  Gb  compass_vec_cal.o [4]
inv_get_fast_nomot_accel_param
                        0x08006ce9    0x20  Code  Gb  fast_no_motion.o [4]
inv_get_fast_nomot_compass_param
                        0x08006cc9    0x20  Code  Gb  fast_no_motion.o [4]
inv_get_fnm_gyro_no_motion_param
                        0x080075e9    0x10  Code  Gb  fast_no_motion.o [4]
inv_get_gravity         0x08004373    0x6e  Code  Gb  results_holder.o [1]
inv_get_gyro            0x08002fc5    0x14  Code  Gb  data_builder.o [1]
inv_get_gyro_accuracy   0x08003029     0x6  Code  Gb  data_builder.o [1]
inv_get_gyro_bias       0x08002927    0x2a  Code  Gb  data_builder.o [1]
inv_get_gyro_bias_tc_set
                        0x08002909    0x1e  Code  Gb  data_builder.o [1]
inv_get_gyro_on         0x08002647     0xe  Code  Gb  data_builder.o [1]
inv_get_gyro_set        0x08002f81    0x36  Code  Gb  data_builder.o [1]
inv_get_gyro_sum_of_sqr
                        0x08003b5b    0x22  Code  Gb  ml_math_func.o [1]
inv_get_gyro_ts         0x08014339    0x24  Code  Gb  gyro_tc.o [4]
inv_get_large_mag_field
                        0x080042db     0x8  Code  Gb  results_holder.o [1]
inv_get_last_timestamp  0x08002665    0x9e  Code  Gb  data_builder.o [1]
inv_get_linear_accel    0x0800453d    0x42  Code  Gb  results_holder.o [1]
inv_get_linear_accel_float
                        0x08004581    0x4a  Code  Gb  results_holder.o [1]
inv_get_local_field     0x0800435d    0x16  Code  Gb  results_holder.o [1]
inv_get_mag_accuracy    0x0800302f    0x16  Code  Gb  data_builder.o [1]
inv_get_magnetic_disturbance_state
                        0x080059fd     0xc  Code  Gb  mag_disturb.o [4]
inv_get_message_level_0
                        0x08005e73    0x14  Code  Gb  message_layer.o [1]
inv_get_motion_state    0x080042eb    0x14  Code  Gb  results_holder.o [1]
inv_get_quaternion      0x080043f7    0x3c  Code  Gb  results_holder.o [1]
inv_get_quaternion_set  0x08004433    0x4c  Code  Gb  results_holder.o [1]
inv_get_right_shift_by_rounding
                        0x08006e4d    0x92  Code  Gb  fast_no_motion.o [4]
inv_get_sensor_type_accel
                        0x08013225    0x24  Code  Gb  eMPL_outputs.o [1]
inv_get_sensor_type_compass
                        0x0801326d    0x24  Code  Gb  eMPL_outputs.o [1]
inv_get_sensor_type_euler
                        0x0801339d   0x282  Code  Gb  eMPL_outputs.o [1]
inv_get_sensor_type_gravity
                        0x080067e1    0x90  Code  Gb  hal_outputs.o [1]
inv_get_sensor_type_gyro
                        0x08013249    0x24  Code  Gb  eMPL_outputs.o [1]
inv_get_sensor_type_heading
                        0x080132c9    0xd2  Code  Gb  eMPL_outputs.o [1]
inv_get_sensor_type_linear_acceleration
                        0x08006761    0x7e  Code  Gb  hal_outputs.o [1]
inv_get_sensor_type_quat
                        0x08013291    0x38  Code  Gb  eMPL_outputs.o [1]
inv_get_sensor_type_rot_mat
                        0x0801361f    0x26  Code  Gb  eMPL_outputs.o [1]
inv_got_compass_bias    0x0800450d     0x6  Code  Gb  results_holder.o [1]
inv_gtc                 0x20000980   0x1c4  Data  Lc  gyro_tc.o [4]
inv_gtc_data_cb         0x08013e75   0x44c  Code  Lc  gyro_tc.o [4]
inv_gtc_load            0x08013e41    0x34  Code  Lc  gyro_tc.o [4]
inv_gtc_store           0x08013e0d    0x34  Code  Lc  gyro_tc.o [4]
inv_gyro_was_turned_off
                        0x08002bfd     0xa  Code  Gb  data_builder.o [1]
inv_init_9x_fusion      0x080119c5    0x3c  Code  Gb  fusion_9axis.o [4]
inv_init_accel_maxmin   0x08004739    0x20  Code  Gb  accel_auto_cal.o [4]
inv_init_check_sample_balance
                        0x08004869    0x1a  Code  Gb  accel_auto_cal.o [4]
inv_init_check_sample_balance_parameter
                        0x08004885    0x28  Code  Gb  accel_auto_cal.o [4]
inv_init_data_builder   0x08002541    0x46  Code  Gb  data_builder.o [1]
inv_init_eMPL_outputs   0x08013777    0x16  Code  Lc  eMPL_outputs.o [1]
inv_init_fast_nomot     0x08007541    0x64  Code  Gb  fast_no_motion.o [4]
inv_init_gyro_ts        0x080142d1    0x38  Code  Gb  gyro_tc.o [4]
inv_init_in_use_auto_calibration
                        0x0800530d    0x80  Code  Gb  accel_auto_cal.o [4]
inv_init_magnetic_disturbance
                        0x080053f9    0x4c  Code  Gb  mag_disturb.o [4]
inv_init_maxmin         0x080068b9    0x6c  Code  Gb  fast_no_motion.o [4]
inv_init_mpl            0x08013d7b    0x5e  Code  Gb  mpl.o [1]
inv_init_quaternion     0x08010391    0x24  Code  Gb  quaternion_supervisor.o [4]
inv_init_results_holder
                        0x0800449d    0x4e  Code  Gb  results_holder.o [1]
inv_init_start_manager  0x08005b89    0x16  Code  Gb  start_manager.o [1]
inv_init_storage_manager
                        0x08005d45    0x1c  Code  Gb  storage_manager.o [1]
inv_init_vector_compass_cal
                        0x08002439    0x6c  Code  Gb  compass_vec_cal.o [4]
inv_magnetic_disturbance_process
                        0x080059c5    0x36  Code  Gb  mag_disturb.o [4]
inv_normalize_quat      0x0800f969    0xea  Code  Lc  quaternion_supervisor.o [4]
inv_orientation_matrix_to_scalar
                        0x0800413b    0x2a  Code  Gb  ml_math_func.o [1]
inv_perform_9x_fusion   0x08011591   0x39c  Code  Gb  fusion_9axis.o [4]
inv_print_gtc_data      0x08014379     0x4  Code  Gb  gyro_tc.o [4]
inv_process_9x_sensor_fusion_cb
                        0x0801192d    0x98  Code  Gb  fusion_9axis.o [4]
inv_process_compass_only_cal
                        0x080019b5   0x9d4  Code  Gb  compass_vec_cal.o [4]
inv_q29_mult            0x08003b7d    0x1e  Code  Gb  ml_math_func.o [1]
inv_q30_mult            0x08003b9b    0x1e  Code  Gb  ml_math_func.o [1]
inv_q30_to_float        0x08003a99    0x12  Code  Lc  ml_math_func.o [1]
inv_q_add               0x08003c7f    0x26  Code  Gb  ml_math_func.o [1]
inv_q_addf              0x08003def    0x42  Code  Gb  ml_math_func.o [1]
inv_q_invert            0x08003ca9    0x18  Code  Gb  ml_math_func.o [1]
inv_q_invertf           0x08003fd9    0x2a  Code  Gb  ml_math_func.o [1]
inv_q_mult              0x08003bb9    0xc6  Code  Gb  ml_math_func.o [1]
inv_q_multf             0x08003d1d    0xd2  Code  Gb  ml_math_func.o [1]
inv_q_norm4             0x08003f45    0x94  Code  Gb  ml_math_func.o [1]
inv_q_normalizef        0x08003e31   0x110  Code  Gb  ml_math_func.o [1]
inv_q_rotate            0x08003cc9    0x54  Code  Gb  ml_math_func.o [1]
inv_quat_data           0x20000b44    0x6c  Data  Lc  quaternion_supervisor.o [4]
inv_quaternion_sensor_was_turned_off
                        0x08002bf1     0xc  Code  Gb  data_builder.o [1]
inv_quaternion_to_rotation
                        0x08004003    0xda  Code  Gb  ml_math_func.o [1]
inv_record_good_accel_maxmin
                        0x08004759    0x34  Code  Gb  accel_auto_cal.o [4]
inv_record_max_moment_in_no_motion_accel
                        0x08006f49    0x34  Code  Gb  fast_no_motion.o [4]
inv_record_max_moment_in_no_motion_gyro
                        0x08006f15    0x34  Code  Gb  fast_no_motion.o [4]
inv_record_min_moment_in_motion_accel
                        0x08006fb1    0x34  Code  Gb  fast_no_motion.o [4]
inv_record_min_moment_in_motion_gyro
                        0x08006f7d    0x34  Code  Gb  fast_no_motion.o [4]
inv_register_data_cb    0x08002c07    0xec  Code  Gb  data_builder.o [1]
inv_register_load_store
                        0x08005d61    0x8a  Code  Gb  storage_manager.o [1]
inv_register_mpl_start_notification
                        0x08005c09    0x28  Code  Gb  start_manager.o [1]
inv_reset_compass_soft_iron_matrix
                        0x080030bd    0x58  Code  Gb  data_builder.o [1]
inv_reset_data_collection
                        0x08001965    0x50  Code  Gb  compass_vec_cal.o [4]
inv_reset_min_max_gyro_accel_statistics
                        0x08006ee1    0x34  Code  Gb  fast_no_motion.o [4]
inv_reset_packet        0x08006965    0x2c  Code  Lc  fast_no_motion.o [4]
inv_row_2_scale         0x080040dd    0x5e  Code  Lc  ml_math_func.o [1]
inv_sensor_data_preprocess
                        0x08007119    0x9c  Code  Gb  fast_no_motion.o [4]
inv_set_accel_accuracy  0x08002807    0x20  Code  Gb  data_builder.o [1]
inv_set_accel_bias_found
                        0x08004507     0x6  Code  Gb  results_holder.o [1]
inv_set_accel_bias_mask
                        0x08002827    0x5e  Code  Gb  data_builder.o [1]
inv_set_accel_orientation_and_scale
                        0x08002703    0x14  Code  Gb  data_builder.o [1]
inv_set_accel_sample_rate
                        0x080025cf    0x32  Code  Gb  data_builder.o [1]
inv_set_compass_bias    0x080027af    0x4e  Code  Gb  data_builder.o [1]
inv_set_compass_bias_error
                        0x08004529    0x14  Code  Gb  results_holder.o [1]
inv_set_compass_bias_found
                        0x08004513     0x6  Code  Gb  results_holder.o [1]
inv_set_compass_correction
                        0x0800427d    0x3a  Code  Gb  results_holder.o [1]
inv_set_compass_disturbance
                        0x080027fd     0xa  Code  Gb  data_builder.o [1]
inv_set_compass_orientation_and_scale
                        0x08002717    0x14  Code  Gb  data_builder.o [1]
inv_set_compass_sample_rate
                        0x08002601    0x36  Code  Gb  data_builder.o [1]
inv_set_compass_soft_iron_input_data
                        0x0800306d    0x50  Code  Gb  data_builder.o [1]
inv_set_compass_state   0x08004519     0x8  Code  Gb  results_holder.o [1]
inv_set_contiguous      0x08002dfb   0x13e  Code  Lc  data_builder.o [1]
inv_set_default_number_of_samples
                        0x08007505    0x3c  Code  Gb  fast_no_motion.o [4]
inv_set_fast_nomot_accel_threshold
                        0x08006cbd     0xc  Code  Gb  fast_no_motion.o [4]
inv_set_fast_nomot_compass_threshold
                        0x08006ca5     0xc  Code  Gb  fast_no_motion.o [4]
inv_set_gtc_max_temp    0x08014309    0x10  Code  Gb  gyro_tc.o [4]
inv_set_gtc_min_diff    0x08014329    0x10  Code  Gb  gyro_tc.o [4]
inv_set_gtc_min_temp    0x08014319    0x10  Code  Gb  gyro_tc.o [4]
inv_set_gtc_order       0x08014361    0x18  Code  Gb  gyro_tc.o [4]
inv_set_gyro_bias       0x08002885    0x84  Code  Gb  data_builder.o [1]
inv_set_gyro_orientation_and_scale
                        0x0800258d    0x14  Code  Gb  data_builder.o [1]
inv_set_gyro_sample_rate
                        0x080025a1    0x2e  Code  Gb  data_builder.o [1]
inv_set_gyro_ts         0x0801435d     0x4  Code  Gb  gyro_tc.o [4]
inv_set_magnetic_disturbance
                        0x080053e1    0x18  Code  Gb  mag_disturb.o [4]
inv_set_message         0x08005e55    0x1e  Code  Gb  message_layer.o [1]
inv_set_motion_state    0x080042ff    0x5e  Code  Gb  results_holder.o [1]
inv_set_quaternion      0x0800fbb1    0x30  Code  Gb  quaternion_supervisor.o [4]
inv_set_terms           0x080005ad   0x30a  Code  Gb  compass_vec_cal.o [4]
inv_sort_order_4_T      0x080047d1    0x98  Code  Gb  accel_auto_cal.o [4]
inv_start_9x_sensor_fusion
                        0x08011391    0x10  Code  Gb  fusion_9axis.o [4]
inv_start_cb            0x20001d18    0x54  Data  Lc  start_manager.o [1]
inv_start_eMPL_outputs  0x08013767    0x10  Code  Lc  eMPL_outputs.o [1]
inv_start_fast_nomot    0x08006925    0x40  Code  Gb  fast_no_motion.o [4]
inv_start_gyro_tc       0x080142c1    0x10  Code  Gb  gyro_tc.o [4]
inv_start_in_use_auto_calibration
                        0x08004621    0x10  Code  Gb  accel_auto_cal.o [4]
inv_start_magnetic_disturbance
                        0x080053d1    0x10  Code  Gb  mag_disturb.o [4]
inv_start_mpl           0x08013dd9    0x22  Code  Gb  mpl.o [1]
inv_start_quaternion    0x0800fa55    0x30  Code  Gb  quaternion_supervisor.o [4]
inv_start_results_holder
                        0x0800448b    0x12  Code  Gb  results_holder.o [1]
inv_start_vector_compass_cal
                        0x080001b1    0x10  Code  Gb  compass_vec_cal.o [4]
inv_stop_9x_sensor_fusion
                        0x08011a31     0xc  Code  Gb  fusion_9axis.o [4]
inv_stop_fast_nomot     0x080075a5    0x18  Code  Gb  fast_no_motion.o [4]
inv_stop_gyro_tc        0x0801437d     0xc  Code  Gb  gyro_tc.o [4]
inv_stop_in_use_auto_calibration
                        0x0800538d     0xc  Code  Gb  accel_auto_cal.o [4]
inv_stop_magnetic_disturbance
                        0x08005445     0xc  Code  Gb  mag_disturb.o [4]
inv_stop_quaternion     0x08010385     0xc  Code  Gb  quaternion_supervisor.o [4]
inv_stop_vector_compass_cal
                        0x0800242d     0xc  Code  Gb  compass_vec_cal.o [4]
inv_store_gaming_quaternion
                        0x08004241     0x2  Code  Gb  results_holder.o [1]
inv_store_gaming_quaternion1
                        0x08004243    0x3a  Code  Gb  results_holder.o [1]
inv_track_dip_angle     0x080054b1    0x9c  Code  Gb  mag_disturb.o [4]
inv_unregister_data_cb  0x08002cf3    0x72  Code  Gb  data_builder.o [1]
inv_unregister_mpl_start_notification
                        0x08005b9f    0x6a  Code  Gb  start_manager.o [1]
inv_vector_compass_cal_sensitivity
                        0x080003ad     0xc  Code  Gb  compass_vec_cal.o [4]
len                     0x20001e90     0x2  Data  Gb  main.o [1]
log                     0x0800368f     0x6  Code  Gb  log.o [5]
mag_disturb             0x200014f0    0xb8  Data  Gb  mag_disturb.o [4]
main                    0x08011ad1   0x530  Code  Gb  main.o [1]
mdelay                  0x0800c9a5    0x16  Code  Gb  tick.o [1]
memchr                  0x0800869d          Code  Gb  memchr.o [6]
memcpy                  0x08004613     0xc  Code  Gb  memcpy.o [3]
memmove                 0x080068ab     0xc  Code  Gb  memmove.o [6]
memset                  0x080045ff    0x14  Code  Gb  memset.o [3]
mh                      0x20001e80     0x4  Data  Lc  message_layer.o [1]
mlMatrixVectorMult      0x080041d7    0x4a  Code  Gb  ml_math_func.o [1]
mpl_key                 0x2000007c     0x4  Data  Gb  imu.o [1]
mpu_configure_fifo      0x0800b1cb    0x94  Code  Gb  inv_mpu.o [1]
mpu_get_accel_fsr       0x0800ae73    0x46  Code  Gb  inv_mpu.o [1]
mpu_get_accel_reg       0x0800aa87    0x72  Code  Gb  inv_mpu.o [1]
mpu_get_compass_fsr     0x0800bf81     0xe  Code  Gb  inv_mpu.o [1]
mpu_get_compass_reg     0x0800beb9    0xc8  Code  Gb  inv_mpu.o [1]
mpu_get_fifo_config     0x0800b1bd     0xe  Code  Gb  inv_mpu.o [1]
mpu_get_gyro_fsr        0x0800ad9f    0x3c  Code  Gb  inv_mpu.o [1]
mpu_get_lpf             0x0800af59    0x4c  Code  Gb  inv_mpu.o [1]
mpu_get_sample_rate     0x0800b049    0x20  Code  Gb  inv_mpu.o [1]
mpu_get_temperature     0x0800aaf9    0x9a  Code  Gb  inv_mpu.o [1]
mpu_init                0x0800a79d   0x19a  Code  Gb  inv_mpu.o [1]
mpu_load_firmware       0x0800ba9d    0xe8  Code  Gb  inv_mpu.o [1]
mpu_lp_accel_mode       0x0800a937   0x150  Code  Gb  inv_mpu.o [1]
mpu_lp_motion_interrupt
                        0x0800bf91   0x298  Code  Gb  inv_mpu.o [1]
mpu_read_fifo           0x0800b415   0x296  Code  Gb  inv_mpu.o [1]
mpu_read_fifo_stream    0x0800b6ab    0xe6  Code  Gb  inv_mpu.o [1]
mpu_read_mem            0x0800ba11    0x8c  Code  Gb  inv_mpu.o [1]
mpu_reset_fifo          0x0800ab99   0x206  Code  Gb  inv_mpu.o [1]
mpu_set_accel_fsr       0x0800aec1    0x92  Code  Gb  inv_mpu.o [1]
mpu_set_bypass          0x0800b791   0x170  Code  Gb  inv_mpu.o [1]
mpu_set_compass_sample_rate
                        0x0800b149    0x74  Code  Gb  inv_mpu.o [1]
mpu_set_dmp_state       0x0800bb85    0x98  Code  Gb  inv_mpu.o [1]
mpu_set_gyro_fsr        0x0800addb    0x98  Code  Gb  inv_mpu.o [1]
mpu_set_int_latched     0x0800b905    0x7c  Code  Gb  inv_mpu.o [1]
mpu_set_lpf             0x0800afa5    0xa4  Code  Gb  inv_mpu.o [1]
mpu_set_sample_rate     0x0800b06d    0xdc  Code  Gb  inv_mpu.o [1]
mpu_set_sensors         0x0800b25f   0x1b6  Code  Gb  inv_mpu.o [1]
mpu_write_mem           0x0800b985    0x8c  Code  Gb  inv_mpu.o [1]
n1                      0x20001e58     0xc  Data  Gb  main.o [1]
new_compass             0x20001e95     0x1  Data  Gb  main.o [1]
new_temp                0x20001e94     0x1  Data  Gb  main.o [1]
parseGPS                0x080137e9    0x8c  Code  Gb  gps.o [1]
pows                    0x08015110    0x48  Data  Lc  xdtento.o [5]
r1.6050                 0x20000060     0x4  Data  Lc  compass_vec_cal.o [4]
r2.6051                 0x20000064     0x4  Data  Lc  compass_vec_cal.o [4]
r3.6052                 0x20000068     0x4  Data  Lc  compass_vec_cal.o [4]
read_from_mpl           0x08012a93   0x196  Code  Gb  imu.o [1]
reg                     0x080156c4    0x2c  Data  Gb  inv_mpu.o [1]
rh                      0x200015a8    0x90  Data  Lc  results_holder.o [1]
rx_buff                 0x20001638    0x88  Data  Gb  uart.o [1]
s9axis                  0x20001030   0x138  Data  Wk  fusion_9axis.o [4]
sStartAddress           0x0800375e     0x2  Data  Lc  inv_mpu_dmp_motion_driver.o [1]
sensors                 0x200007b0   0x1d0  Data  Lc  data_builder.o [1]
set_int_enable          0x0800a6e1    0xbc  Code  Lc  inv_mpu.o [1]
set_sample_rate         0x08004631    0x4c  Code  Lc  accel_auto_cal.o [4]
set_sensor_orientation_and_scale
                        0x08002587     0x6  Code  Gb  data_builder.o [1]
setup_compass           0x0800bc21   0x298  Code  Lc  inv_mpu.o [1]
sqrt                    0x080039a9          Code  Gb  sqrt.o [5]
sqrtf                   0x08003735          Code  Gb  sqrtf.o [5]
sqrtl                   0x080039a9          Code  Gb  sqrt.o [5]
st                      0x20000000    0x38  Data  Lc  inv_mpu.o [1]
storeSysTick            0x0800c9d1     0xe  Code  Gb  tick.o [1]
strchr                  0x0800864d          Code  Gb  strchr.o [6]
strcspn                 0x08014aa7    0x22  Code  Gb  strcspn.o [3]
strlen                  0x08008665          Code  Gb  strlen.o [6]
strspn                  0x08014a85    0x22  Code  Gb  strspn.o [3]
strtok                  0x08014849    0x4c  Code  Gb  strtok.o [3]
tap_cb                  0x08012c29    0x7a  Code  Gb  imu.o [1]
test                    0x08015668    0x30  Data  Gb  inv_mpu.o [1]
timestamp               0x20001e7c     0x4  Data  Gb  main.o [1]
tx_buff                 0x200016c0    0x88  Data  Gb  uart.o [1]
tx_buff0                0x20001748    0x88  Data  Gb  uart.o [1]
tx_buff1                0x200017d0    0x88  Data  Gb  uart.o [1]
tx_buff2                0x20001858    0x88  Data  Gb  uart.o [1]
tx_buff3                0x200018e0    0x88  Data  Gb  uart.o [1]
tx_buff4                0x20001968    0x88  Data  Gb  uart.o [1]
tx_buff5                0x200019f0    0x88  Data  Gb  uart.o [1]
tx_buff6                0x20001a78    0x88  Data  Gb  uart.o [1]
tx_buff7                0x20001b00    0x88  Data  Gb  uart.o [1]
tx_buff8                0x20001b88    0x88  Data  Gb  uart.o [1]
tx_buff9                0x20001c10    0x88  Data  Gb  uart.o [1]
vc                      0x20000bb0   0x1a8  Data  Wk  compass_vec_cal.o [4]
vsprintf                0x08007751    0x2c  Code  Gb  vsprintf.o [3]


[1] = C:\Users\Ryan\Documents\IAR Embedded Workbench\Origin\Projects\EWARM\Template\Obj
[2] = command line
[3] = dl7M_tln.a
[4] = libmpllib.a
[5] = m7M_tlv.a
[6] = rt7M_tl.a
[7] = shb_l.a

  72 865 bytes of readonly  code memory
  16 183 bytes of readonly  data memory
   8 854 bytes of readwrite data memory

Errors: none
Warnings: 1
