###############################################################################
#
# IAR ELF Linker V7.30.1.7746/W32 for ARM                 02/Dec/2014  12:06:56
# Copyright 2007-2014 IAR Systems AB.
#
#    Output file  =  
#        C:\Users\Ryan\Documents\IAR Embedded
#        Workbench\Origin\Projects\EWARM\Template\Exe\Template.out
#    Map file     =  
#        C:\Users\Ryan\Documents\IAR Embedded
#        Workbench\Origin\Projects\EWARM\Template\List\Template.map
#    Command line =  
#        "C:\Users\Ryan\Documents\IAR Embedded
#        Workbench\Origin\Projects\EWARM\Template\Obj\adc.o"
#        "C:\Users\Ryan\Documents\IAR Embedded
#        Workbench\Origin\Projects\EWARM\Template\Obj\Button.o"
#        "C:\Users\Ryan\Documents\IAR Embedded
#        Workbench\Origin\Projects\EWARM\Template\Obj\data_builder.o"
#        "C:\Users\Ryan\Documents\IAR Embedded
#        Workbench\Origin\Projects\EWARM\Template\Obj\eMPL_outputs.o"
#        "C:\Users\Ryan\Documents\IAR Embedded
#        Workbench\Origin\Projects\EWARM\Template\Obj\fonts.o"
#        "C:\Users\Ryan\Documents\IAR Embedded
#        Workbench\Origin\Projects\EWARM\Template\Obj\gpio.o"
#        "C:\Users\Ryan\Documents\IAR Embedded
#        Workbench\Origin\Projects\EWARM\Template\Obj\gps.o"
#        "C:\Users\Ryan\Documents\IAR Embedded
#        Workbench\Origin\Projects\EWARM\Template\Obj\gui.o"
#        "C:\Users\Ryan\Documents\IAR Embedded
#        Workbench\Origin\Projects\EWARM\Template\Obj\hal_outputs.o"
#        "C:\Users\Ryan\Documents\IAR Embedded
#        Workbench\Origin\Projects\EWARM\Template\Obj\i2c.o"
#        "C:\Users\Ryan\Documents\IAR Embedded
#        Workbench\Origin\Projects\EWARM\Template\Obj\imu.o"
#        "C:\Users\Ryan\Documents\IAR Embedded
#        Workbench\Origin\Projects\EWARM\Template\Obj\inv_mpu.o"
#        "C:\Users\Ryan\Documents\IAR Embedded
#        Workbench\Origin\Projects\EWARM\Template\Obj\inv_mpu_dmp_motion_driver.o"
#        "C:\Users\Ryan\Documents\IAR Embedded
#        Workbench\Origin\Projects\EWARM\Template\Obj\lcd.o"
#        "C:\Users\Ryan\Documents\IAR Embedded
#        Workbench\Origin\Projects\EWARM\Template\Obj\log_stm32.o"
#        "C:\Users\Ryan\Documents\IAR Embedded
#        Workbench\Origin\Projects\EWARM\Template\Obj\main.o"
#        "C:\Users\Ryan\Documents\IAR Embedded
#        Workbench\Origin\Projects\EWARM\Template\Obj\message_layer.o"
#        "C:\Users\Ryan\Documents\IAR Embedded
#        Workbench\Origin\Projects\EWARM\Template\Obj\misc.o"
#        "C:\Users\Ryan\Documents\IAR Embedded
#        Workbench\Origin\Projects\EWARM\Template\Obj\ml_math_func.o"
#        "C:\Users\Ryan\Documents\IAR Embedded
#        Workbench\Origin\Projects\EWARM\Template\Obj\mpl.o"
#        "C:\Users\Ryan\Documents\IAR Embedded
#        Workbench\Origin\Projects\EWARM\Template\Obj\results_holder.o"
#        "C:\Users\Ryan\Documents\IAR Embedded
#        Workbench\Origin\Projects\EWARM\Template\Obj\spi.o"
#        "C:\Users\Ryan\Documents\IAR Embedded
#        Workbench\Origin\Projects\EWARM\Template\Obj\start_manager.o"
#        "C:\Users\Ryan\Documents\IAR Embedded
#        Workbench\Origin\Projects\EWARM\Template\Obj\startup_stm32f429_439xx.o"
#        "C:\Users\Ryan\Documents\IAR Embedded
#        Workbench\Origin\Projects\EWARM\Template\Obj\stm32f429i_discovery_lcd.o"
#        "C:\Users\Ryan\Documents\IAR Embedded
#        Workbench\Origin\Projects\EWARM\Template\Obj\stm32f429i_discovery_sdram.o"
#        "C:\Users\Ryan\Documents\IAR Embedded
#        Workbench\Origin\Projects\EWARM\Template\Obj\stm32f4xx_adc.o"
#        "C:\Users\Ryan\Documents\IAR Embedded
#        Workbench\Origin\Projects\EWARM\Template\Obj\stm32f4xx_can.o"
#        "C:\Users\Ryan\Documents\IAR Embedded
#        Workbench\Origin\Projects\EWARM\Template\Obj\stm32f4xx_crc.o"
#        "C:\Users\Ryan\Documents\IAR Embedded
#        Workbench\Origin\Projects\EWARM\Template\Obj\stm32f4xx_cryp.o"
#        "C:\Users\Ryan\Documents\IAR Embedded
#        Workbench\Origin\Projects\EWARM\Template\Obj\stm32f4xx_cryp_aes.o"
#        "C:\Users\Ryan\Documents\IAR Embedded
#        Workbench\Origin\Projects\EWARM\Template\Obj\stm32f4xx_cryp_des.o"
#        "C:\Users\Ryan\Documents\IAR Embedded
#        Workbench\Origin\Projects\EWARM\Template\Obj\stm32f4xx_cryp_tdes.o"
#        "C:\Users\Ryan\Documents\IAR Embedded
#        Workbench\Origin\Projects\EWARM\Template\Obj\stm32f4xx_dac.o"
#        "C:\Users\Ryan\Documents\IAR Embedded
#        Workbench\Origin\Projects\EWARM\Template\Obj\stm32f4xx_dbgmcu.o"
#        "C:\Users\Ryan\Documents\IAR Embedded
#        Workbench\Origin\Projects\EWARM\Template\Obj\stm32f4xx_dcmi.o"
#        "C:\Users\Ryan\Documents\IAR Embedded
#        Workbench\Origin\Projects\EWARM\Template\Obj\stm32f4xx_dma.o"
#        "C:\Users\Ryan\Documents\IAR Embedded
#        Workbench\Origin\Projects\EWARM\Template\Obj\stm32f4xx_dma2d.o"
#        "C:\Users\Ryan\Documents\IAR Embedded
#        Workbench\Origin\Projects\EWARM\Template\Obj\stm32f4xx_exti.o"
#        "C:\Users\Ryan\Documents\IAR Embedded
#        Workbench\Origin\Projects\EWARM\Template\Obj\stm32f4xx_flash.o"
#        "C:\Users\Ryan\Documents\IAR Embedded
#        Workbench\Origin\Projects\EWARM\Template\Obj\stm32f4xx_fmc.o"
#        "C:\Users\Ryan\Documents\IAR Embedded
#        Workbench\Origin\Projects\EWARM\Template\Obj\stm32f4xx_gpio.o"
#        "C:\Users\Ryan\Documents\IAR Embedded
#        Workbench\Origin\Projects\EWARM\Template\Obj\stm32f4xx_hash.o"
#        "C:\Users\Ryan\Documents\IAR Embedded
#        Workbench\Origin\Projects\EWARM\Template\Obj\stm32f4xx_hash_md5.o"
#        "C:\Users\Ryan\Documents\IAR Embedded
#        Workbench\Origin\Projects\EWARM\Template\Obj\stm32f4xx_hash_sha1.o"
#        "C:\Users\Ryan\Documents\IAR Embedded
#        Workbench\Origin\Projects\EWARM\Template\Obj\stm32f4xx_i2c.o"
#        "C:\Users\Ryan\Documents\IAR Embedded
#        Workbench\Origin\Projects\EWARM\Template\Obj\stm32f4xx_it.o"
#        "C:\Users\Ryan\Documents\IAR Embedded
#        Workbench\Origin\Projects\EWARM\Template\Obj\stm32f4xx_iwdg.o"
#        "C:\Users\Ryan\Documents\IAR Embedded
#        Workbench\Origin\Projects\EWARM\Template\Obj\stm32f4xx_ltdc.o"
#        "C:\Users\Ryan\Documents\IAR Embedded
#        Workbench\Origin\Projects\EWARM\Template\Obj\stm32f4xx_pwr.o"
#        "C:\Users\Ryan\Documents\IAR Embedded
#        Workbench\Origin\Projects\EWARM\Template\Obj\stm32f4xx_rcc.o"
#        "C:\Users\Ryan\Documents\IAR Embedded
#        Workbench\Origin\Projects\EWARM\Template\Obj\stm32f4xx_rng.o"
#        "C:\Users\Ryan\Documents\IAR Embedded
#        Workbench\Origin\Projects\EWARM\Template\Obj\stm32f4xx_rtc.o"
#        "C:\Users\Ryan\Documents\IAR Embedded
#        Workbench\Origin\Projects\EWARM\Template\Obj\stm32f4xx_sai.o"
#        "C:\Users\Ryan\Documents\IAR Embedded
#        Workbench\Origin\Projects\EWARM\Template\Obj\stm32f4xx_sdio.o"
#        "C:\Users\Ryan\Documents\IAR Embedded
#        Workbench\Origin\Projects\EWARM\Template\Obj\stm32f4xx_spi.o"
#        "C:\Users\Ryan\Documents\IAR Embedded
#        Workbench\Origin\Projects\EWARM\Template\Obj\stm32f4xx_syscfg.o"
#        "C:\Users\Ryan\Documents\IAR Embedded
#        Workbench\Origin\Projects\EWARM\Template\Obj\stm32f4xx_tim.o"
#        "C:\Users\Ryan\Documents\IAR Embedded
#        Workbench\Origin\Projects\EWARM\Template\Obj\stm32f4xx_usart.o"
#        "C:\Users\Ryan\Documents\IAR Embedded
#        Workbench\Origin\Projects\EWARM\Template\Obj\stm32f4xx_wwdg.o"
#        "C:\Users\Ryan\Documents\IAR Embedded
#        Workbench\Origin\Projects\EWARM\Template\Obj\storage_manager.o"
#        "C:\Users\Ryan\Documents\IAR Embedded
#        Workbench\Origin\Projects\EWARM\Template\Obj\system_stm32f4xx.o"
#        "C:\Users\Ryan\Documents\IAR Embedded
#        Workbench\Origin\Projects\EWARM\Template\Obj\tick.o"
#        "C:\Users\Ryan\Documents\IAR Embedded
#        Workbench\Origin\Projects\EWARM\Template\Obj\uart.o" --redirect
#        _Printf=_PrintfSmall --redirect _Scanf=_ScanfSmall -o
#        "C:\Users\Ryan\Documents\IAR Embedded
#        Workbench\Origin\Projects\EWARM\Template\Exe\Template.out" --map
#        "C:\Users\Ryan\Documents\IAR Embedded
#        Workbench\Origin\Projects\EWARM\Template\List\Template.map" --config
#        "C:\Users\Ryan\Documents\IAR Embedded
#        Workbench\Origin\Projects\EWARM\stm32f4xx_flash.icf" --semihosting
#        "C:\Users\Ryan\Documents\IAR Embedded
#        Workbench\Origin\Projects\EWARM\..\..\Drivers\core\mpl\libmpllib.a"
#        --entry __iar_program_start --vfe
#
###############################################################################

*******************************************************************************
*** MESSAGES
***

Warning[Lt009]: Inconsistent wchar_t size
          C:\Users\Ryan\Documents\IAR Embedded
                    Workbench\Origin\Projects\EWARM\Template\Obj\adc.o and 115
                    other objects have wchar_t size 16 bits
          fusion_9axis.o(libmpllib.a) and 6 other objects have wchar_t size 32
                    bits


*******************************************************************************
*** RUNTIME MODEL ATTRIBUTES
***

CppFlavor       = *
__SystemLibrary = DLib


*******************************************************************************
*** PLACEMENT SUMMARY
***

"A1":  place at 0x08000000 { ro section .intvec };
"P1":  place in [from 0x08000000 to 0x081fffff] { ro };
"P2":  place in [from 0x20000000 to 0x2002ffff] { rw, block CSTACK, block HEAP };

  Section             Kind        Address     Size  Object
  -------             ----        -------     ----  ------
"A1":                                        0x1b0
  .intvec             ro code  0x08000000    0x1ac  startup_stm32f429_439xx.o [1]
                             - 0x080001ac    0x1ac

"P1":                                      0x16f28
  .text               ro code  0x080001b0   0x2320  compass_vec_cal.o [4]
  .text               ro code  0x080024d0    0xc88  data_builder.o [1]
  .text               ro code  0x08003158     0x30  I32ToDbl.o [5]
  .text               ro code  0x08003188      0xc  DblLogLt.o [5]
  .text               ro code  0x08003194      0xc  DblLogGt.o [5]
  .text               ro code  0x080031a0    0x1a2  DblMul.o [5]
  .text               ro code  0x08003342     0x2e  copy_init3.o [6]
  .text               ro code  0x08003370    0x180  DblSub.o [5]
  .text               ro code  0x080034f0     0xe8  DblAdd.o [5]
  .text               ro code  0x080035d8      0xe  U32ToFlt.o [5]
  .text               ro code  0x080035e6     0x12  FltMul.o [5]
  .text               ro code  0x080035f8     0x12  cosf.o [5]
  .text               ro code  0x0800360a     0x22  zero_init3.o [6]
  .text               ro code  0x0800362c      0xe  FltLogEq.o [5]
  .text               ro code  0x0800363a      0xa  xsprout.o [3]
  .text               ro code  0x08003644     0x4e  FltToDbl.o [5]
  .text               ro code  0x08003692      0x6  log.o [5]
  .text               ro code  0x08003698     0x90  DblToFlt.o [5]
  .text               ro code  0x08003728     0x2c  sqrtf.o [5]
  .text               ro code  0x08003754      0xe  DblLogEq.o [5]
  .rodata             const    0x08003762      0x2  inv_mpu_dmp_motion_driver.o [1]
  .text               ro code  0x08003764    0x246  DblDiv.o [5]
  .rodata             const    0x080039aa      0x1  gps.o [1]
  .text               ro code  0x080039ac     0xf0  sqrt.o [5]
  .text               ro code  0x08003a9c    0x788  ml_math_func.o [1]
  .text               ro code  0x08004224      0xe  S32ToFlt.o [5]
  .text               ro code  0x08004232     0x12  FltAdd.o [5]
  .text               ro code  0x08004244    0x3b0  results_holder.o [1]
  .text               ro code  0x080045f4      0xe  FltToS32.o [5]
  .text               ro code  0x08004602     0x14  memset.o [3]
  .text               ro code  0x08004616      0xc  memcpy.o [3]
  .rodata             const    0x08004624     0x44  data_builder.o [1]
  .text               ro code  0x08004668    0xdb0  accel_auto_cal.o [4]
  .text               ro code  0x08005418    0x638  mag_disturb.o [4]
  .text               ro code  0x08005a50     0x4c  DblToI32.o [5]
  .text               ro code  0x08005a9c    0x132  I64DivMod.o [6]
  .text               ro code  0x08005bd0     0xdc  start_manager.o [1]
  .text               ro code  0x08005cac     0x76  ABImemcpy_unaligned.o [6]
  .text               ro code  0x08005d24     0x66  ABImemset.o [6]
  .text               ro code  0x08005d8c     0xac  storage_manager.o [1]
  .text               ro code  0x08005e38     0x62  memcmp_unaligned.o [6]
  .text               ro code  0x08005e9c     0x38  message_layer.o [1]
  .text               ro code  0x08005ed4    0x326  log_stm32.o [1]
  .text               ro code  0x080061fc     0x2e  DblCmpLe.o [5]
  .text               ro code  0x0800622c     0x2e  DblCmpGe.o [5]
  .text               ro code  0x0800625c    0x16c  xfsin.o [5]
  .text               ro code  0x080063c8     0x1c  FltCmpEq.o [5]
  .text               ro code  0x080063e4    0x2e8  xlog.o [5]
  .text               ro code  0x080066cc      0xc  iarEdom.o [6]
  .text               ro code  0x080066d8     0x20  DblCmpEq.o [5]
  .text               ro code  0x080066f8     0x6e  atan2f.o [5]
  .text               ro code  0x08006766     0x12  FltDiv.o [5]
  .text               ro code  0x08006778      0x6  cos.o [5]
  .text               ro code  0x08006780      0xc  FltLogLt.o [5]
  .text               ro code  0x0800678c      0xc  FltLogGt.o [5]
  .text               ro code  0x08006798      0xe  FltLogGe.o [5]
  .text               ro code  0x080067a8    0x118  hal_outputs.o [1]
  .text               ro code  0x080068c0     0x12  FltSub.o [5]
  .text               ro code  0x080068d4      0xe  FltLogLe.o [5]
  .text               ro code  0x080068e4      0xe  DblLogLe.o [5]
  .text               ro code  0x080068f2      0xc  memmove.o [6]
  .text               ro code  0x08006900    0xd44  fast_no_motion.o [4]
  .text               ro code  0x08007644     0x62  I64ToFlt.o [5]
  .text               ro code  0x080076a8     0x74  acosf.o [5]
  .text               ro code  0x0800771c      0x2  I64DivZer.o [6]
  .text               ro code  0x08007720     0x78  ABImemmove_unaligned.o [6]
  .text               ro code  0x08007798     0x2c  vsprintf.o [3]
  .text               ro code  0x080077c4      0xc  errno.o [3]
  .text               ro code  0x080077d0     0xec  xfquad.o [5]
  .text               ro code  0x080078bc     0x42  xdnorm.o [5]
  .text               ro code  0x08007900     0xa4  xatanf.o [5]
  .text               ro code  0x080079a4    0x460  xsin.o [5]
  .text               ro code  0x08007e04     0x24  FltCmpLe.o [5]
  .text               ro code  0x08007e28     0x24  FltCmpGe.o [5]
  .text               ro code  0x08007e4c     0x76  FltToS64.o [5]
  .text               ro code  0x08007ec4    0x4d8  xprintfsmall.o [3]
  .text               ro code  0x0800839c      0x2  xtls.o [3]
  .text               ro code  0x0800839e     0x50  xfdint.o [5]
  .text               ro code  0x080083f0    0x13c  fmodf.o [5]
  .text               ro code  0x0800852c    0x168  xquad.o [5]
  .text               ro code  0x08008694     0x16  strchr.o [6]
  .text               ro code  0x080086ac     0x36  strlen.o [6]
  .text               ro code  0x080086e4     0x58  memchr.o [6]
  .text               ro code  0x0800873c     0x7e  xdint.o [5]
  .text               ro code  0x080087bc    0x1a8  fmod.o [5]
  .rodata             const    0x08008964   0x1dc4  fonts.o [1]
  .text               ro code  0x0800a728   0x1b64  inv_mpu.o [1]
  .text               ro code  0x0800c28c    0x760  i2c.o [1]
  .text               ro code  0x0800c9ec     0x3a  tick.o [1]
  .text               ro code  0x0800ca28    0x2a0  stm32f4xx_rcc.o [1]
  .text               ro code  0x0800ccc8    0x13e  stm32f4xx_gpio.o [1]
  .text               ro code  0x0800ce08    0x27e  stm32f4xx_i2c.o [1]
  .rodata             const    0x0800d088   0x11d0  fonts.o [1]
  .text               ro code  0x0800e258    0xce6  stm32f429i_discovery_lcd.o [1]
  .text               ro code  0x0800ef40    0x338  stm32f4xx_ltdc.o [1]
  .text               ro code  0x0800f278    0x190  stm32f4xx_dma2d.o [1]
  .text               ro code  0x0800f408    0x13c  stm32f4xx_spi.o [1]
  .rodata             const    0x0800f544    0xbf8  inv_mpu_dmp_motion_driver.o [1]
  .text               ro code  0x0801013c    0xb60  inv_mpu_dmp_motion_driver.o [1]
  .rodata             const    0x08010c9c     0x2c  imu.o [1]
  .text               ro code  0x08010cc8    0xa78  quaternion_supervisor.o [4]
  .text               ro code  0x08011740     0x12  sinf.o [5]
  .text               ro code  0x08011754    0xa18  gui.o [1]
  .text               ro code  0x0801216c     0x12  sin.o [5]
  .text               ro code  0x0801217e     0x12  cos.o [5]
  .rodata             const    0x08012190    0x900  fonts.o [1]
  .text               ro code  0x08012a90    0x892  main.o [1]
  .text               ro code  0x08013324    0x138  gpio.o [1]
  .text               ro code  0x0801345c     0xc4  adc.o [1]
  .text               ro code  0x08013520     0xd4  spi.o [1]
  .text               ro code  0x080135f4    0x4f6  uart.o [1]
  .text               ro code  0x08013aec    0x320  imu.o [1]
  .text               ro code  0x08013e0c     0x76  Button.o [1]
  .text               ro code  0x08013e84     0xb0  mpl.o [1]
  .rodata             const    0x08013f34     0x2c  inv_mpu.o [1]
  .text               ro code  0x08013f60    0x6e0  fusion_9axis.o [4]
  .text               ro code  0x08014640    0x5e8  gyro_tc.o [4]
  .text               ro code  0x08014c28    0x5a0  eMPL_outputs.o [1]
  .text               ro code  0x080151c8    0x248  lcd.o [1]
  .text               ro code  0x08015410     0x8c  gps.o [1]
  .text               ro code  0x0801549c    0x1ec  stm32f4xx_adc.o [1]
  .text               ro code  0x08015688    0x23a  stm32f4xx_usart.o [1]
  .text               ro code  0x080158c4     0x7c  misc.o [1]
  .text               ro code  0x08015940     0x44  strcpy_unaligned.o [6]
  .text               ro code  0x08015984     0x54  stm32f4xx_syscfg.o [1]
  .text               ro code  0x080159d8     0xa4  stm32f4xx_exti.o [1]
  .text               ro code  0x08015a7c    0x35c  stm32f429i_discovery_sdram.o [1]
  .text               ro code  0x08015dd8     0x4c  strtok.o [3]
  .text               ro code  0x08015e24     0x42  strcmp_unaligned.o [6]
  .text               ro code  0x08015e66     0x10  atof.o [5]
  .text               ro code  0x08015e78    0x19c  stm32f4xx_fmc.o [1]
  .text               ro code  0x08016014     0x22  strspn.o [3]
  .text               ro code  0x08016036     0x22  strcspn.o [3]
  .text               ro code  0x08016058    0x168  xstod.o [5]
  .text               ro code  0x080161c0    0x130  xstopfx.o [3]
  .text               ro code  0x080162f0    0x1b4  xstoflt.o [3]
  .rodata             const    0x080164a4     0x24  imu.o [1]
  .text               ro code  0x080164c8    0x200  xdtento.o [5]
  .text               ro code  0x080166c8    0x200  xstoxflt.o [3]
  .text               ro code  0x080168c8    0x114  xdscale.o [5]
  .text               ro code  0x080169dc     0x56  xdunscal.o [5]
  .text               ro code  0x08016a34    0x154  system_stm32f4xx.o [1]
  .rodata             const    0x08016b88     0x50  mpl.o [1]
  .rodata             const    0x08016bd8     0x30  inv_mpu.o [1]
  .text               ro code  0x08016c08     0x28  stm32f4xx_it.o [1]
  .text               ro code  0x08016c30     0x28  data_init.o [6]
  .text               ro code  0x08016c58     0x22  fpinit_M.o [5]
  .iar.init_table     const    0x08016c7c     0x24  - Linker created -
  .rodata             const    0x08016ca0     0x1c  main.o [1]
  .rodata             const    0x08016cbc     0x1c  main.o [1]
  .rodata             const    0x08016cd8     0x1c  main.o [1]
  .text               ro code  0x08016cf4     0x1a  cmain.o [6]
  .text               ro code  0x08016d0e      0x4  low_level_init.o [3]
  .text               ro code  0x08016d12      0x4  exit.o [3]
  .text               ro code  0x08016d18      0xa  cexit.o [6]
  .text               ro code  0x08016d24     0x14  exit.o [7]
  .rodata             const    0x08016d38     0x18  mpl.o [1]
  .rodata             const    0x08016d50     0x14  imu.o [1]
  .rodata             const    0x08016d64     0x14  imu.o [1]
  .rodata             const    0x08016d78     0x14  inv_mpu.o [1]
  .rodata             const    0x08016d8c     0x14  main.o [1]
  .rodata             const    0x08016da0     0x10  inv_mpu.o [1]
  .rodata             const    0x08016db0     0x10  mpl.o [1]
  .rodata             const    0x08016dc0     0x10  mpl.o [1]
  .text               ro code  0x08016dd0     0x10  startup_stm32f429_439xx.o [1]
  .rodata             const    0x08016de0      0xc  imu.o [1]
  .rodata             const    0x08016dec      0xc  imu.o [1]
  .rodata             const    0x08016df8      0xc  imu.o [1]
  .rodata             const    0x08016e04      0xc  imu.o [1]
  .rodata             const    0x08016e10      0xc  imu.o [1]
  .rodata             const    0x08016e1c      0xc  inv_mpu_dmp_motion_driver.o [1]
  .rodata             const    0x08016e28      0xc  inv_mpu_dmp_motion_driver.o [1]
  .rodata             const    0x08016e34      0xc  inv_mpu_dmp_motion_driver.o [1]
  .rodata.str1.4      const    0x08016e40      0xc  quaternion_supervisor.o [4]
  .text               ro code  0x08016e4c      0xc  cstartup_M.o [6]
  .rodata             const    0x08016e58      0x8  gps.o [1]
  .rodata             const    0x08016e60      0x8  imu.o [1]
  .rodata             const    0x08016e68      0x8  imu.o [1]
  .rodata             const    0x08016e70      0x8  imu.o [1]
  .rodata             const    0x08016e78      0x8  imu.o [1]
  .rodata             const    0x08016e80      0x8  imu.o [1]
  .rodata             const    0x08016e88      0x8  imu.o [1]
  .rodata             const    0x08016e90      0x8  imu.o [1]
  .rodata             const    0x08016e98      0x4  inv_mpu_dmp_motion_driver.o [1]
  .rodata             const    0x08016e9c      0x4  inv_mpu_dmp_motion_driver.o [1]
  .rodata             const    0x08016ea0      0x4  inv_mpu_dmp_motion_driver.o [1]
  .rodata             const    0x08016ea4      0x4  inv_mpu_dmp_motion_driver.o [1]
  .text               ro code  0x08016ea8      0x4  startup_stm32f429_439xx.o [1]
  .text               ro code  0x08016eac      0x4  startup_stm32f429_439xx.o [1]
  .text               ro code  0x08016eb0      0x4  startup_stm32f429_439xx.o [1]
  .text               ro code  0x08016eb4      0x4  startup_stm32f429_439xx.o [1]
  .text               ro code  0x08016eb8      0x4  startup_stm32f429_439xx.o [1]
  .text               ro code  0x08016ebc      0x4  startup_stm32f429_439xx.o [1]
  .text               ro code  0x08016ec0      0x4  startup_stm32f429_439xx.o [1]
  .text               ro code  0x08016ec4      0x4  startup_stm32f429_439xx.o [1]
  .text               ro code  0x08016ec8      0x4  startup_stm32f429_439xx.o [1]
  .text               ro code  0x08016ecc      0x4  startup_stm32f429_439xx.o [1]
  .text               ro code  0x08016ed0      0x4  startup_stm32f429_439xx.o [1]
  .text               ro code  0x08016ed4      0x4  startup_stm32f429_439xx.o [1]
  .text               ro code  0x08016ed8      0x4  startup_stm32f429_439xx.o [1]
  .text               ro code  0x08016edc      0x4  startup_stm32f429_439xx.o [1]
  .text               ro code  0x08016ee0      0x4  startup_stm32f429_439xx.o [1]
  .text               ro code  0x08016ee4      0x4  startup_stm32f429_439xx.o [1]
  .text               ro code  0x08016ee8      0x4  startup_stm32f429_439xx.o [1]
  .text               ro code  0x08016eec      0x4  startup_stm32f429_439xx.o [1]
  .text               ro code  0x08016ef0      0x4  startup_stm32f429_439xx.o [1]
  .text               ro code  0x08016ef4      0x4  startup_stm32f429_439xx.o [1]
  .text               ro code  0x08016ef8      0x4  startup_stm32f429_439xx.o [1]
  .text               ro code  0x08016efc      0x4  startup_stm32f429_439xx.o [1]
  .text               ro code  0x08016f00      0x4  startup_stm32f429_439xx.o [1]
  .text               ro code  0x08016f04      0x4  startup_stm32f429_439xx.o [1]
  .text               ro code  0x08016f08      0x4  startup_stm32f429_439xx.o [1]
  .text               ro code  0x08016f0c      0x4  startup_stm32f429_439xx.o [1]
  .text               ro code  0x08016f10      0x4  startup_stm32f429_439xx.o [1]
  .text               ro code  0x08016f14      0x4  startup_stm32f429_439xx.o [1]
  .text               ro code  0x08016f18      0x4  startup_stm32f429_439xx.o [1]
  .text               ro code  0x08016f1c      0x4  startup_stm32f429_439xx.o [1]
  .text               ro code  0x08016f20      0x4  startup_stm32f429_439xx.o [1]
  .text               ro code  0x08016f24      0x4  startup_stm32f429_439xx.o [1]
  .text               ro code  0x08016f28      0x4  startup_stm32f429_439xx.o [1]
  .text               ro code  0x08016f2c      0x4  startup_stm32f429_439xx.o [1]
  .text               ro code  0x08016f30      0x4  startup_stm32f429_439xx.o [1]
  .text               ro code  0x08016f34      0x4  startup_stm32f429_439xx.o [1]
  .text               ro code  0x08016f38      0x4  startup_stm32f429_439xx.o [1]
  .text               ro code  0x08016f3c      0x4  startup_stm32f429_439xx.o [1]
  .text               ro code  0x08016f40      0x4  startup_stm32f429_439xx.o [1]
  .text               ro code  0x08016f44      0x4  startup_stm32f429_439xx.o [1]
  .text               ro code  0x08016f48      0x4  startup_stm32f429_439xx.o [1]
  .text               ro code  0x08016f4c      0x4  startup_stm32f429_439xx.o [1]
  .text               ro code  0x08016f50      0x4  startup_stm32f429_439xx.o [1]
  .text               ro code  0x08016f54      0x4  startup_stm32f429_439xx.o [1]
  .text               ro code  0x08016f58      0x4  startup_stm32f429_439xx.o [1]
  .text               ro code  0x08016f5c      0x4  startup_stm32f429_439xx.o [1]
  .text               ro code  0x08016f60      0x4  startup_stm32f429_439xx.o [1]
  .text               ro code  0x08016f64      0x4  startup_stm32f429_439xx.o [1]
  .text               ro code  0x08016f68      0x4  startup_stm32f429_439xx.o [1]
  .text               ro code  0x08016f6c      0x4  startup_stm32f429_439xx.o [1]
  .text               ro code  0x08016f70      0x4  startup_stm32f429_439xx.o [1]
  .text               ro code  0x08016f74      0x4  startup_stm32f429_439xx.o [1]
  .text               ro code  0x08016f78      0x4  startup_stm32f429_439xx.o [1]
  .text               ro code  0x08016f7c      0x4  startup_stm32f429_439xx.o [1]
  .text               ro code  0x08016f80      0x4  startup_stm32f429_439xx.o [1]
  .text               ro code  0x08016f84      0x4  startup_stm32f429_439xx.o [1]
  .text               ro code  0x08016f88      0x4  startup_stm32f429_439xx.o [1]
  .text               ro code  0x08016f8c      0x4  startup_stm32f429_439xx.o [1]
  .text               ro code  0x08016f90      0x4  startup_stm32f429_439xx.o [1]
  .text               ro code  0x08016f94      0x4  startup_stm32f429_439xx.o [1]
  .text               ro code  0x08016f98      0x4  startup_stm32f429_439xx.o [1]
  .text               ro code  0x08016f9c      0x4  startup_stm32f429_439xx.o [1]
  .text               ro code  0x08016fa0      0x4  startup_stm32f429_439xx.o [1]
  .text               ro code  0x08016fa4      0x4  startup_stm32f429_439xx.o [1]
  .text               ro code  0x08016fa8      0x4  startup_stm32f429_439xx.o [1]
  .text               ro code  0x08016fac      0x4  startup_stm32f429_439xx.o [1]
  .text               ro code  0x08016fb0      0x4  startup_stm32f429_439xx.o [1]
  .text               ro code  0x08016fb4      0x4  startup_stm32f429_439xx.o [1]
  .text               ro code  0x08016fb8      0x4  startup_stm32f429_439xx.o [1]
  .text               ro code  0x08016fbc      0x4  startup_stm32f429_439xx.o [1]
  .text               ro code  0x08016fc0      0x4  startup_stm32f429_439xx.o [1]
  .text               ro code  0x08016fc4      0x4  startup_stm32f429_439xx.o [1]
  .text               ro code  0x08016fc8      0x4  startup_stm32f429_439xx.o [1]
  .text               ro code  0x08016fcc      0x4  startup_stm32f429_439xx.o [1]
  .text               ro code  0x08016fd0      0x4  startup_stm32f429_439xx.o [1]
  .text               ro code  0x08016fd4      0x4  startup_stm32f429_439xx.o [1]
  .text               ro code  0x08016fd8      0x4  startup_stm32f429_439xx.o [1]
  .text               ro code  0x08016fdc      0x4  startup_stm32f429_439xx.o [1]
  .text               ro code  0x08016fe0      0x4  startup_stm32f429_439xx.o [1]
  .text               ro code  0x08016fe4      0x4  startup_stm32f429_439xx.o [1]
  .text               ro code  0x08016fe8      0x4  startup_stm32f429_439xx.o [1]
  .text               ro code  0x08016fec      0x4  startup_stm32f429_439xx.o [1]
  .text               ro code  0x08016ff0      0x4  startup_stm32f429_439xx.o [1]
  .text               ro code  0x08016ff4      0x4  startup_stm32f429_439xx.o [1]
  .text               ro code  0x08016ff8      0x4  startup_stm32f429_439xx.o [1]
  .text               ro code  0x08016ffc      0x4  startup_stm32f429_439xx.o [1]
  .text               ro code  0x08017000      0x4  startup_stm32f429_439xx.o [1]
  .text               ro code  0x08017004      0x4  startup_stm32f429_439xx.o [1]
  .text               ro code  0x08017008      0x4  startup_stm32f429_439xx.o [1]
  .text               ro code  0x0801700c      0x4  startup_stm32f429_439xx.o [1]
  .text               ro code  0x08017010      0x4  startup_stm32f429_439xx.o [1]
  .text               ro code  0x08017014      0x4  startup_stm32f429_439xx.o [1]
  .text               ro code  0x08017018      0x4  startup_stm32f429_439xx.o [1]
  .text               ro code  0x0801701c      0x4  startup_stm32f429_439xx.o [1]
  .text               ro code  0x08017020      0x4  startup_stm32f429_439xx.o [1]
  .text               ro code  0x08017024      0x4  startup_stm32f429_439xx.o [1]
  .text               ro code  0x08017028      0x4  startup_stm32f429_439xx.o [1]
  .text               ro code  0x0801702c      0x4  startup_stm32f429_439xx.o [1]
  .text               ro code  0x08017030      0x4  startup_stm32f429_439xx.o [1]
  .text               ro code  0x08017034      0x4  startup_stm32f429_439xx.o [1]
  .rodata             const    0x08017038      0x0  zero_init3.o [6]
  .rodata             const    0x08017038      0x0  copy_init3.o [6]
  Initializer bytes   ro data  0x08017038     0xa0  <for P2 s0>
                             - 0x080170d8  0x16f28

"P2":                                       0x29a8
  P2 s0                        0x20000000     0xa0  <Init block>
    .data             inited   0x20000000     0x38  inv_mpu.o [1]
    .data             inited   0x20000038     0x10  stm32f4xx_rcc.o [1]
    .data             inited   0x20000048      0xc  imu.o [1]
    .data             inited   0x20000054      0xc  imu.o [1]
    .data             inited   0x20000060      0xc  compass_vec_cal.o [4]
    .data             inited   0x2000006c      0x8  fonts.o [1]
    .data             inited   0x20000074      0x8  fonts.o [1]
    .data             inited   0x2000007c      0x8  fonts.o [1]
    .data             inited   0x20000084      0x4  imu.o [1]
    .data             inited   0x20000088      0x4  stm32f429i_discovery_lcd.o [1]
    .data             inited   0x2000008c      0x4  system_stm32f4xx.o [1]
    __DLIB_PERTHREAD  inited   0x20000090      0x4  strtok.o [3]
    __DLIB_PERTHREAD  inited   0x20000094      0x4  errno.o [3]
    .data             inited   0x20000098      0x2  gui.o [1]
    .data             inited   0x2000009a      0x2  gui.o [1]
    .data             inited   0x2000009c      0x2  i2c.o [1]
    .data             inited   0x2000009e      0x1  gui.o [1]
  .bss                zero     0x200000a0    0x708  gui.o [1]
  .bss                zero     0x200007a8    0x4b8  accel_auto_cal.o [4]
  .bss                zero     0x20000c60    0x260  fast_no_motion.o [4]
  .bss                zero     0x20000ec0    0x1d0  data_builder.o [1]
  .bss                zero     0x20001090    0x1c4  gyro_tc.o [4]
  .bss                zero     0x20001254     0x6c  quaternion_supervisor.o [4]
  .bss                zero     0x200012c0    0x1a8  compass_vec_cal.o [4]
  .bss                zero     0x20001468    0x198  storage_manager.o [1]
  .bss                zero     0x20001600    0x140  data_builder.o [1]
  .bss                zero     0x20001740    0x138  fusion_9axis.o [4]
  .bss                zero     0x20001878     0xe8  compass_vec_cal.o [4]
  .bss                zero     0x20001960     0xe8  compass_vec_cal.o [4]
  .bss                zero     0x20001a48     0xe8  compass_vec_cal.o [4]
  .bss                zero     0x20001b30     0xd0  hal_outputs.o [1]
  .bss                zero     0x20001c00     0xb8  mag_disturb.o [4]
  .bss                zero     0x20001cb8     0x90  results_holder.o [1]
  .bss                zero     0x20001d48     0x88  uart.o [1]
  .bss                zero     0x20001dd0     0x88  uart.o [1]
  .bss                zero     0x20001e58     0x88  uart.o [1]
  .bss                zero     0x20001ee0     0x88  uart.o [1]
  .bss                zero     0x20001f68     0x88  uart.o [1]
  .bss                zero     0x20001ff0     0x88  uart.o [1]
  .bss                zero     0x20002078     0x88  uart.o [1]
  .bss                zero     0x20002100     0x88  uart.o [1]
  .bss                zero     0x20002188     0x88  uart.o [1]
  .bss                zero     0x20002210     0x88  uart.o [1]
  .bss                zero     0x20002298     0x88  uart.o [1]
  .bss                zero     0x20002320     0x88  uart.o [1]
  .bss                zero     0x200023a8     0x80  main.o [1]
  .bss                zero     0x20002428     0x54  start_manager.o [1]
  .bss                zero     0x2000247c     0x24  imu.o [1]
  .bss                zero     0x200024a0     0x40  fast_no_motion.o [4]
  .bss                zero     0x200024e0     0x30  eMPL_outputs.o [1]
  .bss                zero     0x20002510     0x28  uart.o [1]
  .bss                zero     0x20002538     0x10  Button.o [1]
  .bss                zero     0x20002548     0x10  Button.o [1]
  .bss                zero     0x20002558     0x10  inv_mpu_dmp_motion_driver.o [1]
  .bss                zero     0x20002568      0x8  gui.o [1]
  .bss                zero     0x20002570      0x8  gui.o [1]
  .bss                zero     0x20002578      0x8  main.o [1]
  .bss                zero     0x20002580      0x8  main.o [1]
  .bss                zero     0x20002588      0x4  gui.o [1]
  .bss                zero     0x2000258c      0x4  message_layer.o [1]
  .bss                zero     0x20002590      0x4  stm32f429i_discovery_lcd.o [1]
  .bss                zero     0x20002594      0x4  stm32f429i_discovery_lcd.o [1]
  .bss                zero     0x20002598      0x4  tick.o [1]
  .bss                zero     0x2000259c      0x2  gui.o [1]
  .bss                zero     0x2000259e      0x2  main.o [1]
  .bss                zero     0x200025a0      0x2  stm32f429i_discovery_lcd.o [1]
  .bss                zero     0x200025a2      0x1  main.o [1]
  .bss                zero     0x200025a3      0x1  uart.o [1]
  CSTACK                       0x200025a8    0x400  <Block>
    CSTACK            uninit   0x200025a8    0x400  <Block tail>
                             - 0x200029a8   0x29a8


*******************************************************************************
*** INIT TABLE
***

          Address     Size
          -------     ----
Zero (__iar_zero_init3)
    1 destination range, total size 0x2504:
          0x200000a0  0x2504

Copy (__iar_copy_init3)
    1 source range, total size 0xa0 (100% of destination):
          0x08017038    0xa0
    1 destination range, total size 0x9f:
          0x20000000    0x9f



*******************************************************************************
*** MODULE SUMMARY
***

    Module                        ro code  ro data  rw data
    ------                        -------  -------  -------
C:\Users\Ryan\Documents\IAR Embedded Workbench\Origin\Projects\EWARM\Template\Obj: [1]
    Button.o                          118                32
    adc.o                             196
    data_builder.o                  3 208       68      784
    eMPL_outputs.o                  1 440                48
    fonts.o                                 14 508       24
    gpio.o                            312
    gps.o                             140        9
    gui.o                           2 584        5    1 827
    hal_outputs.o                     280               208
    i2c.o                           1 888        2        2
    imu.o                             800      264       64
    inv_mpu.o                       7 012      184       56
    inv_mpu_dmp_motion_driver.o     2 912    3 118       16
    lcd.o                             584
    log_stm32.o                       806
    main.o                          2 194      104      147
    message_layer.o                    56                 4
    misc.o                            124
    ml_math_func.o                  1 928
    mpl.o                             176      136
    results_holder.o                  944               144
    spi.o                             212
    start_manager.o                   220                84
    startup_stm32f429_439xx.o         844
    stm32f429i_discovery_lcd.o      3 302        4       14
    stm32f429i_discovery_sdram.o      860
    stm32f4xx_adc.o                   492
    stm32f4xx_dma2d.o                 400
    stm32f4xx_exti.o                  164
    stm32f4xx_fmc.o                   412
    stm32f4xx_gpio.o                  318
    stm32f4xx_i2c.o                   638
    stm32f4xx_it.o                     40
    stm32f4xx_ltdc.o                  824
    stm32f4xx_rcc.o                   672       16       16
    stm32f4xx_spi.o                   316
    stm32f4xx_syscfg.o                 84
    stm32f4xx_usart.o                 570
    storage_manager.o                 172               408
    system_stm32f4xx.o                340        4        4
    tick.o                             58                 4
    uart.o                          1 270             1 673
    -------------------------------------------------------
    Total:                         39 910   18 422    5 559

command line: [2]
    -------------------------------------------------------
    Total:

dl7M_tln.a: [3]
    errno.o                            12        4        4
    exit.o                              4
    low_level_init.o                    4
    memcpy.o                           12
    memset.o                           20
    strcspn.o                          34
    strspn.o                           34
    strtok.o                           76        4        4
    vsprintf.o                         44
    xprintfsmall.o                  1 240
    xsprout.o                          10
    xstoflt.o                         436
    xstopfx.o                         304
    xstoxflt.o                        512
    xtls.o                              2
    -------------------------------------------------------
    Total:                          2 744        8        8

libmpllib.a: [4]
    accel_auto_cal.o                3 504             1 208
    compass_vec_cal.o               8 992       12    1 132
    fast_no_motion.o                3 396               672
    fusion_9axis.o                  1 760               312
    gyro_tc.o                       1 512               452
    mag_disturb.o                   1 592               184
    quaternion_supervisor.o         2 680       12      108
    -------------------------------------------------------
    Total:                         23 436       24    4 068

m7M_tlv.a: [5]
    DblAdd.o                          232
    DblCmpEq.o                         32
    DblCmpGe.o                         46
    DblCmpLe.o                         46
    DblDiv.o                          582
    DblLogEq.o                         14
    DblLogGt.o                         12
    DblLogLe.o                         14
    DblLogLt.o                         12
    DblMul.o                          418
    DblSub.o                          384
    DblToFlt.o                        144
    DblToI32.o                         76
    FltAdd.o                           18
    FltCmpEq.o                         28
    FltCmpGe.o                         36
    FltCmpLe.o                         36
    FltDiv.o                           18
    FltLogEq.o                         14
    FltLogGe.o                         14
    FltLogGt.o                         12
    FltLogLe.o                         14
    FltLogLt.o                         12
    FltMul.o                           18
    FltSub.o                           18
    FltToDbl.o                         78
    FltToS32.o                         14
    FltToS64.o                        118
    I32ToDbl.o                         48
    I64ToFlt.o                         98
    S32ToFlt.o                         14
    U32ToFlt.o                         14
    acosf.o                           116
    atan2f.o                          110
    atof.o                             16
    cos.o                              24
    cosf.o                             18
    fmod.o                            424
    fmodf.o                           316
    fpinit_M.o                         34
    log.o                               6
    sin.o                              18
    sinf.o                             18
    sqrt.o                            240
    sqrtf.o                            44
    xatanf.o                          164
    xdint.o                           126
    xdnorm.o                           66
    xdscale.o                         276
    xdtento.o                         512
    xdunscal.o                         86
    xfdint.o                           80
    xfquad.o                          236
    xfsin.o                           364
    xlog.o                            744
    xquad.o                           360
    xsin.o                          1 120
    xstod.o                           360
    -------------------------------------------------------
    Total:                          8 512

rt7M_tl.a: [6]
    ABImemcpy_unaligned.o             118
    ABImemmove_unaligned.o            120
    ABImemset.o                       102
    I64DivMod.o                       306
    I64DivZer.o                         2
    cexit.o                            10
    cmain.o                            26
    copy_init3.o                       46
    cstartup_M.o                       12
    data_init.o                        40
    iarEdom.o                          12
    memchr.o                           88
    memcmp_unaligned.o                 98
    memmove.o                          12
    strchr.o                           22
    strcmp_unaligned.o                 66
    strcpy_unaligned.o                 68
    strlen.o                           54
    zero_init3.o                       34
    -------------------------------------------------------
    Total:                          1 236

shb_l.a: [7]
    exit.o                             20
    -------------------------------------------------------
    Total:                             20

    Gaps                               65        6
    Linker created                              37    1 024
-----------------------------------------------------------
    Grand Total:                   75 923   18 497   10 659


*******************************************************************************
*** ENTRY LIST
***

Entry                      Address    Size  Type      Object
-----                      -------    ----  ----      ------
?main                   0x08016cf5          Code  Gb  cmain.o [6]
ADC_Cmd                 0x0801553f    0x1a  Code  Gb  stm32f4xx_adc.o [1]
ADC_CommonInit          0x0801550b    0x22  Code  Gb  stm32f4xx_adc.o [1]
ADC_CommonStructInit    0x0801552d    0x12  Code  Gb  stm32f4xx_adc.o [1]
ADC_ContinuousModeCmd   0x08015659    0x1a  Code  Gb  stm32f4xx_adc.o [1]
ADC_GetConversionValue  0x08015673     0x6  Code  Gb  stm32f4xx_adc.o [1]
ADC_Init                0x0801549d    0x50  Code  Gb  stm32f4xx_adc.o [1]
ADC_RegularChannelConfig
                        0x08015559    0xf6  Code  Gb  stm32f4xx_adc.o [1]
ADC_SoftwareStartConv   0x0801564f     0xa  Code  Gb  stm32f4xx_adc.o [1]
ADC_Start               0x0801345d    0x7c  Code  Gb  adc.o [1]
ADC_StructInit          0x080154ed    0x1e  Code  Gb  stm32f4xx_adc.o [1]
APBAHBPrescTable        0x20000038    0x10  Data  Lc  stm32f4xx_rcc.o [1]
ASCII16x24_Table        0x0800d088  0x11d0  Data  Gb  fonts.o [1]
ASCII8x12_Table         0x08012190   0x900  Data  Gb  fonts.o [1]
Avenir                  0x2000007c     0x8  Data  Gb  fonts.o [1]
Avenir_Table            0x08008964  0x1dc4  Data  Gb  fonts.o [1]
BusFault_Handler        0x08016c0f     0x2  Code  Gb  stm32f4xx_it.o [1]
CSTACK$$Base            0x200025a8           --   Gb  - Linker created -
CSTACK$$Limit           0x200029a8           --   Gb  - Linker created -
ComputeAngleVelocity    0x08005595    0x54  Code  Gb  mag_disturb.o [4]
CurrentFrameBuffer      0x20000088     0x4  Data  Lc  stm32f429i_discovery_lcd.o [1]
CurrentLayer            0x20002594     0x4  Data  Lc  stm32f429i_discovery_lcd.o [1]
CurrentTextColor        0x200025a0     0x2  Data  Lc  stm32f429i_discovery_lcd.o [1]
DMA2D_DeInit            0x0800f279    0x18  Code  Gb  stm32f4xx_dma2d.o [1]
DMA2D_GetFlagStatus     0x0800f3cd    0x1a  Code  Gb  stm32f4xx_dma2d.o [1]
DMA2D_Init              0x0800f291   0x12e  Code  Gb  stm32f4xx_dma2d.o [1]
DMA2D_StartTransfer     0x0800f3bf     0xe  Code  Gb  stm32f4xx_dma2d.o [1]
DebugMon_Handler        0x08016c15     0x2  Code  Gb  stm32f4xx_it.o [1]
EXTI15_10_IRQHandler    0x08016c21    0x10  Code  Gb  stm32f4xx_it.o [1]
EXTI_ClearITPendingBit  0x08015a61     0x6  Code  Gb  stm32f4xx_exti.o [1]
EXTI_Init               0x080159d9    0x88  Code  Gb  stm32f4xx_exti.o [1]
FMC_GetFlagStatus       0x08015fa5    0x4e  Code  Gb  stm32f4xx_fmc.o [1]
FMC_SDRAMCmdConfig      0x08015f79    0x1e  Code  Gb  stm32f4xx_fmc.o [1]
FMC_SDRAMInit           0x08015e79   0x100  Code  Gb  stm32f4xx_fmc.o [1]
FMC_SetRefreshCount     0x08015f97     0xe  Code  Gb  stm32f4xx_fmc.o [1]
Flash_Start             0x08013521    0xc6  Code  Gb  spi.o [1]
Font16x24               0x2000006c     0x8  Data  Gb  fonts.o [1]
Font8x12                0x20000074     0x8  Data  Gb  fonts.o [1]
GPIO_Init               0x0800ccc9    0xaa  Code  Gb  stm32f4xx_gpio.o [1]
GPIO_PinAFConfig        0x0800cdad    0x5a  Code  Gb  stm32f4xx_gpio.o [1]
GPIO_ReadInputDataBit   0x0800cd73    0x1a  Code  Gb  stm32f4xx_gpio.o [1]
GPIO_ResetBits          0x0800cd91     0x4  Code  Gb  stm32f4xx_gpio.o [1]
GPIO_SetBits            0x0800cd8d     0x4  Code  Gb  stm32f4xx_gpio.o [1]
GPIO_Start              0x08013325   0x138  Code  Gb  gpio.o [1]
GPIO_ToggleBits         0x0800cda3     0xa  Code  Gb  stm32f4xx_gpio.o [1]
GPIO_WriteBit           0x0800cd95     0xe  Code  Gb  stm32f4xx_gpio.o [1]
GUI_ClearArrow          0x08011e57   0x17e  Code  Gb  gui.o [1]
GUI_ClearBackground     0x080117a9     0xa  Code  Gb  gui.o [1]
GUI_ClearBattery        0x08011c7d    0x18  Code  Gb  gui.o [1]
GUI_ClearNode           0x08011b8b    0x4c  Code  Gb  gui.o [1]
GUI_DrawArrow           0x08011c9f   0x1b8  Code  Gb  gui.o [1]
GUI_DrawBackground      0x08011755    0x54  Code  Gb  gui.o [1]
GUI_DrawBattery         0x08011bdf    0x9e  Code  Gb  gui.o [1]
GUI_DrawNode            0x08011a2d   0x15e  Code  Gb  gui.o [1]
GUI_DrawTime            0x08011fd5    0xec  Code  Gb  gui.o [1]
GUI_InitNode            0x080117b3    0xfe  Code  Gb  gui.o [1]
GUI_Redraw              0x080120c1    0x70  Code  Gb  gui.o [1]
GUI_UpdateArrow         0x08011c95     0xa  Code  Gb  gui.o [1]
GUI_UpdateBattery       0x08011bd7     0x8  Code  Gb  gui.o [1]
GUI_UpdateNode          0x080118b1   0x17c  Code  Gb  gui.o [1]
Get_I2C_Retry           0x0800c9b9     0x6  Code  Gb  i2c.o [1]
HardFault_Handler       0x08016c0b     0x2  Code  Gb  stm32f4xx_it.o [1]
I2C_AcknowledgeConfig   0x0800cfd7    0x1c  Code  Gb  stm32f4xx_i2c.o [1]
I2C_ClearFlag           0x0800d079     0xe  Code  Gb  stm32f4xx_i2c.o [1]
I2C_Cmd                 0x0800cf6d    0x1c  Code  Gb  stm32f4xx_i2c.o [1]
I2C_DeInit              0x0800ce09    0x58  Code  Gb  stm32f4xx_i2c.o [1]
I2C_GenerateSTART       0x0800cf89    0x1c  Code  Gb  stm32f4xx_i2c.o [1]
I2C_GenerateSTOP        0x0800cfa5    0x1c  Code  Gb  stm32f4xx_i2c.o [1]
I2C_GetFlagStatus       0x0800d033    0x46  Code  Gb  stm32f4xx_i2c.o [1]
I2C_Init                0x0800ce61    0xf2  Code  Gb  stm32f4xx_i2c.o [1]
I2C_ReadRegister        0x0800d019    0x1a  Code  Gb  stm32f4xx_i2c.o [1]
I2C_ReceiveData         0x0800d013     0x6  Code  Gb  stm32f4xx_i2c.o [1]
I2C_Send7bitAddress     0x0800cfc1    0x16  Code  Gb  stm32f4xx_i2c.o [1]
I2C_SendData            0x0800d00d     0x6  Code  Gb  stm32f4xx_i2c.o [1]
I2C_SoftwareResetCmd    0x0800cff3    0x1a  Code  Gb  stm32f4xx_i2c.o [1]
I2Cx_TIMEOUT_UserCallback
                        0x0800c33d    0x6e  Code  Lc  i2c.o [1]
I2cMaster_Init          0x0800c28d    0xb0  Code  Gb  i2c.o [1]
IMU_Int_Start           0x08013aed    0x7a  Code  Gb  imu.o [1]
InitButton              0x08013e0d     0x6  Code  Gb  Button.o [1]
LCD_AF_GPIOConfig       0x080152af   0x148  Code  Gb  lcd.o [1]
LCD_ChipSelect          0x0800e305    0x22  Code  Gb  stm32f429i_discovery_lcd.o [1]
LCD_Clear               0x0800e363    0x1c  Code  Gb  stm32f429i_discovery_lcd.o [1]
LCD_Config              0x080151c9    0xe6  Code  Gb  lcd.o [1]
LCD_CtrlLinesConfig     0x0800edbf    0x4a  Code  Gb  stm32f429i_discovery_lcd.o [1]
LCD_CtrlLinesWrite      0x0800ee09    0x18  Code  Gb  stm32f429i_discovery_lcd.o [1]
LCD_Currentfonts        0x20002588     0x4  Data  Lc  gui.o [1]
LCD_Currentfonts        0x20002590     0x4  Data  Lc  stm32f429i_discovery_lcd.o [1]
LCD_DrawChar            0x0800e37f    0xd0  Code  Gb  stm32f429i_discovery_lcd.o [1]
LCD_DrawCircle          0x0800e50f    0xd2  Code  Gb  stm32f429i_discovery_lcd.o [1]
LCD_DrawFullCircle      0x0800e6b9    0xca  Code  Gb  stm32f429i_discovery_lcd.o [1]
LCD_DrawFullRect        0x0800e5e9    0xb0  Code  Gb  stm32f429i_discovery_lcd.o [1]
LCD_DrawLine            0x0800e44f    0xc0  Code  Gb  stm32f429i_discovery_lcd.o [1]
LCD_DrawUniLine         0x0800e783   0x18a  Code  Gb  stm32f429i_discovery_lcd.o [1]
LCD_FillTriangle        0x0800e90d   0x192  Code  Gb  stm32f429i_discovery_lcd.o [1]
LCD_LayerInit           0x0800e259    0xac  Code  Gb  stm32f429i_discovery_lcd.o [1]
LCD_PowerOn             0x0800eb33   0x28c  Code  Gb  stm32f429i_discovery_lcd.o [1]
LCD_SPIConfig           0x0800ee21    0xba  Code  Gb  stm32f429i_discovery_lcd.o [1]
LCD_SetFont             0x0800e35b     0x8  Code  Gb  stm32f429i_discovery_lcd.o [1]
LCD_SetLayer            0x0800e327    0x2c  Code  Gb  stm32f429i_discovery_lcd.o [1]
LCD_SetTextColor        0x0800e353     0x8  Code  Gb  stm32f429i_discovery_lcd.o [1]
LCD_WriteCommand        0x0800ea9f    0x4a  Code  Gb  stm32f429i_discovery_lcd.o [1]
LCD_WriteData           0x0800eae9    0x4a  Code  Gb  stm32f429i_discovery_lcd.o [1]
LTDC_Cmd                0x0800f0a9    0x2a  Code  Gb  stm32f4xx_ltdc.o [1]
LTDC_DitherCmd          0x0800f0d3    0x2a  Code  Gb  stm32f4xx_ltdc.o [1]
LTDC_Init               0x0800ef41   0x168  Code  Gb  stm32f4xx_ltdc.o [1]
LTDC_LayerCmd           0x0800f235    0x1a  Code  Gb  stm32f4xx_ltdc.o [1]
LTDC_LayerInit          0x0800f105   0x130  Code  Gb  stm32f4xx_ltdc.o [1]
LTDC_ReloadConfig       0x0800f0fd     0x8  Code  Gb  stm32f4xx_ltdc.o [1]
LoadInt                 0x0800824d    0x4c  Code  Lc  xprintfsmall.o [3]
Mag3ofNormalizedLong    0x080055e9    0x56  Code  Gb  mag_disturb.o [4]
MagDisturbCheckSettling
                        0x080056b9    0x48  Code  Gb  mag_disturb.o [4]
MagDisturbSetDisturbance
                        0x08005641    0x78  Code  Gb  mag_disturb.o [4]
MemManage_Handler       0x08016c0d     0x2  Code  Gb  stm32f4xx_it.o [1]
NMI_Handler             0x08016c09     0x2  Code  Gb  stm32f4xx_it.o [1]
NVIC_Init               0x080158c5    0x6a  Code  Gb  misc.o [1]
NVIC_SetPriority        0x08012a91    0x2a  Code  Lc  main.o [1]
PendSV_Handler          0x08016c17     0x2  Code  Gb  stm32f4xx_it.o [1]
PutPixel                0x0800eeed    0x34  Code  Lc  stm32f429i_discovery_lcd.o [1]
RCC_AHB1PeriphClockCmd  0x0800cb5f    0x1e  Code  Gb  stm32f4xx_rcc.o [1]
RCC_AHB1PeriphResetCmd  0x0800cbd7    0x1e  Code  Gb  stm32f4xx_rcc.o [1]
RCC_AHB3PeriphClockCmd  0x0800cb7d    0x1e  Code  Gb  stm32f4xx_rcc.o [1]
RCC_APB1PeriphClockCmd  0x0800cb9b    0x1e  Code  Gb  stm32f4xx_rcc.o [1]
RCC_APB1PeriphResetCmd  0x0800cbf5    0x1e  Code  Gb  stm32f4xx_rcc.o [1]
RCC_APB2PeriphClockCmd  0x0800cbb9    0x1e  Code  Gb  stm32f4xx_rcc.o [1]
RCC_APB2PeriphResetCmd  0x0800cc13    0x1e  Code  Gb  stm32f4xx_rcc.o [1]
RCC_GetClocksFreq       0x0800ca49   0x102  Code  Gb  stm32f4xx_rcc.o [1]
RCC_GetFlagStatus       0x0800cc31    0x50  Code  Gb  stm32f4xx_rcc.o [1]
RCC_LTDCCLKDivConfig    0x0800cb4b    0x14  Code  Gb  stm32f4xx_rcc.o [1]
RCC_PLLSAICmd           0x0800ca3f     0xa  Code  Gb  stm32f4xx_rcc.o [1]
RCC_PLLSAIConfig        0x0800ca29    0x16  Code  Gb  stm32f4xx_rcc.o [1]
RETRY_IN_MLSEC          0x2000009c     0x2  Data  Lc  i2c.o [1]
Region$$Table$$Base     0x08016c7c           --   Gb  - Linker created -
Region$$Table$$Limit    0x08016ca0           --   Gb  - Linker created -
SDRAM_GPIOConfig        0x08015ae9   0x1f2  Code  Gb  stm32f429i_discovery_sdram.o [1]
SDRAM_Init              0x08015a7d    0x6c  Code  Gb  stm32f429i_discovery_sdram.o [1]
SDRAM_InitSequence      0x08015cdb    0xbe  Code  Gb  stm32f429i_discovery_sdram.o [1]
SPI_Cmd                 0x0800f50d    0x1c  Code  Gb  stm32f4xx_spi.o [1]
SPI_I2S_DeInit          0x0800f409    0xac  Code  Gb  stm32f4xx_spi.o [1]
SPI_I2S_GetFlagStatus   0x0800f52d    0x18  Code  Gb  stm32f4xx_spi.o [1]
SPI_I2S_SendData        0x0800f529     0x4  Code  Gb  stm32f4xx_spi.o [1]
SPI_Init                0x0800f4b5    0x40  Code  Gb  stm32f4xx_spi.o [1]
ST_Sensors_I2C_ReadRegister
                        0x0800c5dd   0x3d6  Code  Gb  i2c.o [1]
ST_Sensors_I2C_WriteRegister
                        0x0800c46f   0x16e  Code  Gb  i2c.o [1]
SVC_Handler             0x08016c13     0x2  Code  Gb  stm32f4xx_it.o [1]
SYSCFG_EXTILineConfig   0x08015985    0x50  Code  Gb  stm32f4xx_syscfg.o [1]
Sensors_I2C_ReadRegister
                        0x0800c40d    0x62  Code  Gb  i2c.o [1]
Sensors_I2C_WriteRegister
                        0x0800c3ab    0x62  Code  Gb  i2c.o [1]
SetSysClock             0x08016a87    0xce  Code  Lc  system_stm32f4xx.o [1]
Set_I2C_Retry           0x0800c9b3     0x6  Code  Gb  i2c.o [1]
SysTick_Config          0x08012abb    0x36  Code  Lc  main.o [1]
SysTick_Handler         0x08016c19     0x8  Code  Gb  stm32f4xx_it.o [1]
SystemCoreClock         0x2000008c     0x4  Data  Gb  system_stm32f4xx.o [1]
SystemInit              0x08016a35    0x52  Code  Gb  system_stm32f4xx.o [1]
UART4_IRQHandler        0x080137d3    0x98  Code  Gb  uart.o [1]
UART4_Start             0x080135f5    0xde  Code  Gb  uart.o [1]
UART5_IRQHandler        0x0801386b   0x1bc  Code  Gb  uart.o [1]
UART5_Start             0x080136d3   0x100  Code  Gb  uart.o [1]
UART_Transmit           0x08013a75    0x4e  Code  Gb  uart.o [1]
USART_ClearFlag         0x08015825     0xc  Code  Gb  stm32f4xx_usart.o [1]
USART_ClearITPendingBit
                        0x0801589f    0x24  Code  Gb  stm32f4xx_usart.o [1]
USART_Cmd               0x08015785    0x1c  Code  Gb  stm32f4xx_usart.o [1]
USART_GetFlagStatus     0x08015807    0x1e  Code  Gb  stm32f4xx_usart.o [1]
USART_GetITStatus       0x08015831    0x6e  Code  Gb  stm32f4xx_usart.o [1]
USART_ITConfig          0x080157b1    0x56  Code  Gb  stm32f4xx_usart.o [1]
USART_Init              0x08015689    0xee  Code  Gb  stm32f4xx_usart.o [1]
USART_ReceiveData       0x080157a9     0x8  Code  Gb  stm32f4xx_usart.o [1]
USART_SendData          0x080157a1     0x8  Code  Gb  stm32f4xx_usart.o [1]
UpdateButton            0x08013e13    0x5e  Code  Gb  Button.o [1]
UsageFault_Handler      0x08016c11     0x2  Code  Gb  stm32f4xx_it.o [1]
_LitobSmall             0x08008299    0xce  Code  Lc  xprintfsmall.o [3]
_MLPrintLog             0x08005ed5    0xca  Code  Gb  log_stm32.o [1]
_PrintfSmall            0x08007ec5   0x382  Code  Gb  xprintfsmall.o [3]
_PutcharsSmall          0x08008367    0x2e  Code  Lc  xprintfsmall.o [3]
_SProut                 0x0800363b     0xa  Code  Gb  xsprout.o [3]
_Stoflt                 0x080162f1   0x1b4  Code  Gb  xstoflt.o [3]
_Stopfx                 0x080161c1   0x130  Code  Gb  xstopfx.o [3]
_Stoxflt                0x080166c9   0x1cc  Code  Gb  xstoxflt.o [3]
_Strtok_ssave           0x20000090     0x4  Data  Lc  strtok.o [3]
__aeabi_cdcmpeq         0x080066d9          Code  Gb  DblCmpEq.o [5]
__aeabi_cdcmple         0x080061fd          Code  Gb  DblCmpLe.o [5]
__aeabi_cdrcmple        0x0800622d          Code  Gb  DblCmpGe.o [5]
__aeabi_cfcmpeq         0x080063c9          Code  Gb  FltCmpEq.o [5]
__aeabi_cfcmple         0x08007e05          Code  Gb  FltCmpLe.o [5]
__aeabi_cfrcmple        0x08007e29          Code  Gb  FltCmpGe.o [5]
__aeabi_d2f             0x08003699          Code  Gb  DblToFlt.o [5]
__aeabi_d2iz            0x08005a51          Code  Gb  DblToI32.o [5]
__aeabi_dadd            0x080034f1          Code  Gb  DblAdd.o [5]
__aeabi_dcmpeq          0x08003755          Code  Gb  DblLogEq.o [5]
__aeabi_dcmpgt          0x08003195          Code  Gb  DblLogGt.o [5]
__aeabi_dcmple          0x080068e5          Code  Gb  DblLogLe.o [5]
__aeabi_dcmplt          0x08003189          Code  Gb  DblLogLt.o [5]
__aeabi_ddiv            0x08003765          Code  Gb  DblDiv.o [5]
__aeabi_dmul            0x080031a1          Code  Gb  DblMul.o [5]
__aeabi_dsub            0x08003371          Code  Gb  DblSub.o [5]
__aeabi_errno_addr      0x080077c5     0x6  Code  Gb  errno.o [3]
__aeabi_f2d             0x08003645          Code  Gb  FltToDbl.o [5]
__aeabi_f2iz            0x080045f5     0xe  Code  Gb  FltToS32.o [5]
__aeabi_f2lz            0x08007e4d          Code  Gb  FltToS64.o [5]
__aeabi_fadd            0x08004233    0x12  Code  Gb  FltAdd.o [5]
__aeabi_fcmpeq          0x0800362d          Code  Gb  FltLogEq.o [5]
__aeabi_fcmpge          0x08006799          Code  Gb  FltLogGe.o [5]
__aeabi_fcmpgt          0x0800678d          Code  Gb  FltLogGt.o [5]
__aeabi_fcmple          0x080068d5          Code  Gb  FltLogLe.o [5]
__aeabi_fcmplt          0x08006781          Code  Gb  FltLogLt.o [5]
__aeabi_fdiv            0x08006767    0x12  Code  Gb  FltDiv.o [5]
__aeabi_fmul            0x080035e7    0x12  Code  Gb  FltMul.o [5]
__aeabi_fsub            0x080068c1    0x12  Code  Gb  FltSub.o [5]
__aeabi_i2d             0x08003159          Code  Gb  I32ToDbl.o [5]
__aeabi_i2f             0x08004225     0xe  Code  Gb  S32ToFlt.o [5]
__aeabi_l2f             0x08007645          Code  Gb  I64ToFlt.o [5]
__aeabi_ldiv0           0x0800771d          Code  Gb  I64DivZer.o [6]
__aeabi_ldivmod         0x08005a9d          Code  Gb  I64DivMod.o [6]
__aeabi_memset          0x08005d25          Code  Gb  ABImemset.o [6]
__aeabi_ui2d            0x0800316d          Code  Gb  I32ToDbl.o [5]
__aeabi_ui2f            0x080035d9     0xe  Code  Gb  U32ToFlt.o [5]
__aeabi_ul2f            0x08007661          Code  Gb  I64ToFlt.o [5]
__aeabi_uldivmod        0x08005ae1          Code  Gb  I64DivMod.o [6]
__cmain                 0x08016cf5          Code  Gb  cmain.o [6]
__exit                  0x08016d25    0x14  Code  Gb  exit.o [7]
__iar_Dint              0x0800873d    0x7e  Code  Gb  xdint.o [5]
__iar_Dnorm             0x080078bd    0x42  Code  Gb  xdnorm.o [5]
__iar_Dscale            0x080168c9   0x114  Code  Gb  xdscale.o [5]
__iar_Dtentox           0x08016525   0x13e  Code  Gb  xdtento.o [5]
__iar_Dunscale          0x080169dd    0x56  Code  Gb  xdunscal.o [5]
__iar_Errno             0x20000094     0x4  Data  Gb  errno.o [3]
__iar_FDint             0x0800839f    0x50  Code  Gb  xfdint.o [5]
__iar_FQuad             0x080077d1    0xc2  Code  Gb  xfquad.o [5]
__iar_FSin              0x0800625d   0x12a  Code  Gb  xfsin.o [5]
__iar_Log               0x080063e5   0x25a  Code  Gb  xlog.o [5]
__iar_Memchr            0x080086e5          Code  Gb  memchr.o [6]
__iar_Memset            0x08005d25          Code  Gb  ABImemset.o [6]
__iar_Memset_word       0x08005d2d          Code  Gb  ABImemset.o [6]
__iar_Quad              0x0800852d   0x12c  Code  Gb  xquad.o [5]
__iar_Sin               0x080079a5   0x3c4  Code  Gb  xsin.o [5]
__iar_Stod              0x080161bd     0x4  Code  Gb  xstod.o [5]
__iar_Stodx             0x08016059   0x14e  Code  Gb  xstod.o [5]
__iar_Strchr            0x08008695          Code  Gb  strchr.o [6]
__iar_copy_init3        0x08003343    0x2e  Code  Gb  copy_init3.o [6]
__iar_d2uiz             0x08005a7d          Code  Gb  DblToI32.o [5]
__iar_dadd              0x08003505          Code  Gb  DblAdd.o [5]
__iar_data_init3        0x08016c31    0x28  Code  Gb  data_init.o [6]
__iar_dlib_perthread_access
                        0x0800839d     0x2  Code  Gb  xtls.o [3]
__iar_dsub              0x08003385          Code  Gb  DblSub.o [5]
__iar_dsubStart         0x08003397          Code  Gb  DblSub.o [5]
__iar_edom              0x080066cd          Code  Gb  iarEdom.o [6]
__iar_fmod              0x080087bd          Code  Gb  fmod.o [5]
__iar_fmodl             0x080087bd          Code  Gb  fmod.o [5]
__iar_init_vfp          0x08016c59          Code  Gb  fpinit_M.o [5]
__iar_program_start     0x08016e4d          Code  Gb  cstartup_M.o [6]
__iar_softfp_acosf      0x080076a9          Code  Gb  acosf.o [5]
__iar_softfp_cosf       0x080035f9    0x12  Code  Gb  cosf.o [5]
__iar_softfp_sinf       0x08011741    0x12  Code  Gb  sinf.o [5]
__iar_softfp_sqrtf      0x08003729          Code  Gb  sqrtf.o [5]
__iar_sqrt              0x080039ad          Code  Gb  sqrt.o [5]
__iar_strcmp            0x08015e25          Code  Gb  strcmp_unaligned.o [6]
__iar_ui2d              0x08003171          Code  Gb  I32ToDbl.o [5]
__iar_ul2f              0x0800766d          Code  Gb  I64ToFlt.o [5]
__iar_unaligned___aeabi_memcpy
                        0x08005cad          Code  Gb  ABImemcpy_unaligned.o [6]
__iar_unaligned___aeabi_memcpy4
                        0x08005ccd          Code  Gb  ABImemcpy_unaligned.o [6]
__iar_unaligned___aeabi_memcpy8
                        0x08005ccd          Code  Gb  ABImemcpy_unaligned.o [6]
__iar_unaligned___aeabi_memmove
                        0x08007721          Code  Gb  ABImemmove_unaligned.o [6]
__iar_unaligned___aeabi_memmove4
                        0x08007721          Code  Gb  ABImemmove_unaligned.o [6]
__iar_unaligned___aeabi_memmove8
                        0x08007721          Code  Gb  ABImemmove_unaligned.o [6]
__iar_unaligned_memcmp  0x08005e39          Code  Gb  memcmp_unaligned.o [6]
__iar_unaligned_strcmp  0x08015e25          Code  Gb  strcmp_unaligned.o [6]
__iar_unaligned_strcpy  0x08015941          Code  Gb  strcpy_unaligned.o [6]
__iar_vfp_atof          0x08015e67    0x10  Code  Gb  atof.o [5]
__iar_vfp_cos           0x0801217f    0x12  Code  Gb  cos.o [5]
__iar_vfp_fmodf         0x080083f1          Code  Gb  fmodf.o [5]
__iar_vfp_sin           0x0801216d    0x12  Code  Gb  sin.o [5]
__iar_xatanf            0x08007901          Code  Gb  xatanf.o [5]
__iar_zero_init3        0x0800360b    0x22  Code  Gb  zero_init3.o [6]
__low_level_init        0x08016d0f     0x4  Code  Gb  low_level_init.o [3]
__print_result_location
                        0x08013e85    0x1e  Code  Lc  mpl.o [1]
__sys_tick_count        0x20002598     0x4  Data  Gb  tick.o [1]
__vector_table          0x08000000          Data  Gb  startup_stm32f429_439xx.o [1]
_call_main              0x08016d01          Code  Gb  cmain.o [6]
_exit                   0x08016d19          Code  Gb  cexit.o [6]
_main                   0x08016d0b          Code  Gb  cmain.o [6]
acosf                   0x080076b9          Code  Gb  acosf.o [5]
android_orient_cb       0x08013d77    0x4a  Code  Gb  imu.o [1]
arrowAngle              0x20002568     0x8  Data  Lc  gui.o [1]
atan2f                  0x080066f9          Code  Gb  atan2f.o [5]
auto_cal                0x200007a8   0x4b8  Data  Lc  accel_auto_cal.o [4]
batteryPercent          0x2000009e     0x1  Data  Lc  gui.o [1]
buff_copy               0x08013ac3    0x28  Code  Gb  uart.o [1]
button1                 0x20002538    0x10  Data  Gb  Button.o [1]
button2                 0x20002548    0x10  Data  Gb  Button.o [1]
buttonRisingEdge        0x08013e71    0x12  Code  Gb  Button.o [1]
cb                      0x20001a48    0xe8  Data  Wk  compass_vec_cal.o [4]
cb_sim                  0x20001960    0xe8  Data  Wk  compass_vec_cal.o [4]
cb_test                 0x20001878    0xe8  Data  Wk  compass_vec_cal.o [4]
centerX                 0x20000098     0x2  Data  Gb  gui.o [1]
centerY                 0x2000009a     0x2  Data  Gb  gui.o [1]
compass_pdata           0x20000054     0xc  Data  Gb  imu.o [1]
cos                     0x08006779     0x6  Code  Gb  cos.o [5]
decode_gesture          0x080109cd    0x66  Code  Lc  inv_mpu_dmp_motion_driver.o [1]
degrees                 0x20002578     0x8  Data  Gb  main.o [1]
delay                   0x08013305    0x1e  Code  Lc  main.o [1]
delay                   0x0800ef21    0x1e  Code  Lc  stm32f429i_discovery_lcd.o [1]
delay                   0x08015d99    0x22  Code  Lc  stm32f429i_discovery_sdram.o [1]
dmp                     0x20002558    0x10  Data  Lc  inv_mpu_dmp_motion_driver.o [1]
dmp_enable_6x_lp_quat   0x08010987    0x46  Code  Gb  inv_mpu_dmp_motion_driver.o [1]
dmp_enable_feature      0x080106cb   0x230  Code  Gb  inv_mpu_dmp_motion_driver.o [1]
dmp_enable_gyro_cal     0x080108fb    0x46  Code  Gb  inv_mpu_dmp_motion_driver.o [1]
dmp_enable_lp_quat      0x08010941    0x46  Code  Gb  inv_mpu_dmp_motion_driver.o [1]
dmp_get_pedometer_step_count
                        0x08010637    0x48  Code  Gb  inv_mpu_dmp_motion_driver.o [1]
dmp_get_pedometer_walk_time
                        0x0801067f    0x4c  Code  Gb  inv_mpu_dmp_motion_driver.o [1]
dmp_load_motion_driver_firmware
                        0x0801013d    0x18  Code  Gb  inv_mpu_dmp_motion_driver.o [1]
dmp_memory              0x0800f544   0xbf8  Data  Lc  inv_mpu_dmp_motion_driver.o [1]
dmp_read_fifo           0x08010a4d   0x228  Code  Gb  inv_mpu_dmp_motion_driver.o [1]
dmp_register_android_orient_cb
                        0x08010c7f     0xa  Code  Gb  inv_mpu_dmp_motion_driver.o [1]
dmp_register_tap_cb     0x08010c75     0xa  Code  Gb  inv_mpu_dmp_motion_driver.o [1]
dmp_set_fifo_rate       0x080102b7    0x72  Code  Gb  inv_mpu_dmp_motion_driver.o [1]
dmp_set_orientation     0x08010155   0x162  Code  Gb  inv_mpu_dmp_motion_driver.o [1]
dmp_set_shake_reject_thresh
                        0x080105a7    0x3c  Code  Gb  inv_mpu_dmp_motion_driver.o [1]
dmp_set_shake_reject_time
                        0x080105e3    0x2a  Code  Gb  inv_mpu_dmp_motion_driver.o [1]
dmp_set_shake_reject_timeout
                        0x0801060d    0x2a  Code  Gb  inv_mpu_dmp_motion_driver.o [1]
dmp_set_tap_axes        0x080104d9    0x4a  Code  Gb  inv_mpu_dmp_motion_driver.o [1]
dmp_set_tap_count       0x08010523    0x30  Code  Gb  inv_mpu_dmp_motion_driver.o [1]
dmp_set_tap_thresh      0x08010329   0x19c  Code  Gb  inv_mpu_dmp_motion_driver.o [1]
dmp_set_tap_time        0x08010553    0x2a  Code  Gb  inv_mpu_dmp_motion_driver.o [1]
dmp_set_tap_time_multi  0x0801057d    0x2a  Code  Gb  inv_mpu_dmp_motion_driver.o [1]
dmul                    0x080164c9    0x5a  Code  Lc  xdtento.o [5]
ds                      0x20001468   0x198  Data  Lc  storage_manager.o [1]
eMPL_out                0x200024e0    0x30  Data  Lc  eMPL_outputs.o [1]
eMPL_send_data          0x0800605f   0x19c  Code  Gb  log_stm32.o [1]
eMPL_send_quat          0x08005f9f    0xc0  Code  Gb  log_stm32.o [1]
exit                    0x08016d13     0x4  Code  Gb  exit.o [3]
fmod                    0x080087bd          Code  Gb  fmod.o [5]
fmodf                   0x080083f9          Code  Gb  fmodf.o [5]
fmodl                   0x080087bd          Code  Gb  fmod.o [5]
fnm                     0x20000c60   0x260  Data  Wk  fast_no_motion.o [4]
fnm_user                0x200024a0    0x40  Data  Lc  fast_no_motion.o [4]
friends                 0x20002510    0x28  Data  Gb  uart.o [1]
getBatteryStatus        0x080134d9    0x3e  Code  Gb  adc.o [1]
getSysTick              0x0800ca0f     0x6  Code  Gb  tick.o [1]
gyro_data_ready_cb      0x08013dc1     0x8  Code  Gb  imu.o [1]
gyro_pdata              0x20000048     0xc  Data  Gb  imu.o [1]
hal                     0x2000247c    0x24  Data  Gb  imu.o [1]
hal_out                 0x20001b30    0xd0  Data  Lc  hal_outputs.o [1]
headingAcc              0x200025a2     0x1  Data  Gb  main.o [1]
headingTime             0x20002580     0x8  Data  Gb  main.o [1]
hw                      0x08016da0    0x10  Data  Gb  inv_mpu.o [1]
idFlag                  0x200025a3     0x1  Data  Gb  uart.o [1]
inData                  0x200023a8    0x80  Data  Gb  main.o [1]
incSysTick              0x0800ca03     0xc  Code  Gb  tick.o [1]
int_set_fast_nomot_gyro_threshold
                        0x08006cf9     0xc  Code  Gb  fast_no_motion.o [4]
inv_9x_fusion_enable_jitter_reduction
                        0x080145e1    0x10  Code  Gb  fusion_9axis.o [4]
inv_9x_fusion_set_mag_fb
                        0x080145d1    0x10  Code  Gb  fusion_9axis.o [4]
inv_9x_fusion_use_timestamps
                        0x080145f1    0x10  Code  Gb  fusion_9axis.o [4]
inv_accel_was_turned_off
                        0x08002bd9     0xc  Code  Gb  data_builder.o [1]
inv_add_accel_block_data
                        0x080048f5    0xa0  Code  Gb  accel_auto_cal.o [4]
inv_add_compass_block_data
                        0x08001775    0x9a  Code  Gb  compass_vec_cal.o [4]
inv_add_vector_block_data
                        0x08004995    0xaa  Code  Gb  accel_auto_cal.o [4]
inv_apply_calibration   0x0800272b    0x6a  Code  Gb  data_builder.o [1]
inv_auto_calibrate      0x08004be9   0x76c  Code  Gb  accel_auto_cal.o [4]
inv_build_accel         0x08002951    0xc2  Code  Gb  data_builder.o [1]
inv_build_compass       0x08002a67    0xd4  Code  Gb  data_builder.o [1]
inv_build_gyro          0x08002a13    0x54  Code  Gb  data_builder.o [1]
inv_build_quat          0x08002b79    0x60  Code  Gb  data_builder.o [1]
inv_build_temp          0x08002b3b    0x3e  Code  Gb  data_builder.o [1]
inv_center_sum          0x08001045   0x6dc  Code  Gb  compass_vec_cal.o [4]
inv_cheap_gaussian      0x080003ed    0x6c  Code  Gb  compass_vec_cal.o [4]
inv_cheap_rand          0x080003b9    0x34  Code  Gb  compass_vec_cal.o [4]
inv_check_magnetic_disturbance
                        0x08005701   0x30c  Code  Gb  mag_disturb.o [4]
inv_check_peaks.part.0.constprop.4
                        0x080001c1   0x1ec  Code  Lc  compass_vec_cal.o [4]
inv_check_sample_balance
                        0x08004a41   0x1a8  Code  Gb  accel_auto_cal.o [4]
inv_check_sim           0x08001811   0x154  Code  Gb  compass_vec_cal.o [4]
inv_combine_compass_data
                        0x08000459   0x154  Code  Gb  compass_vec_cal.o [4]
inv_combine_data_calculate_bias.part.1
                        0x080046c5    0xbc  Code  Lc  accel_auto_cal.o [4]
inv_compass_angle       0x08003ab1    0xae  Code  Gb  ml_math_func.o [1]
inv_compass_was_turned_off
                        0x08002be5     0xc  Code  Gb  data_builder.o [1]
inv_compute_bias        0x080008b9   0x78a  Code  Gb  compass_vec_cal.o [4]
inv_convert_to_body_with_scale
                        0x08004169    0x72  Code  Gb  ml_math_func.o [1]
inv_data_builder        0x20001600   0x140  Data  Lc  data_builder.o [1]
inv_db_load_func        0x080024d1    0x58  Code  Lc  data_builder.o [1]
inv_db_save_func        0x08002529    0x18  Code  Lc  data_builder.o [1]
inv_detect_motion_by_gyro_accel
                        0x0800702d   0x134  Code  Gb  fast_no_motion.o [4]
inv_disable_9x_sensor_fusion
                        0x08014631     0xc  Code  Gb  fusion_9axis.o [4]
inv_disable_compass_soft_iron_matrix
                        0x08003115     0xa  Code  Gb  data_builder.o [1]
inv_disable_dip_tracking
                        0x080054d9    0x10  Code  Gb  mag_disturb.o [4]
inv_disable_fast_nomot  0x0800761d    0x14  Code  Gb  fast_no_motion.o [4]
inv_disable_gyro_tc     0x08014bfd    0x2c  Code  Gb  gyro_tc.o [4]
inv_disable_in_use_auto_calibration
                        0x080053f9    0x14  Code  Gb  accel_auto_cal.o [4]
inv_disable_magnetic_disturbance
                        0x080054c5    0x14  Code  Gb  mag_disturb.o [4]
inv_disable_quaternion  0x0801172d    0x14  Code  Gb  quaternion_supervisor.o [4]
inv_disable_vector_compass_cal
                        0x080024bd    0x14  Code  Gb  compass_vec_cal.o [4]
inv_enable_9x_sensor_fusion
                        0x0801460d    0x24  Code  Gb  fusion_9axis.o [4]
inv_enable_dip_tracking
                        0x080054e9    0x10  Code  Gb  mag_disturb.o [4]
inv_enable_eMPL_outputs
                        0x08015191    0x18  Code  Gb  eMPL_outputs.o [1]
inv_enable_fast_nomot   0x08007605    0x18  Code  Gb  fast_no_motion.o [4]
inv_enable_gyro_tc      0x08014bbd    0x40  Code  Gb  gyro_tc.o [4]
inv_enable_in_use_auto_calibration
                        0x080053e1    0x18  Code  Gb  accel_auto_cal.o [4]
inv_enable_magnetic_disturbance
                        0x08005499    0x2c  Code  Gb  mag_disturb.o [4]
inv_enable_quaternion   0x08011715    0x18  Code  Gb  quaternion_supervisor.o [4]
inv_enable_results_holder
                        0x080044ef    0x1c  Code  Gb  results_holder.o [1]
inv_enable_vector_compass_cal
                        0x080024a5    0x18  Code  Gb  compass_vec_cal.o [4]
inv_execute_mpl_start_notification
                        0x08005c79    0x30  Code  Gb  start_manager.o [1]
inv_execute_on_data     0x08002d65    0x96  Code  Gb  data_builder.o [1]
inv_fast_nomot_get_time_elaps
                        0x08006e71     0xc  Code  Gb  fast_no_motion.o [4]
inv_fast_nomot_parameter
                        0x080069d9   0x170  Code  Gb  fast_no_motion.o [4]
inv_fast_nomot_parameter_3rd
                        0x08006b49    0xd8  Code  Gb  fast_no_motion.o [4]
inv_fast_nomot_parameter_compass
                        0x08006e7d    0x16  Code  Gb  fast_no_motion.o [4]
inv_fast_nomot_reset_data_compass
                        0x08006e45    0x2c  Code  Gb  fast_no_motion.o [4]
inv_fast_nomot_set_gyro_bias
                        0x08006c21    0xcc  Code  Gb  fast_no_motion.o [4]
inv_fast_nomot_store_data
                        0x08006d51    0xae  Code  Gb  fast_no_motion.o [4]
inv_fast_nomot_store_data_compass
                        0x08006e01    0x44  Code  Gb  fast_no_motion.o [4]
inv_filter_correction_angle
                        0x08013f71   0x1f0  Code  Gb  fusion_9axis.o [4]
inv_fnm_debug_print     0x08007641     0x2  Code  Gb  fast_no_motion.o [4]
inv_generate_accel_gyro_quaternion
                        0x08010f41   0x74c  Code  Gb  quaternion_supervisor.o [4]
inv_generate_eMPL_outputs
                        0x08015055   0x116  Code  Lc  eMPL_outputs.o [1]
inv_generate_fast_nomot
                        0x080071fd   0x34e  Code  Gb  fast_no_motion.o [4]
inv_generate_gyro_quaternion
                        0x08010de5   0x12c  Code  Gb  quaternion_supervisor.o [4]
inv_generate_quaternion
                        0x0801168d    0x58  Code  Lc  quaternion_supervisor.o [4]
inv_generate_results    0x08004483     0xc  Code  Gb  results_holder.o [1]
inv_generate_vector_compass_cal
                        0x08002389    0xa4  Code  Gb  compass_vec_cal.o [4]
inv_get_6axis_quaternion
                        0x080043e5    0x16  Code  Gb  results_holder.o [1]
inv_get_acc_state       0x080042e7     0x8  Code  Gb  results_holder.o [1]
inv_get_accel_accuracy  0x08003045     0x8  Code  Gb  data_builder.o [1]
inv_get_accel_bias_stage
                        0x0800540d     0xc  Code  Gb  accel_auto_cal.o [4]
inv_get_accel_on        0x08002655    0x10  Code  Gb  data_builder.o [1]
inv_get_accel_set       0x08002f45    0x3c  Code  Gb  data_builder.o [1]
inv_get_compass_bias    0x08002795    0x1a  Code  Gb  data_builder.o [1]
inv_get_compass_correction
                        0x080042bb    0x24  Code  Gb  results_holder.o [1]
inv_get_compass_on      0x08002637    0x10  Code  Gb  data_builder.o [1]
inv_get_compass_set     0x08002fe1    0x48  Code  Gb  data_builder.o [1]
inv_get_compass_soft_iron_output_data
                        0x08003051    0x1c  Code  Gb  data_builder.o [1]
inv_get_compass_state   0x08004525     0x8  Code  Gb  results_holder.o [1]
inv_get_current_calibrated_accel
                        0x080047d5    0x44  Code  Gb  accel_auto_cal.o [4]
inv_get_current_calibrated_compass
                        0x08001721    0x52  Code  Gb  compass_vec_cal.o [4]
inv_get_fast_nomot_accel_param
                        0x08006d31    0x20  Code  Gb  fast_no_motion.o [4]
inv_get_fast_nomot_compass_param
                        0x08006d11    0x20  Code  Gb  fast_no_motion.o [4]
inv_get_fnm_gyro_no_motion_param
                        0x08007631    0x10  Code  Gb  fast_no_motion.o [4]
inv_get_gravity         0x08004377    0x6e  Code  Gb  results_holder.o [1]
inv_get_gyro            0x08002fc5    0x14  Code  Gb  data_builder.o [1]
inv_get_gyro_accuracy   0x08003029     0x6  Code  Gb  data_builder.o [1]
inv_get_gyro_bias       0x08002927    0x2a  Code  Gb  data_builder.o [1]
inv_get_gyro_bias_tc_set
                        0x08002909    0x1e  Code  Gb  data_builder.o [1]
inv_get_gyro_on         0x08002647     0xe  Code  Gb  data_builder.o [1]
inv_get_gyro_set        0x08002f81    0x36  Code  Gb  data_builder.o [1]
inv_get_gyro_sum_of_sqr
                        0x08003b5f    0x22  Code  Gb  ml_math_func.o [1]
inv_get_gyro_ts         0x08014b6d    0x24  Code  Gb  gyro_tc.o [4]
inv_get_large_mag_field
                        0x080042df     0x8  Code  Gb  results_holder.o [1]
inv_get_last_timestamp  0x08002665    0x9e  Code  Gb  data_builder.o [1]
inv_get_linear_accel    0x08004541    0x42  Code  Gb  results_holder.o [1]
inv_get_linear_accel_float
                        0x08004585    0x4a  Code  Gb  results_holder.o [1]
inv_get_local_field     0x08004361    0x16  Code  Gb  results_holder.o [1]
inv_get_mag_accuracy    0x0800302f    0x16  Code  Gb  data_builder.o [1]
inv_get_magnetic_disturbance_state
                        0x08005a45     0xc  Code  Gb  mag_disturb.o [4]
inv_get_message_level_0
                        0x08005ebb    0x14  Code  Gb  message_layer.o [1]
inv_get_motion_state    0x080042ef    0x14  Code  Gb  results_holder.o [1]
inv_get_quaternion      0x080043fb    0x3c  Code  Gb  results_holder.o [1]
inv_get_quaternion_set  0x08004437    0x4c  Code  Gb  results_holder.o [1]
inv_get_right_shift_by_rounding
                        0x08006e95    0x92  Code  Gb  fast_no_motion.o [4]
inv_get_sensor_type_accel
                        0x08014c29    0x24  Code  Gb  eMPL_outputs.o [1]
inv_get_sensor_type_compass
                        0x08014c71    0x24  Code  Gb  eMPL_outputs.o [1]
inv_get_sensor_type_euler
                        0x08014da1   0x282  Code  Gb  eMPL_outputs.o [1]
inv_get_sensor_type_gravity
                        0x08006829    0x90  Code  Gb  hal_outputs.o [1]
inv_get_sensor_type_gyro
                        0x08014c4d    0x24  Code  Gb  eMPL_outputs.o [1]
inv_get_sensor_type_heading
                        0x08014ccd    0xd2  Code  Gb  eMPL_outputs.o [1]
inv_get_sensor_type_linear_acceleration
                        0x080067a9    0x7e  Code  Gb  hal_outputs.o [1]
inv_get_sensor_type_quat
                        0x08014c95    0x38  Code  Gb  eMPL_outputs.o [1]
inv_get_sensor_type_rot_mat
                        0x08015023    0x26  Code  Gb  eMPL_outputs.o [1]
inv_got_compass_bias    0x08004511     0x6  Code  Gb  results_holder.o [1]
inv_gtc                 0x20001090   0x1c4  Data  Lc  gyro_tc.o [4]
inv_gtc_data_cb         0x080146a9   0x44c  Code  Lc  gyro_tc.o [4]
inv_gtc_load            0x08014675    0x34  Code  Lc  gyro_tc.o [4]
inv_gtc_store           0x08014641    0x34  Code  Lc  gyro_tc.o [4]
inv_gyro_was_turned_off
                        0x08002bfd     0xa  Code  Gb  data_builder.o [1]
inv_init_9x_fusion      0x08014595    0x3c  Code  Gb  fusion_9axis.o [4]
inv_init_accel_maxmin   0x08004781    0x20  Code  Gb  accel_auto_cal.o [4]
inv_init_check_sample_balance
                        0x080048b1    0x1a  Code  Gb  accel_auto_cal.o [4]
inv_init_check_sample_balance_parameter
                        0x080048cd    0x28  Code  Gb  accel_auto_cal.o [4]
inv_init_data_builder   0x08002541    0x46  Code  Gb  data_builder.o [1]
inv_init_eMPL_outputs   0x0801517b    0x16  Code  Lc  eMPL_outputs.o [1]
inv_init_fast_nomot     0x08007589    0x64  Code  Gb  fast_no_motion.o [4]
inv_init_gyro_ts        0x08014b05    0x38  Code  Gb  gyro_tc.o [4]
inv_init_in_use_auto_calibration
                        0x08005355    0x80  Code  Gb  accel_auto_cal.o [4]
inv_init_magnetic_disturbance
                        0x08005441    0x4c  Code  Gb  mag_disturb.o [4]
inv_init_maxmin         0x08006901    0x6c  Code  Gb  fast_no_motion.o [4]
inv_init_mpl            0x08013ea3    0x5e  Code  Gb  mpl.o [1]
inv_init_quaternion     0x080116f1    0x24  Code  Gb  quaternion_supervisor.o [4]
inv_init_results_holder
                        0x080044a1    0x4e  Code  Gb  results_holder.o [1]
inv_init_start_manager  0x08005bd1    0x16  Code  Gb  start_manager.o [1]
inv_init_storage_manager
                        0x08005d8d    0x1c  Code  Gb  storage_manager.o [1]
inv_init_vector_compass_cal
                        0x08002439    0x6c  Code  Gb  compass_vec_cal.o [4]
inv_magnetic_disturbance_process
                        0x08005a0d    0x36  Code  Gb  mag_disturb.o [4]
inv_normalize_quat      0x08010cc9    0xea  Code  Lc  quaternion_supervisor.o [4]
inv_orientation_matrix_to_scalar
                        0x0800413f    0x2a  Code  Gb  ml_math_func.o [1]
inv_perform_9x_fusion   0x08014161   0x39c  Code  Gb  fusion_9axis.o [4]
inv_print_gtc_data      0x08014bad     0x4  Code  Gb  gyro_tc.o [4]
inv_process_9x_sensor_fusion_cb
                        0x080144fd    0x98  Code  Gb  fusion_9axis.o [4]
inv_process_compass_only_cal
                        0x080019b5   0x9d4  Code  Gb  compass_vec_cal.o [4]
inv_q29_mult            0x08003b81    0x1e  Code  Gb  ml_math_func.o [1]
inv_q30_mult            0x08003b9f    0x1e  Code  Gb  ml_math_func.o [1]
inv_q30_to_float        0x08003a9d    0x12  Code  Lc  ml_math_func.o [1]
inv_q_add               0x08003c83    0x26  Code  Gb  ml_math_func.o [1]
inv_q_addf              0x08003df3    0x42  Code  Gb  ml_math_func.o [1]
inv_q_invert            0x08003cad    0x18  Code  Gb  ml_math_func.o [1]
inv_q_invertf           0x08003fdd    0x2a  Code  Gb  ml_math_func.o [1]
inv_q_mult              0x08003bbd    0xc6  Code  Gb  ml_math_func.o [1]
inv_q_multf             0x08003d21    0xd2  Code  Gb  ml_math_func.o [1]
inv_q_norm4             0x08003f49    0x94  Code  Gb  ml_math_func.o [1]
inv_q_normalizef        0x08003e35   0x110  Code  Gb  ml_math_func.o [1]
inv_q_rotate            0x08003ccd    0x54  Code  Gb  ml_math_func.o [1]
inv_quat_data           0x20001254    0x6c  Data  Lc  quaternion_supervisor.o [4]
inv_quaternion_sensor_was_turned_off
                        0x08002bf1     0xc  Code  Gb  data_builder.o [1]
inv_quaternion_to_rotation
                        0x08004007    0xda  Code  Gb  ml_math_func.o [1]
inv_record_good_accel_maxmin
                        0x080047a1    0x34  Code  Gb  accel_auto_cal.o [4]
inv_record_max_moment_in_no_motion_accel
                        0x08006f91    0x34  Code  Gb  fast_no_motion.o [4]
inv_record_max_moment_in_no_motion_gyro
                        0x08006f5d    0x34  Code  Gb  fast_no_motion.o [4]
inv_record_min_moment_in_motion_accel
                        0x08006ff9    0x34  Code  Gb  fast_no_motion.o [4]
inv_record_min_moment_in_motion_gyro
                        0x08006fc5    0x34  Code  Gb  fast_no_motion.o [4]
inv_register_data_cb    0x08002c07    0xec  Code  Gb  data_builder.o [1]
inv_register_load_store
                        0x08005da9    0x8a  Code  Gb  storage_manager.o [1]
inv_register_mpl_start_notification
                        0x08005c51    0x28  Code  Gb  start_manager.o [1]
inv_reset_compass_soft_iron_matrix
                        0x080030bd    0x58  Code  Gb  data_builder.o [1]
inv_reset_data_collection
                        0x08001965    0x50  Code  Gb  compass_vec_cal.o [4]
inv_reset_min_max_gyro_accel_statistics
                        0x08006f29    0x34  Code  Gb  fast_no_motion.o [4]
inv_reset_packet        0x080069ad    0x2c  Code  Lc  fast_no_motion.o [4]
inv_row_2_scale         0x080040e1    0x5e  Code  Lc  ml_math_func.o [1]
inv_sensor_data_preprocess
                        0x08007161    0x9c  Code  Gb  fast_no_motion.o [4]
inv_set_accel_accuracy  0x08002807    0x20  Code  Gb  data_builder.o [1]
inv_set_accel_bias_found
                        0x0800450b     0x6  Code  Gb  results_holder.o [1]
inv_set_accel_bias_mask
                        0x08002827    0x5e  Code  Gb  data_builder.o [1]
inv_set_accel_orientation_and_scale
                        0x08002703    0x14  Code  Gb  data_builder.o [1]
inv_set_accel_sample_rate
                        0x080025cf    0x32  Code  Gb  data_builder.o [1]
inv_set_compass_bias    0x080027af    0x4e  Code  Gb  data_builder.o [1]
inv_set_compass_bias_error
                        0x0800452d    0x14  Code  Gb  results_holder.o [1]
inv_set_compass_bias_found
                        0x08004517     0x6  Code  Gb  results_holder.o [1]
inv_set_compass_correction
                        0x08004281    0x3a  Code  Gb  results_holder.o [1]
inv_set_compass_disturbance
                        0x080027fd     0xa  Code  Gb  data_builder.o [1]
inv_set_compass_orientation_and_scale
                        0x08002717    0x14  Code  Gb  data_builder.o [1]
inv_set_compass_sample_rate
                        0x08002601    0x36  Code  Gb  data_builder.o [1]
inv_set_compass_soft_iron_input_data
                        0x0800306d    0x50  Code  Gb  data_builder.o [1]
inv_set_compass_state   0x0800451d     0x8  Code  Gb  results_holder.o [1]
inv_set_contiguous      0x08002dfb   0x13e  Code  Lc  data_builder.o [1]
inv_set_default_number_of_samples
                        0x0800754d    0x3c  Code  Gb  fast_no_motion.o [4]
inv_set_fast_nomot_accel_threshold
                        0x08006d05     0xc  Code  Gb  fast_no_motion.o [4]
inv_set_fast_nomot_compass_threshold
                        0x08006ced     0xc  Code  Gb  fast_no_motion.o [4]
inv_set_gtc_max_temp    0x08014b3d    0x10  Code  Gb  gyro_tc.o [4]
inv_set_gtc_min_diff    0x08014b5d    0x10  Code  Gb  gyro_tc.o [4]
inv_set_gtc_min_temp    0x08014b4d    0x10  Code  Gb  gyro_tc.o [4]
inv_set_gtc_order       0x08014b95    0x18  Code  Gb  gyro_tc.o [4]
inv_set_gyro_bias       0x08002885    0x84  Code  Gb  data_builder.o [1]
inv_set_gyro_orientation_and_scale
                        0x0800258d    0x14  Code  Gb  data_builder.o [1]
inv_set_gyro_sample_rate
                        0x080025a1    0x2e  Code  Gb  data_builder.o [1]
inv_set_gyro_ts         0x08014b91     0x4  Code  Gb  gyro_tc.o [4]
inv_set_magnetic_disturbance
                        0x08005429    0x18  Code  Gb  mag_disturb.o [4]
inv_set_message         0x08005e9d    0x1e  Code  Gb  message_layer.o [1]
inv_set_motion_state    0x08004303    0x5e  Code  Gb  results_holder.o [1]
inv_set_quaternion      0x08010f11    0x30  Code  Gb  quaternion_supervisor.o [4]
inv_set_terms           0x080005ad   0x30a  Code  Gb  compass_vec_cal.o [4]
inv_sort_order_4_T      0x08004819    0x98  Code  Gb  accel_auto_cal.o [4]
inv_start_9x_sensor_fusion
                        0x08013f61    0x10  Code  Gb  fusion_9axis.o [4]
inv_start_cb            0x20002428    0x54  Data  Lc  start_manager.o [1]
inv_start_eMPL_outputs  0x0801516b    0x10  Code  Lc  eMPL_outputs.o [1]
inv_start_fast_nomot    0x0800696d    0x40  Code  Gb  fast_no_motion.o [4]
inv_start_gyro_tc       0x08014af5    0x10  Code  Gb  gyro_tc.o [4]
inv_start_in_use_auto_calibration
                        0x08004669    0x10  Code  Gb  accel_auto_cal.o [4]
inv_start_magnetic_disturbance
                        0x08005419    0x10  Code  Gb  mag_disturb.o [4]
inv_start_mpl           0x08013f01    0x22  Code  Gb  mpl.o [1]
inv_start_quaternion    0x08010db5    0x30  Code  Gb  quaternion_supervisor.o [4]
inv_start_results_holder
                        0x0800448f    0x12  Code  Gb  results_holder.o [1]
inv_start_vector_compass_cal
                        0x080001b1    0x10  Code  Gb  compass_vec_cal.o [4]
inv_stop_9x_sensor_fusion
                        0x08014601     0xc  Code  Gb  fusion_9axis.o [4]
inv_stop_fast_nomot     0x080075ed    0x18  Code  Gb  fast_no_motion.o [4]
inv_stop_gyro_tc        0x08014bb1     0xc  Code  Gb  gyro_tc.o [4]
inv_stop_in_use_auto_calibration
                        0x080053d5     0xc  Code  Gb  accel_auto_cal.o [4]
inv_stop_magnetic_disturbance
                        0x0800548d     0xc  Code  Gb  mag_disturb.o [4]
inv_stop_quaternion     0x080116e5     0xc  Code  Gb  quaternion_supervisor.o [4]
inv_stop_vector_compass_cal
                        0x0800242d     0xc  Code  Gb  compass_vec_cal.o [4]
inv_store_gaming_quaternion
                        0x08004245     0x2  Code  Gb  results_holder.o [1]
inv_store_gaming_quaternion1
                        0x08004247    0x3a  Code  Gb  results_holder.o [1]
inv_track_dip_angle     0x080054f9    0x9c  Code  Gb  mag_disturb.o [4]
inv_unregister_data_cb  0x08002cf3    0x72  Code  Gb  data_builder.o [1]
inv_unregister_mpl_start_notification
                        0x08005be7    0x6a  Code  Gb  start_manager.o [1]
inv_vector_compass_cal_sensitivity
                        0x080003ad     0xc  Code  Gb  compass_vec_cal.o [4]
lastArrowAngle          0x20002570     0x8  Data  Lc  gui.o [1]
len                     0x2000259e     0x2  Data  Gb  main.o [1]
log                     0x08003693     0x6  Code  Gb  log.o [5]
mag_disturb             0x20001c00    0xb8  Data  Gb  mag_disturb.o [4]
main                    0x08012af1   0x774  Code  Gb  main.o [1]
mdelay                  0x0800c9ed    0x16  Code  Gb  tick.o [1]
memchr                  0x080086e5          Code  Gb  memchr.o [6]
memcpy                  0x08004617     0xc  Code  Gb  memcpy.o [3]
memmove                 0x080068f3     0xc  Code  Gb  memmove.o [6]
memset                  0x08004603    0x14  Code  Gb  memset.o [3]
mh                      0x2000258c     0x4  Data  Lc  message_layer.o [1]
mlMatrixVectorMult      0x080041db    0x4a  Code  Gb  ml_math_func.o [1]
mpl_key                 0x20000084     0x4  Data  Gb  imu.o [1]
mpu_configure_fifo      0x0800b213    0x94  Code  Gb  inv_mpu.o [1]
mpu_get_accel_fsr       0x0800aebb    0x46  Code  Gb  inv_mpu.o [1]
mpu_get_accel_reg       0x0800aacf    0x72  Code  Gb  inv_mpu.o [1]
mpu_get_compass_fsr     0x0800bfc9     0xe  Code  Gb  inv_mpu.o [1]
mpu_get_compass_reg     0x0800bf01    0xc8  Code  Gb  inv_mpu.o [1]
mpu_get_fifo_config     0x0800b205     0xe  Code  Gb  inv_mpu.o [1]
mpu_get_gyro_fsr        0x0800ade7    0x3c  Code  Gb  inv_mpu.o [1]
mpu_get_lpf             0x0800afa1    0x4c  Code  Gb  inv_mpu.o [1]
mpu_get_sample_rate     0x0800b091    0x20  Code  Gb  inv_mpu.o [1]
mpu_get_temperature     0x0800ab41    0x9a  Code  Gb  inv_mpu.o [1]
mpu_init                0x0800a7e5   0x19a  Code  Gb  inv_mpu.o [1]
mpu_load_firmware       0x0800bae5    0xe8  Code  Gb  inv_mpu.o [1]
mpu_lp_accel_mode       0x0800a97f   0x150  Code  Gb  inv_mpu.o [1]
mpu_lp_motion_interrupt
                        0x0800bfd9   0x298  Code  Gb  inv_mpu.o [1]
mpu_read_fifo           0x0800b45d   0x296  Code  Gb  inv_mpu.o [1]
mpu_read_fifo_stream    0x0800b6f3    0xe6  Code  Gb  inv_mpu.o [1]
mpu_read_mem            0x0800ba59    0x8c  Code  Gb  inv_mpu.o [1]
mpu_reset_fifo          0x0800abe1   0x206  Code  Gb  inv_mpu.o [1]
mpu_set_accel_fsr       0x0800af09    0x92  Code  Gb  inv_mpu.o [1]
mpu_set_bypass          0x0800b7d9   0x170  Code  Gb  inv_mpu.o [1]
mpu_set_compass_sample_rate
                        0x0800b191    0x74  Code  Gb  inv_mpu.o [1]
mpu_set_dmp_state       0x0800bbcd    0x98  Code  Gb  inv_mpu.o [1]
mpu_set_gyro_fsr        0x0800ae23    0x98  Code  Gb  inv_mpu.o [1]
mpu_set_int_latched     0x0800b94d    0x7c  Code  Gb  inv_mpu.o [1]
mpu_set_lpf             0x0800afed    0xa4  Code  Gb  inv_mpu.o [1]
mpu_set_sample_rate     0x0800b0b5    0xdc  Code  Gb  inv_mpu.o [1]
mpu_set_sensors         0x0800b2a7   0x1b6  Code  Gb  inv_mpu.o [1]
mpu_write_mem           0x0800b9cd    0x8c  Code  Gb  inv_mpu.o [1]
nodeLength              0x2000259c     0x2  Data  Lc  gui.o [1]
nodes                   0x200000a0   0x708  Data  Lc  gui.o [1]
parseGPS                0x08015411    0x8c  Code  Gb  gps.o [1]
pows                    0x08016680    0x48  Data  Lc  xdtento.o [5]
r1.6050                 0x20000060     0x4  Data  Lc  compass_vec_cal.o [4]
r2.6051                 0x20000064     0x4  Data  Lc  compass_vec_cal.o [4]
r3.6052                 0x20000068     0x4  Data  Lc  compass_vec_cal.o [4]
read_from_mpl           0x08013b67   0x194  Code  Gb  imu.o [1]
reg                     0x08013f34    0x2c  Data  Gb  inv_mpu.o [1]
rh                      0x20001cb8    0x90  Data  Lc  results_holder.o [1]
rx_buff                 0x20001d48    0x88  Data  Gb  uart.o [1]
s9axis                  0x20001740   0x138  Data  Wk  fusion_9axis.o [4]
sStartAddress           0x08003762     0x2  Data  Lc  inv_mpu_dmp_motion_driver.o [1]
sensors                 0x20000ec0   0x1d0  Data  Lc  data_builder.o [1]
set_int_enable          0x0800a729    0xbc  Code  Lc  inv_mpu.o [1]
set_sample_rate         0x08004679    0x4c  Code  Lc  accel_auto_cal.o [4]
set_sensor_orientation_and_scale
                        0x08002587     0x6  Code  Gb  data_builder.o [1]
setup_compass           0x0800bc69   0x298  Code  Lc  inv_mpu.o [1]
sqrt                    0x080039ad          Code  Gb  sqrt.o [5]
sqrtf                   0x08003739          Code  Gb  sqrtf.o [5]
sqrtl                   0x080039ad          Code  Gb  sqrt.o [5]
st                      0x20000000    0x38  Data  Lc  inv_mpu.o [1]
storeSysTick            0x0800ca19     0xe  Code  Gb  tick.o [1]
strchr                  0x08008695          Code  Gb  strchr.o [6]
strcspn                 0x08016037    0x22  Code  Gb  strcspn.o [3]
strlen                  0x080086ad          Code  Gb  strlen.o [6]
strspn                  0x08016015    0x22  Code  Gb  strspn.o [3]
strtok                  0x08015dd9    0x4c  Code  Gb  strtok.o [3]
tap_cb                  0x08013cfd    0x7a  Code  Gb  imu.o [1]
test                    0x08016bd8    0x30  Data  Gb  inv_mpu.o [1]
tx_buff                 0x20001dd0    0x88  Data  Gb  uart.o [1]
tx_buff0                0x20001e58    0x88  Data  Gb  uart.o [1]
tx_buff1                0x20001ee0    0x88  Data  Gb  uart.o [1]
tx_buff2                0x20001f68    0x88  Data  Gb  uart.o [1]
tx_buff3                0x20001ff0    0x88  Data  Gb  uart.o [1]
tx_buff4                0x20002078    0x88  Data  Gb  uart.o [1]
tx_buff5                0x20002100    0x88  Data  Gb  uart.o [1]
tx_buff6                0x20002188    0x88  Data  Gb  uart.o [1]
tx_buff7                0x20002210    0x88  Data  Gb  uart.o [1]
tx_buff8                0x20002298    0x88  Data  Gb  uart.o [1]
tx_buff9                0x20002320    0x88  Data  Gb  uart.o [1]
vc                      0x200012c0   0x1a8  Data  Wk  compass_vec_cal.o [4]
vsprintf                0x08007799    0x2c  Code  Gb  vsprintf.o [3]


[1] = C:\Users\Ryan\Documents\IAR Embedded Workbench\Origin\Projects\EWARM\Template\Obj
[2] = command line
[3] = dl7M_tln.a
[4] = libmpllib.a
[5] = m7M_tlv.a
[6] = rt7M_tl.a
[7] = shb_l.a

  75 923 bytes of readonly  code memory
  18 497 bytes of readonly  data memory
  10 659 bytes of readwrite data memory

Errors: none
Warnings: 1
