###############################################################################
#
# IAR ELF Linker V7.30.1.7746/W32 for ARM                 17/Nov/2014  11:47:25
# Copyright 2007-2014 IAR Systems AB.
#
#    Output file  =  
#        C:\Users\Ryan\Documents\IAR Embedded
#        Workbench\Origin\Projects\EWARM\STM32 pin mapping
#        Configuration\Exe\STM32 pin mapping Configuration.out
#    Map file     =  
#        C:\Users\Ryan\Documents\IAR Embedded
#        Workbench\Origin\Projects\EWARM\STM32 pin mapping
#        Configuration/List\STM32 pin mapping Configuration.map
#    Command line =  
#        "C:\Users\Ryan\Documents\IAR Embedded
#        Workbench\Origin\Projects\EWARM\STM32 pin mapping
#        Configuration\Obj\adc.o" "C:\Users\Ryan\Documents\IAR Embedded
#        Workbench\Origin\Projects\EWARM\STM32 pin mapping
#        Configuration\Obj\fmc.o" "C:\Users\Ryan\Documents\IAR Embedded
#        Workbench\Origin\Projects\EWARM\STM32 pin mapping
#        Configuration\Obj\gpio.o" "C:\Users\Ryan\Documents\IAR Embedded
#        Workbench\Origin\Projects\EWARM\STM32 pin mapping
#        Configuration\Obj\i2c.o" "C:\Users\Ryan\Documents\IAR Embedded
#        Workbench\Origin\Projects\EWARM\STM32 pin mapping
#        Configuration\Obj\ltdc.o" "C:\Users\Ryan\Documents\IAR Embedded
#        Workbench\Origin\Projects\EWARM\STM32 pin mapping
#        Configuration\Obj\main.o" "C:\Users\Ryan\Documents\IAR Embedded
#        Workbench\Origin\Projects\EWARM\STM32 pin mapping
#        Configuration\Obj\spi.o" "C:\Users\Ryan\Documents\IAR Embedded
#        Workbench\Origin\Projects\EWARM\STM32 pin mapping
#        Configuration\Obj\startup_stm32f429xx.o" "C:\Users\Ryan\Documents\IAR
#        Embedded Workbench\Origin\Projects\EWARM\STM32 pin mapping
#        Configuration\Obj\stm32f4xx_hal.o" "C:\Users\Ryan\Documents\IAR
#        Embedded Workbench\Origin\Projects\EWARM\STM32 pin mapping
#        Configuration\Obj\stm32f4xx_hal_adc.o" "C:\Users\Ryan\Documents\IAR
#        Embedded Workbench\Origin\Projects\EWARM\STM32 pin mapping
#        Configuration\Obj\stm32f4xx_hal_adc_ex.o" "C:\Users\Ryan\Documents\IAR
#        Embedded Workbench\Origin\Projects\EWARM\STM32 pin mapping
#        Configuration\Obj\stm32f4xx_hal_cortex.o" "C:\Users\Ryan\Documents\IAR
#        Embedded Workbench\Origin\Projects\EWARM\STM32 pin mapping
#        Configuration\Obj\stm32f4xx_hal_dma.o" "C:\Users\Ryan\Documents\IAR
#        Embedded Workbench\Origin\Projects\EWARM\STM32 pin mapping
#        Configuration\Obj\stm32f4xx_hal_dma_ex.o" "C:\Users\Ryan\Documents\IAR
#        Embedded Workbench\Origin\Projects\EWARM\STM32 pin mapping
#        Configuration\Obj\stm32f4xx_hal_flash.o" "C:\Users\Ryan\Documents\IAR
#        Embedded Workbench\Origin\Projects\EWARM\STM32 pin mapping
#        Configuration\Obj\stm32f4xx_hal_flash_ex.o"
#        "C:\Users\Ryan\Documents\IAR Embedded
#        Workbench\Origin\Projects\EWARM\STM32 pin mapping
#        Configuration\Obj\stm32f4xx_hal_flash_ramfunc.o"
#        "C:\Users\Ryan\Documents\IAR Embedded
#        Workbench\Origin\Projects\EWARM\STM32 pin mapping
#        Configuration\Obj\stm32f4xx_hal_gpio.o" "C:\Users\Ryan\Documents\IAR
#        Embedded Workbench\Origin\Projects\EWARM\STM32 pin mapping
#        Configuration\Obj\stm32f4xx_hal_i2c.o" "C:\Users\Ryan\Documents\IAR
#        Embedded Workbench\Origin\Projects\EWARM\STM32 pin mapping
#        Configuration\Obj\stm32f4xx_hal_i2c_ex.o" "C:\Users\Ryan\Documents\IAR
#        Embedded Workbench\Origin\Projects\EWARM\STM32 pin mapping
#        Configuration\Obj\stm32f4xx_hal_ltdc.o" "C:\Users\Ryan\Documents\IAR
#        Embedded Workbench\Origin\Projects\EWARM\STM32 pin mapping
#        Configuration\Obj\stm32f4xx_hal_msp.o" "C:\Users\Ryan\Documents\IAR
#        Embedded Workbench\Origin\Projects\EWARM\STM32 pin mapping
#        Configuration\Obj\stm32f4xx_hal_pcd.o" "C:\Users\Ryan\Documents\IAR
#        Embedded Workbench\Origin\Projects\EWARM\STM32 pin mapping
#        Configuration\Obj\stm32f4xx_hal_pcd_ex.o" "C:\Users\Ryan\Documents\IAR
#        Embedded Workbench\Origin\Projects\EWARM\STM32 pin mapping
#        Configuration\Obj\stm32f4xx_hal_pwr.o" "C:\Users\Ryan\Documents\IAR
#        Embedded Workbench\Origin\Projects\EWARM\STM32 pin mapping
#        Configuration\Obj\stm32f4xx_hal_pwr_ex.o" "C:\Users\Ryan\Documents\IAR
#        Embedded Workbench\Origin\Projects\EWARM\STM32 pin mapping
#        Configuration\Obj\stm32f4xx_hal_rcc.o" "C:\Users\Ryan\Documents\IAR
#        Embedded Workbench\Origin\Projects\EWARM\STM32 pin mapping
#        Configuration\Obj\stm32f4xx_hal_rcc_ex.o" "C:\Users\Ryan\Documents\IAR
#        Embedded Workbench\Origin\Projects\EWARM\STM32 pin mapping
#        Configuration\Obj\stm32f4xx_hal_sdram.o" "C:\Users\Ryan\Documents\IAR
#        Embedded Workbench\Origin\Projects\EWARM\STM32 pin mapping
#        Configuration\Obj\stm32f4xx_hal_spi.o" "C:\Users\Ryan\Documents\IAR
#        Embedded Workbench\Origin\Projects\EWARM\STM32 pin mapping
#        Configuration\Obj\stm32f4xx_hal_uart.o" "C:\Users\Ryan\Documents\IAR
#        Embedded Workbench\Origin\Projects\EWARM\STM32 pin mapping
#        Configuration\Obj\stm32f4xx_it.o" "C:\Users\Ryan\Documents\IAR
#        Embedded Workbench\Origin\Projects\EWARM\STM32 pin mapping
#        Configuration\Obj\stm32f4xx_ll_fmc.o" "C:\Users\Ryan\Documents\IAR
#        Embedded Workbench\Origin\Projects\EWARM\STM32 pin mapping
#        Configuration\Obj\stm32f4xx_ll_usb.o" "C:\Users\Ryan\Documents\IAR
#        Embedded Workbench\Origin\Projects\EWARM\STM32 pin mapping
#        Configuration\Obj\system_stm32f4xx.o" "C:\Users\Ryan\Documents\IAR
#        Embedded Workbench\Origin\Projects\EWARM\STM32 pin mapping
#        Configuration\Obj\usart.o" "C:\Users\Ryan\Documents\IAR Embedded
#        Workbench\Origin\Projects\EWARM\STM32 pin mapping
#        Configuration\Obj\usb_otg.o" --redirect _Printf=_PrintfFull --redirect
#        _Scanf=_ScanfFull -o "C:\Users\Ryan\Documents\IAR Embedded
#        Workbench\Origin\Projects\EWARM\STM32 pin mapping
#        Configuration\Exe\STM32 pin mapping Configuration.out" --map
#        "C:\Users\Ryan\Documents\IAR Embedded
#        Workbench\Origin\Projects\EWARM\STM32 pin mapping
#        Configuration/List\STM32 pin mapping Configuration.map" --config
#        P:\IARWorkbench\arm\config\linker\ST\stm32f429xI.icf --semihosting
#        --entry __iar_program_start --vfe
#
###############################################################################

*******************************************************************************
*** RUNTIME MODEL ATTRIBUTES
***

CppFlavor                     = *
__SystemLibrary               = DLib
__dlib_dynamic_initialization = normal


*******************************************************************************
*** PLACEMENT SUMMARY
***

"A1":  place at 0x08000000 { ro section .intvec };
"P1":  place in [from 0x08000000 to 0x081fffff] { ro };
"P2":  place in [from 0x20000000 to 0x2002ffff] { rw, block CSTACK, block HEAP };

  Section             Kind        Address    Size  Object
  -------             ----        -------    ----  ------
"A1":                                       0x1ac
  .intvec             ro code  0x08000000   0x1ac  startup_stm32f429xx.o [1]
                             - 0x080001ac   0x1ac

"P1":                                      0x535b
  .text               ro code  0x080001ac   0x78e  stm32f4xx_hal_i2c.o [1]
  .text               ro code  0x0800093a    0x22  zero_init3.o [5]
  .text               ro code  0x0800095c    0xc0  i2c.o [1]
  .text               ro code  0x08000a1c   0x71c  stm32f4xx_hal_rcc.o [1]
  .text               ro code  0x08001138    0x94  stm32f4xx_hal.o [1]
  .text               ro code  0x080011cc   0x240  stm32f4xx_hal_gpio.o [1]
  .text               ro code  0x0800140c   0x192  stm32f4xx_hal_cortex.o [1]
  .text               ro code  0x0800159e    0x16  stm32f4xx_hal_msp.o [1]
  .text               ro code  0x080015b4   0x6c4  stm32f4xx_hal_pcd.o [1]
  .text               ro code  0x08001c78    0xec  usb_otg.o [1]
  .text               ro code  0x08001d64   0x510  stm32f4xx_ll_usb.o [1]
  .text               ro code  0x08002274    0x76  ABImemcpy_unaligned.o [5]
  .rodata             const    0x080022ea     0x1  main.o [1]
  .text               ro code  0x080022ec   0x4e0  stm32f4xx_hal_uart.o [1]
  .text               ro code  0x080027cc   0x494  usart.o [1]
  .text               ro code  0x08002c60    0x44  strcpy_unaligned.o [5]
  .text               ro code  0x08002ca4   0x318  main.o [1]
  .text               ro code  0x08002fbc   0x164  gpio.o [1]
  .text               ro code  0x08003120    0xa8  adc.o [1]
  .text               ro code  0x080031c8   0x174  fmc.o [1]
  .text               ro code  0x0800333c   0x16c  ltdc.o [1]
  .text               ro code  0x080034a8   0x14c  spi.o [1]
  .text               ro code  0x080035f4     0xc  memcpy.o [3]
  .text               ro code  0x08003600    0x4c  strtok.o [3]
  .text               ro code  0x0800364c    0x42  strcmp_unaligned.o [5]
  .text               ro code  0x0800368e    0x10  atof.o [4]
  .text               ro code  0x080036a0   0x290  stm32f4xx_hal_rcc_ex.o [1]
  .text               ro code  0x08003930   0x2dc  stm32f4xx_hal_adc.o [1]
  .text               ro code  0x08003c0c    0x3e  stm32f4xx_hal_sdram.o [1]
  .text               ro code  0x08003c4c   0x138  stm32f4xx_hal_ltdc.o [1]
  .text               ro code  0x08003d84    0x88  stm32f4xx_hal_spi.o [1]
  .text               ro code  0x08003e0c     0x2  xtls.o [3]
  .text               ro code  0x08003e0e    0x22  strspn.o [3]
  .text               ro code  0x08003e30    0x22  strcspn.o [3]
  .text               ro code  0x08003e54   0x168  xstod.o [4]
  .text               ro code  0x08003fbc    0xe6  stm32f4xx_ll_fmc.o [1]
  .text               ro code  0x080040a2   0x134  xstopfx.o [3]
  .text               ro code  0x080041d8   0x1b8  xstoflt.o [3]
  .text               ro code  0x08004390    0x2c  I32ToDbl.o [4]
  .text               ro code  0x080043bc   0x1a2  DblMul.o [4]
  .text               ro code  0x08004560    0xe8  DblAdd.o [4]
  .text               ro code  0x08004648    0x6c  system_stm32f4xx.o [1]
  .text               ro code  0x080046b8   0x200  xdtento.o [4]
  .text               ro code  0x080048b8   0x218  xstoxflt.o [3]
  .text               ro code  0x08004ad0   0x114  xdscale.o [4]
  .text               ro code  0x08004be4    0x28  isxxx.o [3]
  .text               ro code  0x08004c0c    0x6c  localeconv.o [3]
  .text               ro code  0x08004c78   0x16c  DblSub.o [4]
  .text               ro code  0x08004de4    0x42  xdnorm.o [4]
  .text               ro code  0x08004e28    0x20  DblCmpEq.o [4]
  .text               ro code  0x08004e48    0x56  xdunscal.o [4]
  .text               ro code  0x08004ea0   0x246  DblDiv.o [4]
  .text               ro code  0x080050e8     0xc  errno.o [3]
  .text               ro code  0x080050f4    0x58  memchr.o [5]
  .text               ro code  0x0800514c    0x18  setlocale.o [3]
  .text               ro code  0x08005164    0x16  xlocale_c.o [3]
  .text               ro code  0x0800517a    0x14  xlocale_c.o [3]
  .text               ro code  0x0800518e    0xd2  packbits_init.o [5]
  .text               ro code  0x08005260     0x6  abort.o [3]
  .text               ro code  0x08005268    0x14  exit.o [6]
  .text               ro code  0x0800527c    0x28  data_init.o [5]
  .text               ro code  0x080052a4    0x22  fpinit_M.o [4]
  .iar.init_table     const    0x080052c8    0x2c  - Linker created -
  .text               ro code  0x080052f4    0x20  stm32f4xx_it.o [1]
  .text               ro code  0x08005314    0x1a  cmain.o [5]
  .text               ro code  0x0800532e     0x4  low_level_init.o [3]
  .text               ro code  0x08005332     0x4  exit.o [3]
  .text               ro code  0x08005338     0xa  cexit.o [5]
  .rodata             const    0x08005344    0x10  stm32f4xx_hal_rcc.o [1]
  .text               ro code  0x08005354    0x10  startup_stm32f429xx.o [1]
  .text               ro code  0x08005364     0xc  cstartup_M.o [5]
  .rodata             const    0x08005370     0x8  main.o [1]
  .text               ro code  0x08005378     0x4  startup_stm32f429xx.o [1]
  .text               ro code  0x0800537c     0x4  startup_stm32f429xx.o [1]
  .text               ro code  0x08005380     0x4  startup_stm32f429xx.o [1]
  .text               ro code  0x08005384     0x4  startup_stm32f429xx.o [1]
  .text               ro code  0x08005388     0x4  startup_stm32f429xx.o [1]
  .text               ro code  0x0800538c     0x4  startup_stm32f429xx.o [1]
  .text               ro code  0x08005390     0x4  startup_stm32f429xx.o [1]
  .text               ro code  0x08005394     0x4  startup_stm32f429xx.o [1]
  .text               ro code  0x08005398     0x4  startup_stm32f429xx.o [1]
  .text               ro code  0x0800539c     0x4  startup_stm32f429xx.o [1]
  .text               ro code  0x080053a0     0x4  startup_stm32f429xx.o [1]
  .text               ro code  0x080053a4     0x4  startup_stm32f429xx.o [1]
  .text               ro code  0x080053a8     0x4  startup_stm32f429xx.o [1]
  .text               ro code  0x080053ac     0x4  startup_stm32f429xx.o [1]
  .text               ro code  0x080053b0     0x4  startup_stm32f429xx.o [1]
  .text               ro code  0x080053b4     0x4  startup_stm32f429xx.o [1]
  .text               ro code  0x080053b8     0x4  startup_stm32f429xx.o [1]
  .text               ro code  0x080053bc     0x4  startup_stm32f429xx.o [1]
  .text               ro code  0x080053c0     0x4  startup_stm32f429xx.o [1]
  .text               ro code  0x080053c4     0x4  startup_stm32f429xx.o [1]
  .text               ro code  0x080053c8     0x4  startup_stm32f429xx.o [1]
  .text               ro code  0x080053cc     0x4  startup_stm32f429xx.o [1]
  .text               ro code  0x080053d0     0x4  startup_stm32f429xx.o [1]
  .text               ro code  0x080053d4     0x4  startup_stm32f429xx.o [1]
  .text               ro code  0x080053d8     0x4  startup_stm32f429xx.o [1]
  .text               ro code  0x080053dc     0x4  startup_stm32f429xx.o [1]
  .text               ro code  0x080053e0     0x4  startup_stm32f429xx.o [1]
  .text               ro code  0x080053e4     0x4  startup_stm32f429xx.o [1]
  .text               ro code  0x080053e8     0x4  startup_stm32f429xx.o [1]
  .text               ro code  0x080053ec     0x4  startup_stm32f429xx.o [1]
  .text               ro code  0x080053f0     0x4  startup_stm32f429xx.o [1]
  .text               ro code  0x080053f4     0x4  startup_stm32f429xx.o [1]
  .text               ro code  0x080053f8     0x4  startup_stm32f429xx.o [1]
  .text               ro code  0x080053fc     0x4  startup_stm32f429xx.o [1]
  .text               ro code  0x08005400     0x4  startup_stm32f429xx.o [1]
  .text               ro code  0x08005404     0x4  startup_stm32f429xx.o [1]
  .text               ro code  0x08005408     0x4  startup_stm32f429xx.o [1]
  .text               ro code  0x0800540c     0x4  startup_stm32f429xx.o [1]
  .text               ro code  0x08005410     0x4  startup_stm32f429xx.o [1]
  .text               ro code  0x08005414     0x4  startup_stm32f429xx.o [1]
  .text               ro code  0x08005418     0x4  startup_stm32f429xx.o [1]
  .text               ro code  0x0800541c     0x4  startup_stm32f429xx.o [1]
  .text               ro code  0x08005420     0x4  startup_stm32f429xx.o [1]
  .text               ro code  0x08005424     0x4  startup_stm32f429xx.o [1]
  .text               ro code  0x08005428     0x4  startup_stm32f429xx.o [1]
  .text               ro code  0x0800542c     0x4  startup_stm32f429xx.o [1]
  .text               ro code  0x08005430     0x4  startup_stm32f429xx.o [1]
  .text               ro code  0x08005434     0x4  startup_stm32f429xx.o [1]
  .text               ro code  0x08005438     0x4  startup_stm32f429xx.o [1]
  .text               ro code  0x0800543c     0x4  startup_stm32f429xx.o [1]
  .text               ro code  0x08005440     0x4  startup_stm32f429xx.o [1]
  .text               ro code  0x08005444     0x4  startup_stm32f429xx.o [1]
  .text               ro code  0x08005448     0x4  startup_stm32f429xx.o [1]
  .text               ro code  0x0800544c     0x4  startup_stm32f429xx.o [1]
  .text               ro code  0x08005450     0x4  startup_stm32f429xx.o [1]
  .text               ro code  0x08005454     0x4  startup_stm32f429xx.o [1]
  .text               ro code  0x08005458     0x4  startup_stm32f429xx.o [1]
  .text               ro code  0x0800545c     0x4  startup_stm32f429xx.o [1]
  .text               ro code  0x08005460     0x4  startup_stm32f429xx.o [1]
  .text               ro code  0x08005464     0x4  startup_stm32f429xx.o [1]
  .text               ro code  0x08005468     0x4  startup_stm32f429xx.o [1]
  .text               ro code  0x0800546c     0x4  startup_stm32f429xx.o [1]
  .text               ro code  0x08005470     0x4  startup_stm32f429xx.o [1]
  .text               ro code  0x08005474     0x4  startup_stm32f429xx.o [1]
  .text               ro code  0x08005478     0x4  startup_stm32f429xx.o [1]
  .text               ro code  0x0800547c     0x4  startup_stm32f429xx.o [1]
  .text               ro code  0x08005480     0x4  startup_stm32f429xx.o [1]
  .text               ro code  0x08005484     0x4  startup_stm32f429xx.o [1]
  .text               ro code  0x08005488     0x4  startup_stm32f429xx.o [1]
  .text               ro code  0x0800548c     0x4  startup_stm32f429xx.o [1]
  .text               ro code  0x08005490     0x4  startup_stm32f429xx.o [1]
  .text               ro code  0x08005494     0x4  startup_stm32f429xx.o [1]
  .text               ro code  0x08005498     0x4  startup_stm32f429xx.o [1]
  .text               ro code  0x0800549c     0x4  startup_stm32f429xx.o [1]
  .text               ro code  0x080054a0     0x4  startup_stm32f429xx.o [1]
  .text               ro code  0x080054a4     0x4  startup_stm32f429xx.o [1]
  .text               ro code  0x080054a8     0x4  startup_stm32f429xx.o [1]
  .text               ro code  0x080054ac     0x4  startup_stm32f429xx.o [1]
  .text               ro code  0x080054b0     0x4  startup_stm32f429xx.o [1]
  .text               ro code  0x080054b4     0x4  startup_stm32f429xx.o [1]
  .text               ro code  0x080054b8     0x4  startup_stm32f429xx.o [1]
  .text               ro code  0x080054bc     0x4  startup_stm32f429xx.o [1]
  .text               ro code  0x080054c0     0x4  startup_stm32f429xx.o [1]
  .text               ro code  0x080054c4     0x4  startup_stm32f429xx.o [1]
  .text               ro code  0x080054c8     0x4  startup_stm32f429xx.o [1]
  .text               ro code  0x080054cc     0x4  startup_stm32f429xx.o [1]
  .text               ro code  0x080054d0     0x4  startup_stm32f429xx.o [1]
  .text               ro code  0x080054d4     0x4  startup_stm32f429xx.o [1]
  .text               ro code  0x080054d8     0x4  startup_stm32f429xx.o [1]
  .text               ro code  0x080054dc     0x4  startup_stm32f429xx.o [1]
  .text               ro code  0x080054e0     0x4  startup_stm32f429xx.o [1]
  .text               ro code  0x080054e4     0x4  startup_stm32f429xx.o [1]
  .text               ro code  0x080054e8     0x4  startup_stm32f429xx.o [1]
  .text               ro code  0x080054ec     0x4  startup_stm32f429xx.o [1]
  .text               ro code  0x080054f0     0x4  startup_stm32f429xx.o [1]
  .rodata             const    0x080054f4     0x0  zero_init3.o [5]
  .rodata             const    0x080054f4     0x0  packbits_init.o [5]
  Initializer bytes   ro data  0x080054f4    0x13  <for P2 s0>
                             - 0x08005507  0x535b

"P2":                                      0x2e70
  P2 s0                        0x20000000   0x109  <Init block>
    __DLIB_PERTHREAD  inited   0x20000000    0x88  localeconv.o [3]
    __DLIB_PERTHREAD  inited   0x20000088    0x74  setlocale.o [3]
    .data             inited   0x200000fc     0x4  system_stm32f4xx.o [1]
    __DLIB_PERTHREAD  inited   0x20000100     0x4  strtok.o [3]
    __DLIB_PERTHREAD  inited   0x20000104     0x4  errno.o [3]
    .data             inited   0x20000108     0x1  main.o [1]
  .bss                zero     0x2000010c   0x3b0  usb_otg.o [1]
  .bss                zero     0x200004bc    0xa8  ltdc.o [1]
  .bss                zero     0x20000564    0x88  usart.o [1]
  .bss                zero     0x200005ec    0x88  usart.o [1]
  .bss                zero     0x20000674    0x88  usart.o [1]
  .bss                zero     0x200006fc    0x88  usart.o [1]
  .bss                zero     0x20000784    0x88  usart.o [1]
  .bss                zero     0x2000080c    0x88  usart.o [1]
  .bss                zero     0x20000894    0x88  usart.o [1]
  .bss                zero     0x2000091c    0x88  usart.o [1]
  .bss                zero     0x200009a4    0x88  usart.o [1]
  .bss                zero     0x20000a2c    0x88  usart.o [1]
  .bss                zero     0x20000ab4    0x88  usart.o [1]
  .bss                zero     0x20000b3c    0x88  usart.o [1]
  .bss                zero     0x20000bc4    0x80  main.o [1]
  .bss                zero     0x20000c44    0x54  spi.o [1]
  .bss                zero     0x20000c98    0x54  spi.o [1]
  .bss                zero     0x20000cec    0x44  adc.o [1]
  .bss                zero     0x20000d30    0x3c  usart.o [1]
  .bss                zero     0x20000d6c    0x3c  usart.o [1]
  .bss                zero     0x20000da8    0x38  i2c.o [1]
  .bss                zero     0x20000de0    0x34  fmc.o [1]
  .bss                zero     0x20000e14    0x28  usart.o [1]
  .bss                zero     0x20000e3c    0x20  main.o [1]
  .bss                zero     0x20000e5c     0x4  fmc.o [1]
  .bss                zero     0x20000e60     0x4  main.o [1]
  .bss                zero     0x20000e64     0x4  stm32f4xx_hal.o [1]
  .bss                zero     0x20000e68     0x2  main.o [1]
  .bss                zero     0x20000e6a     0x1  usart.o [1]
  CSTACK                       0x20000e70  0x2000  <Block>
    CSTACK            uninit   0x20000e70  0x2000  <Block tail>
                             - 0x20002e70  0x2e70


*******************************************************************************
*** INIT TABLE
***

          Address     Size
          -------     ----
Zero (__iar_zero_init3)
    1 destination range, total size 0xd5f:
          0x2000010c  0xd5f

Copy/packbits (__iar_packbits_init3)
    1 source range, total size 0x13 (7% of destination):
          0x080054f4   0x13
    1 destination range, total size 0x109:
          0x20000000  0x109



*******************************************************************************
*** MODULE SUMMARY
***

    Module                  ro code  ro data  rw data
    ------                  -------  -------  -------
C:\Users\Ryan\Documents\IAR Embedded Workbench\Origin\Projects\EWARM\STM32 pin mapping Configuration\Obj: [1]
    adc.o                       168                68
    fmc.o                       372                56
    gpio.o                      356
    i2c.o                       192                56
    ltdc.o                      364               168
    main.o                      792       10      167
    spi.o                       332               168
    startup_stm32f429xx.o       824
    stm32f4xx_hal.o             148                 4
    stm32f4xx_hal_adc.o         732
    stm32f4xx_hal_cortex.o      402
    stm32f4xx_hal_gpio.o        576
    stm32f4xx_hal_i2c.o       1 934
    stm32f4xx_hal_ltdc.o        312
    stm32f4xx_hal_msp.o          22
    stm32f4xx_hal_pcd.o       1 732
    stm32f4xx_hal_rcc.o       1 820       16
    stm32f4xx_hal_rcc_ex.o      656
    stm32f4xx_hal_sdram.o        62
    stm32f4xx_hal_spi.o         136
    stm32f4xx_hal_uart.o      1 248
    stm32f4xx_it.o               32
    stm32f4xx_ll_fmc.o          230
    stm32f4xx_ll_usb.o        1 296
    system_stm32f4xx.o          108                 4
    usart.o                   1 172             1 793
    usb_otg.o                   236               944
    -------------------------------------------------
    Total:                   16 254       26    3 428

command line: [2]
    -------------------------------------------------
    Total:

dl7M_tlf.a: [3]
    abort.o                       6
    errno.o                      12                 4
    exit.o                        4
    isxxx.o                      40
    localeconv.o                108        9      136
    low_level_init.o              4
    memcpy.o                     12
    setlocale.o                  24        9      116
    strcspn.o                    34
    strspn.o                     34
    strtok.o                     76                 4
    xlocale_c.o                  42
    xstoflt.o                   440
    xstopfx.o                   308
    xstoxflt.o                  536
    xtls.o                        2
    -------------------------------------------------
    Total:                    1 682       18      260

m7M_tlv.a: [4]
    DblAdd.o                    232
    DblCmpEq.o                   32
    DblDiv.o                    582
    DblMul.o                    418
    DblSub.o                    364
    I32ToDbl.o                   44
    atof.o                       16
    fpinit_M.o                   34
    xdnorm.o                     66
    xdscale.o                   276
    xdtento.o                   512
    xdunscal.o                   86
    xstod.o                     360
    -------------------------------------------------
    Total:                    3 022

rt7M_tl.a: [5]
    ABImemcpy_unaligned.o       118
    cexit.o                      10
    cmain.o                      26
    cstartup_M.o                 12
    data_init.o                  40
    memchr.o                     88
    packbits_init.o             210
    strcmp_unaligned.o           66
    strcpy_unaligned.o           68
    zero_init3.o                 34
    -------------------------------------------------
    Total:                      672

shb_l.a: [6]
    exit.o                       20
    -------------------------------------------------
    Total:                       20

    Gaps                         25        4        3
    Linker created                        44    8 192
-----------------------------------------------------
    Grand Total:             21 675       92   11 883


*******************************************************************************
*** ENTRY LIST
***

Entry                      Address   Size  Type      Object
-----                      -------   ----  ----      ------
?main                   0x08005315         Code  Gb  cmain.o [5]
ADC_Init                0x08003ac7  0x13a  Code  Lc  stm32f4xx_hal_adc.o [1]
APBAHBPrescTable        0x08005344   0x10  Data  Gb  stm32f4xx_hal_rcc.o [1]
CSTACK$$Base            0x20000e70          --   Gb  - Linker created -
CSTACK$$Limit           0x20002e70          --   Gb  - Linker created -
FMC_Initialized         0x20000e5c    0x4  Data  Lc  fmc.o [1]
FMC_SDRAM_Init          0x08003fbd   0x62  Code  Gb  stm32f4xx_ll_fmc.o [1]
FMC_SDRAM_Timing_Init   0x0800401f   0x84  Code  Gb  stm32f4xx_ll_fmc.o [1]
HAL_ADC_ConfigChannel   0x0800396b  0x15c  Code  Gb  stm32f4xx_hal_adc.o [1]
HAL_ADC_Init            0x08003931   0x3a  Code  Gb  stm32f4xx_hal_adc.o [1]
HAL_ADC_MspInit         0x08003185   0x32  Code  Gb  adc.o [1]
HAL_Delay               0x080011a9   0x1a  Code  Wk  stm32f4xx_hal.o [1]
HAL_FMC_MspInit         0x08003237   0xd2  Code  Lc  fmc.o [1]
HAL_GPIO_Init           0x080011cd  0x1e6  Code  Gb  stm32f4xx_hal_gpio.o [1]
HAL_GPIO_TogglePin      0x080013c1    0xa  Code  Gb  stm32f4xx_hal_gpio.o [1]
HAL_GPIO_WritePin       0x080013b3    0xe  Code  Gb  stm32f4xx_hal_gpio.o [1]
HAL_GetTick             0x080011a3    0x6  Code  Wk  stm32f4xx_hal.o [1]
HAL_I2C_Init            0x080001ad  0x11a  Code  Gb  stm32f4xx_hal_i2c.o [1]
HAL_I2C_Master_Receive  0x080003d9  0x228  Code  Gb  stm32f4xx_hal_i2c.o [1]
HAL_I2C_Master_Transmit
                        0x080002c7  0x112  Code  Gb  stm32f4xx_hal_i2c.o [1]
HAL_I2C_MspInit         0x080009ab   0x5a  Code  Gb  i2c.o [1]
HAL_IncTick             0x08001197    0xc  Code  Wk  stm32f4xx_hal.o [1]
HAL_Init                0x08001139   0x3a  Code  Gb  stm32f4xx_hal.o [1]
HAL_InitTick            0x08001173   0x24  Code  Wk  stm32f4xx_hal.o [1]
HAL_LTDC_Init           0x08003c4d  0x134  Code  Gb  stm32f4xx_hal_ltdc.o [1]
HAL_LTDC_MspInit        0x080033b5   0xd0  Code  Gb  ltdc.o [1]
HAL_MspInit             0x0800159f   0x16  Code  Gb  stm32f4xx_hal_msp.o [1]
HAL_NVIC_ClearPendingIRQ
                        0x0800155f    0xe  Code  Gb  stm32f4xx_hal_cortex.o [1]
HAL_NVIC_DisableIRQ     0x08001545    0xe  Code  Gb  stm32f4xx_hal_cortex.o [1]
HAL_NVIC_EnableIRQ      0x08001537    0xe  Code  Gb  stm32f4xx_hal_cortex.o [1]
HAL_NVIC_SetPriority    0x08001511   0x26  Code  Gb  stm32f4xx_hal_cortex.o [1]
HAL_NVIC_SetPriorityGrouping
                        0x08001505    0xc  Code  Gb  stm32f4xx_hal_cortex.o [1]
HAL_PCD_ConnectCallback
                        0x08001bb3    0x2  Code  Wk  stm32f4xx_hal_pcd.o [1]
HAL_PCD_DataInStageCallback
                        0x08001ba3    0x2  Code  Wk  stm32f4xx_hal_pcd.o [1]
HAL_PCD_DataOutStageCallback
                        0x08001ba1    0x2  Code  Wk  stm32f4xx_hal_pcd.o [1]
HAL_PCD_DisconnectCallback
                        0x08001bb5    0x2  Code  Wk  stm32f4xx_hal_pcd.o [1]
HAL_PCD_IRQHandler      0x080016d3  0x4ce  Code  Gb  stm32f4xx_hal_pcd.o [1]
HAL_PCD_ISOINIncompleteCallback
                        0x08001bb1    0x2  Code  Wk  stm32f4xx_hal_pcd.o [1]
HAL_PCD_ISOOUTIncompleteCallback
                        0x08001baf    0x2  Code  Wk  stm32f4xx_hal_pcd.o [1]
HAL_PCD_Init            0x080015b5  0x11e  Code  Gb  stm32f4xx_hal_pcd.o [1]
HAL_PCD_MspInit         0x08001cc5   0x7e  Code  Gb  usb_otg.o [1]
HAL_PCD_ResetCallback   0x08001ba9    0x2  Code  Wk  stm32f4xx_hal_pcd.o [1]
HAL_PCD_ResumeCallback  0x08001bad    0x2  Code  Wk  stm32f4xx_hal_pcd.o [1]
HAL_PCD_SOFCallback     0x08001ba7    0x2  Code  Wk  stm32f4xx_hal_pcd.o [1]
HAL_PCD_SetupStageCallback
                        0x08001ba5    0x2  Code  Wk  stm32f4xx_hal_pcd.o [1]
HAL_PCD_SuspendCallback
                        0x08001bab    0x2  Code  Wk  stm32f4xx_hal_pcd.o [1]
HAL_RCCEx_PeriphCLKConfig
                        0x080036a1  0x256  Code  Gb  stm32f4xx_hal_rcc_ex.o [1]
HAL_RCC_ClockConfig     0x08000da1  0x23a  Code  Gb  stm32f4xx_hal_rcc.o [1]
HAL_RCC_GetHCLKFreq     0x0800108d   0x28  Code  Gb  stm32f4xx_hal_rcc.o [1]
HAL_RCC_GetPCLK1Freq    0x080010b5   0x20  Code  Gb  stm32f4xx_hal_rcc.o [1]
HAL_RCC_GetPCLK2Freq    0x080010d5   0x20  Code  Gb  stm32f4xx_hal_rcc.o [1]
HAL_RCC_GetSysClockFreq
                        0x08000fdb   0xb2  Code  Gb  stm32f4xx_hal_rcc.o [1]
HAL_RCC_OscConfig       0x08000a1d  0x384  Code  Gb  stm32f4xx_hal_rcc.o [1]
HAL_SDRAM_Init          0x08003c0d   0x3e  Code  Gb  stm32f4xx_hal_sdram.o [1]
HAL_SDRAM_MspInit       0x08003309    0xa  Code  Gb  fmc.o [1]
HAL_SPI_Init            0x08003d85   0x88  Code  Gb  stm32f4xx_hal_spi.o [1]
HAL_SPI_MspInit         0x08003549   0x8a  Code  Gb  spi.o [1]
HAL_SYSTICK_Callback    0x0800159d    0x2  Code  Wk  stm32f4xx_hal_cortex.o [1]
HAL_SYSTICK_Config      0x08001553    0xc  Code  Gb  stm32f4xx_hal_cortex.o [1]
HAL_SYSTICK_IRQHandler  0x08001595    0x8  Code  Gb  stm32f4xx_hal_cortex.o [1]
HAL_UART_Init           0x080022ed   0x6c  Code  Gb  stm32f4xx_hal_uart.o [1]
HAL_UART_MspInit        0x08002b53   0xb6  Code  Gb  usart.o [1]
HAL_UART_Receive_IT     0x08002457   0x8a  Code  Gb  stm32f4xx_hal_uart.o [1]
HAL_UART_Transmit       0x08002359   0xfe  Code  Gb  stm32f4xx_hal_uart.o [1]
I2C_MasterRequestRead   0x080006b3  0x104  Code  Lc  stm32f4xx_hal_i2c.o [1]
I2C_MasterRequestWrite  0x08000619   0x9a  Code  Lc  stm32f4xx_hal_i2c.o [1]
I2C_WaitOnFlagUntilTimeout
                        0x080007c1   0xda  Code  Lc  stm32f4xx_hal_i2c.o [1]
I2C_WaitOnMasterAddressFlagUntilTimeout
                        0x0800089b   0xa0  Code  Lc  stm32f4xx_hal_i2c.o [1]
InStream_Read           0x0800518f   0x22  Code  Lc  packbits_init.o [5]
MX_ADC3_Init            0x08003121   0x64  Code  Gb  adc.o [1]
MX_FMC_Init             0x080031c9   0x6e  Code  Gb  fmc.o [1]
MX_GPIO_Init            0x08002fbd  0x164  Code  Gb  gpio.o [1]
MX_I2C3_Init            0x0800095d   0x4e  Code  Gb  i2c.o [1]
MX_LTDC_Init            0x0800333d   0x78  Code  Gb  ltdc.o [1]
MX_SPI1_Init            0x080034a9   0x50  Code  Gb  spi.o [1]
MX_SPI5_Init            0x080034f9   0x50  Code  Gb  spi.o [1]
MX_UART4_Init           0x080027cd   0x50  Code  Gb  usart.o [1]
MX_UART5_Init           0x08002ae5   0x44  Code  Gb  usart.o [1]
MX_USB_OTG_HS_PCD_Init  0x08001c79   0x4c  Code  Gb  usb_otg.o [1]
NVIC_ClearPendingIRQ    0x0800145d   0x14  Code  Lc  stm32f4xx_hal_cortex.o [1]
NVIC_DisableIRQ         0x08001449   0x14  Code  Lc  stm32f4xx_hal_cortex.o [1]
NVIC_EnableIRQ          0x08001435   0x14  Code  Lc  stm32f4xx_hal_cortex.o [1]
NVIC_EncodePriority     0x08001497   0x3e  Code  Lc  stm32f4xx_hal_cortex.o [1]
NVIC_GetPriorityGrouping
                        0x0800142b    0xa  Code  Lc  stm32f4xx_hal_cortex.o [1]
NVIC_SetPriority        0x08001471   0x26  Code  Lc  stm32f4xx_hal_cortex.o [1]
NVIC_SetPriorityGrouping
                        0x0800140d   0x1e  Code  Lc  stm32f4xx_hal_cortex.o [1]
OTG_HS_WKUP_IRQHandler  0x08005301   0x10  Code  Gb  stm32f4xx_it.o [1]
PCD_WriteEmptyTxFifo    0x08001bb7   0xc2  Code  Lc  stm32f4xx_hal_pcd.o [1]
Region$$Table$$Base     0x080052c8          --   Gb  - Linker created -
Region$$Table$$Limit    0x080052f4          --   Gb  - Linker created -
SysTick_Config          0x080014d5   0x30  Code  Lc  stm32f4xx_hal_cortex.o [1]
SysTick_Handler         0x080052f5    0xc  Code  Gb  stm32f4xx_it.o [1]
SystemClock_Config      0x08002ef5   0x80  Code  Gb  main.o [1]
SystemCoreClock         0x200000fc    0x4  Data  Gb  system_stm32f4xx.o [1]
SystemInit              0x08004649   0x4c  Code  Gb  system_stm32f4xx.o [1]
UART4_IRQHandler        0x0800281d   0xcc  Code  Gb  usart.o [1]
UART5_IRQHandler        0x080028e9  0x1fc  Code  Gb  usart.o [1]
UART_SetConfig          0x080025c3  0x1fc  Code  Lc  stm32f4xx_hal_uart.o [1]
UART_WaitOnFlagUntilTimeout
                        0x080024e1   0xe2  Code  Lc  stm32f4xx_hal_uart.o [1]
USB_ActivateSetup       0x08002195   0x44  Code  Gb  stm32f4xx_ll_usb.o [1]
USB_CoreInit            0x08001d65   0x6e  Code  Gb  stm32f4xx_ll_usb.o [1]
USB_CoreReset           0x08002231   0x38  Code  Lc  stm32f4xx_ll_usb.o [1]
USB_DevDisconnect       0x080020e7   0x1e  Code  Gb  stm32f4xx_ll_usb.o [1]
USB_DevInit             0x08001e17  0x1b0  Code  Gb  stm32f4xx_ll_usb.o [1]
USB_DisableGlobalInt    0x08001dd3    0xe  Code  Gb  stm32f4xx_ll_usb.o [1]
USB_EP0_OutStart        0x080021d9   0x58  Code  Gb  stm32f4xx_ll_usb.o [1]
USB_FlushRxFifo         0x08001feb   0x20  Code  Gb  stm32f4xx_ll_usb.o [1]
USB_FlushTxFifo         0x08001fc7   0x24  Code  Gb  stm32f4xx_ll_usb.o [1]
USB_GetDevSpeed         0x08002021   0x4e  Code  Gb  stm32f4xx_ll_usb.o [1]
USB_GetMode             0x0800218d    0x8  Code  Gb  stm32f4xx_ll_usb.o [1]
USB_ReadDevAllInEpInterrupt
                        0x08002129   0x16  Code  Gb  stm32f4xx_ll_usb.o [1]
USB_ReadDevAllOutEpInterrupt
                        0x08002113   0x16  Code  Gb  stm32f4xx_ll_usb.o [1]
USB_ReadDevInEPInterrupt
                        0x08002159   0x34  Code  Gb  stm32f4xx_ll_usb.o [1]
USB_ReadDevOutEPInterrupt
                        0x0800213f   0x1a  Code  Gb  stm32f4xx_ll_usb.o [1]
USB_ReadInterrupts      0x08002105    0xe  Code  Gb  stm32f4xx_ll_usb.o [1]
USB_ReadPacket          0x080020bb   0x2c  Code  Gb  stm32f4xx_ll_usb.o [1]
USB_SetCurrentMode      0x08001de1   0x36  Code  Gb  stm32f4xx_ll_usb.o [1]
USB_SetDevSpeed         0x0800200b   0x16  Code  Gb  stm32f4xx_ll_usb.o [1]
USB_WritePacket         0x08002075   0x46  Code  Gb  stm32f4xx_ll_usb.o [1]
_IsdstStr               0x2000008c    0x4  Data  Gb  setlocale.o [3]
_LocaleC_isalpha        0x08005165   0x16  Code  Gb  xlocale_c.o [3]
_LocaleC_isspace        0x0800517b   0x14  Code  Gb  xlocale_c.o [3]
_LocaleForCat           0x0800514d   0x12  Code  Gb  setlocale.o [3]
_LocaleReturnString     0x200000ac   0x50  Data  Lc  setlocale.o [3]
_Locale_Profile         0x20000090   0x1c  Data  Gb  setlocale.o [3]
_Locale_aeabi_lconv     0x20000050   0x38  Data  Gb  localeconv.o [3]
_Locale_lconv           0x20000000   0x50  Data  Gb  localeconv.o [3]
_Stoflt                 0x080041d9  0x1b8  Code  Gb  xstoflt.o [3]
_Stopfx                 0x080040a3  0x134  Code  Gb  xstopfx.o [3]
_Stoxflt                0x080048b9  0x1e2  Code  Gb  xstoxflt.o [3]
_Strtok_ssave           0x20000100    0x4  Data  Lc  strtok.o [3]
_TzoneStr               0x20000088    0x4  Data  Gb  setlocale.o [3]
__aeabi_cdcmpeq         0x08004e29         Code  Gb  DblCmpEq.o [4]
__aeabi_dadd            0x08004561         Code  Gb  DblAdd.o [4]
__aeabi_ddiv            0x08004ea1         Code  Gb  DblDiv.o [4]
__aeabi_dmul            0x080043bd         Code  Gb  DblMul.o [4]
__aeabi_errno_addr      0x080050e9    0x6  Code  Gb  errno.o [3]
__aeabi_i2d             0x08004391         Code  Gb  I32ToDbl.o [4]
__cmain                 0x08005315         Code  Gb  cmain.o [5]
__exit                  0x08005269   0x14  Code  Gb  exit.o [6]
__iar_Dnorm             0x08004de5   0x42  Code  Gb  xdnorm.o [4]
__iar_Dscale            0x08004ad1  0x114  Code  Gb  xdscale.o [4]
__iar_Dtentox           0x08004715  0x13e  Code  Gb  xdtento.o [4]
__iar_Dunscale          0x08004e49   0x56  Code  Gb  xdunscal.o [4]
__iar_Errno             0x20000104    0x4  Data  Gb  errno.o [3]
__iar_Locale_lconv_init
                        0x08004c0d   0x3a  Code  Gb  localeconv.o [3]
__iar_Memchr            0x080050f5         Code  Gb  memchr.o [5]
__iar_Stod              0x08003fb9    0x4  Code  Gb  xstod.o [4]
__iar_Stodx             0x08003e55  0x14e  Code  Gb  xstod.o [4]
__iar_dadd              0x08004575         Code  Gb  DblAdd.o [4]
__iar_data_init3        0x0800527d   0x28  Code  Gb  data_init.o [5]
__iar_dlib_perthread_access
                        0x08003e0d    0x2  Code  Gb  xtls.o [3]
__iar_dsub              0x08004c79         Code  Gb  DblSub.o [4]
__iar_dsubStart         0x08004c8b         Code  Gb  DblSub.o [4]
__iar_init_vfp          0x080052a5         Code  Gb  fpinit_M.o [4]
__iar_packbits_init3    0x080051b1   0xb0  Code  Gb  packbits_init.o [5]
__iar_program_start     0x08005365         Code  Gb  cstartup_M.o [5]
__iar_strcmp            0x0800364d         Code  Gb  strcmp_unaligned.o [5]
__iar_ui2d              0x080043a5         Code  Gb  I32ToDbl.o [4]
__iar_unaligned___aeabi_memcpy
                        0x08002275         Code  Gb  ABImemcpy_unaligned.o [5]
__iar_unaligned___aeabi_memcpy4
                        0x08002295         Code  Gb  ABImemcpy_unaligned.o [5]
__iar_unaligned___aeabi_memcpy8
                        0x08002295         Code  Gb  ABImemcpy_unaligned.o [5]
__iar_unaligned_strcmp  0x0800364d         Code  Gb  strcmp_unaligned.o [5]
__iar_unaligned_strcpy  0x08002c61         Code  Gb  strcpy_unaligned.o [5]
__iar_vfp_atof          0x0800368f   0x10  Code  Gb  atof.o [4]
__iar_zero_init3        0x0800093b   0x22  Code  Gb  zero_init3.o [5]
__low_level_init        0x0800532f    0x4  Code  Gb  low_level_init.o [3]
__vector_table          0x08000000         Data  Gb  startup_stm32f429xx.o [1]
_call_main              0x08005321         Code  Gb  cmain.o [5]
_exit                   0x08005339         Code  Gb  cexit.o [5]
_main                   0x0800532b         Code  Gb  cmain.o [5]
abort                   0x08005261    0x6  Code  Gb  abort.o [3]
buff_copy               0x08002b29   0x2a  Code  Gb  usart.o [1]
dmul                    0x080046b9   0x5a  Code  Lc  xdtento.o [4]
exit                    0x08005333    0x4  Code  Gb  exit.o [3]
friends                 0x20000e14   0x28  Data  Gb  usart.o [1]
hadc3                   0x20000cec   0x44  Data  Gb  adc.o [1]
hello                   0x20000e60    0x4  Data  Gb  main.o [1]
hi2c3                   0x20000da8   0x38  Data  Gb  i2c.o [1]
hltdc                   0x200004bc   0xa8  Data  Gb  ltdc.o [1]
hpcd_USB_OTG_HS         0x2000010c  0x3b0  Data  Gb  usb_otg.o [1]
hsdram1                 0x20000de0   0x34  Data  Gb  fmc.o [1]
hspi1                   0x20000c44   0x54  Data  Gb  spi.o [1]
hspi5                   0x20000c98   0x54  Data  Gb  spi.o [1]
huart4                  0x20000d30   0x3c  Data  Gb  usart.o [1]
huart5                  0x20000d6c   0x3c  Data  Gb  usart.o [1]
idFlag                  0x20000e6a    0x1  Data  Gb  usart.o [1]
inData                  0x20000bc4   0x80  Data  Gb  main.o [1]
inImu                   0x20000e3c   0x20  Data  Gb  main.o [1]
isalpha                 0x08004be5   0x14  Code  Gb  isxxx.o [3]
isspace                 0x08004bf9   0x14  Code  Gb  isxxx.o [3]
len                     0x20000e68    0x2  Data  Gb  main.o [1]
localeconv              0x08004c47   0x16  Code  Gb  localeconv.o [3]
main                    0x08002ca5  0x1ce  Code  Gb  main.o [1]
memchr                  0x080050f5         Code  Gb  memchr.o [5]
memcpy                  0x080035f5    0xc  Code  Gb  memcpy.o [3]
mpuCmd                  0x20000108    0x1  Data  Gb  main.o [1]
parseGPS                0x08002e73   0x82  Code  Gb  main.o [1]
pows                    0x08004870   0x48  Data  Lc  xdtento.o [4]
rx_buff                 0x20000564   0x88  Data  Gb  usart.o [1]
strcspn                 0x08003e31   0x22  Code  Gb  strcspn.o [3]
strspn                  0x08003e0f   0x22  Code  Gb  strspn.o [3]
strtok                  0x08003601   0x4c  Code  Gb  strtok.o [3]
tx_buff                 0x200005ec   0x88  Data  Gb  usart.o [1]
tx_buff0                0x20000674   0x88  Data  Gb  usart.o [1]
tx_buff1                0x200006fc   0x88  Data  Gb  usart.o [1]
tx_buff2                0x20000784   0x88  Data  Gb  usart.o [1]
tx_buff3                0x2000080c   0x88  Data  Gb  usart.o [1]
tx_buff4                0x20000894   0x88  Data  Gb  usart.o [1]
tx_buff5                0x2000091c   0x88  Data  Gb  usart.o [1]
tx_buff6                0x200009a4   0x88  Data  Gb  usart.o [1]
tx_buff7                0x20000a2c   0x88  Data  Gb  usart.o [1]
tx_buff8                0x20000ab4   0x88  Data  Gb  usart.o [1]
tx_buff9                0x20000b3c   0x88  Data  Gb  usart.o [1]
uwTick                  0x20000e64    0x4  Data  Lc  stm32f4xx_hal.o [1]


[1] = C:\Users\Ryan\Documents\IAR Embedded Workbench\Origin\Projects\EWARM\STM32 pin mapping Configuration\Obj
[2] = command line
[3] = dl7M_tlf.a
[4] = m7M_tlv.a
[5] = rt7M_tl.a
[6] = shb_l.a

  21 675 bytes of readonly  code memory
      92 bytes of readonly  data memory
  11 883 bytes of readwrite data memory

Errors: none
Warnings: none
