###############################################################################
#
# IAR ELF Linker V7.30.1.7746/W32 for ARM                 14/Nov/2014  23:57:55
# Copyright 2007-2014 IAR Systems AB.
#
#    Output file  =  
#        C:\Users\Ryan\Documents\IAR Embedded
#        Workbench\Origin\Projects\EWARM\STM32 pin mapping
#        Configuration\Exe\STM32 pin mapping Configuration.out
#    Map file     =  
#        C:\Users\Ryan\Documents\IAR Embedded
#        Workbench\Origin\Projects\EWARM\STM32 pin mapping
#        Configuration/List\STM32 pin mapping Configuration.map
#    Command line =  
#        "C:\Users\Ryan\Documents\IAR Embedded
#        Workbench\Origin\Projects\EWARM\STM32 pin mapping
#        Configuration\Obj\adc.o" "C:\Users\Ryan\Documents\IAR Embedded
#        Workbench\Origin\Projects\EWARM\STM32 pin mapping
#        Configuration\Obj\fmc.o" "C:\Users\Ryan\Documents\IAR Embedded
#        Workbench\Origin\Projects\EWARM\STM32 pin mapping
#        Configuration\Obj\gpio.o" "C:\Users\Ryan\Documents\IAR Embedded
#        Workbench\Origin\Projects\EWARM\STM32 pin mapping
#        Configuration\Obj\i2c.o" "C:\Users\Ryan\Documents\IAR Embedded
#        Workbench\Origin\Projects\EWARM\STM32 pin mapping
#        Configuration\Obj\ltdc.o" "C:\Users\Ryan\Documents\IAR Embedded
#        Workbench\Origin\Projects\EWARM\STM32 pin mapping
#        Configuration\Obj\main.o" "C:\Users\Ryan\Documents\IAR Embedded
#        Workbench\Origin\Projects\EWARM\STM32 pin mapping
#        Configuration\Obj\spi.o" "C:\Users\Ryan\Documents\IAR Embedded
#        Workbench\Origin\Projects\EWARM\STM32 pin mapping
#        Configuration\Obj\startup_stm32f429xx.o" "C:\Users\Ryan\Documents\IAR
#        Embedded Workbench\Origin\Projects\EWARM\STM32 pin mapping
#        Configuration\Obj\stm32f4xx_hal.o" "C:\Users\Ryan\Documents\IAR
#        Embedded Workbench\Origin\Projects\EWARM\STM32 pin mapping
#        Configuration\Obj\stm32f4xx_hal_adc.o" "C:\Users\Ryan\Documents\IAR
#        Embedded Workbench\Origin\Projects\EWARM\STM32 pin mapping
#        Configuration\Obj\stm32f4xx_hal_adc_ex.o" "C:\Users\Ryan\Documents\IAR
#        Embedded Workbench\Origin\Projects\EWARM\STM32 pin mapping
#        Configuration\Obj\stm32f4xx_hal_cortex.o" "C:\Users\Ryan\Documents\IAR
#        Embedded Workbench\Origin\Projects\EWARM\STM32 pin mapping
#        Configuration\Obj\stm32f4xx_hal_dma.o" "C:\Users\Ryan\Documents\IAR
#        Embedded Workbench\Origin\Projects\EWARM\STM32 pin mapping
#        Configuration\Obj\stm32f4xx_hal_dma_ex.o" "C:\Users\Ryan\Documents\IAR
#        Embedded Workbench\Origin\Projects\EWARM\STM32 pin mapping
#        Configuration\Obj\stm32f4xx_hal_flash.o" "C:\Users\Ryan\Documents\IAR
#        Embedded Workbench\Origin\Projects\EWARM\STM32 pin mapping
#        Configuration\Obj\stm32f4xx_hal_flash_ex.o"
#        "C:\Users\Ryan\Documents\IAR Embedded
#        Workbench\Origin\Projects\EWARM\STM32 pin mapping
#        Configuration\Obj\stm32f4xx_hal_flash_ramfunc.o"
#        "C:\Users\Ryan\Documents\IAR Embedded
#        Workbench\Origin\Projects\EWARM\STM32 pin mapping
#        Configuration\Obj\stm32f4xx_hal_gpio.o" "C:\Users\Ryan\Documents\IAR
#        Embedded Workbench\Origin\Projects\EWARM\STM32 pin mapping
#        Configuration\Obj\stm32f4xx_hal_i2c.o" "C:\Users\Ryan\Documents\IAR
#        Embedded Workbench\Origin\Projects\EWARM\STM32 pin mapping
#        Configuration\Obj\stm32f4xx_hal_i2c_ex.o" "C:\Users\Ryan\Documents\IAR
#        Embedded Workbench\Origin\Projects\EWARM\STM32 pin mapping
#        Configuration\Obj\stm32f4xx_hal_ltdc.o" "C:\Users\Ryan\Documents\IAR
#        Embedded Workbench\Origin\Projects\EWARM\STM32 pin mapping
#        Configuration\Obj\stm32f4xx_hal_msp.o" "C:\Users\Ryan\Documents\IAR
#        Embedded Workbench\Origin\Projects\EWARM\STM32 pin mapping
#        Configuration\Obj\stm32f4xx_hal_pcd.o" "C:\Users\Ryan\Documents\IAR
#        Embedded Workbench\Origin\Projects\EWARM\STM32 pin mapping
#        Configuration\Obj\stm32f4xx_hal_pcd_ex.o" "C:\Users\Ryan\Documents\IAR
#        Embedded Workbench\Origin\Projects\EWARM\STM32 pin mapping
#        Configuration\Obj\stm32f4xx_hal_pwr.o" "C:\Users\Ryan\Documents\IAR
#        Embedded Workbench\Origin\Projects\EWARM\STM32 pin mapping
#        Configuration\Obj\stm32f4xx_hal_pwr_ex.o" "C:\Users\Ryan\Documents\IAR
#        Embedded Workbench\Origin\Projects\EWARM\STM32 pin mapping
#        Configuration\Obj\stm32f4xx_hal_rcc.o" "C:\Users\Ryan\Documents\IAR
#        Embedded Workbench\Origin\Projects\EWARM\STM32 pin mapping
#        Configuration\Obj\stm32f4xx_hal_rcc_ex.o" "C:\Users\Ryan\Documents\IAR
#        Embedded Workbench\Origin\Projects\EWARM\STM32 pin mapping
#        Configuration\Obj\stm32f4xx_hal_sdram.o" "C:\Users\Ryan\Documents\IAR
#        Embedded Workbench\Origin\Projects\EWARM\STM32 pin mapping
#        Configuration\Obj\stm32f4xx_hal_spi.o" "C:\Users\Ryan\Documents\IAR
#        Embedded Workbench\Origin\Projects\EWARM\STM32 pin mapping
#        Configuration\Obj\stm32f4xx_hal_uart.o" "C:\Users\Ryan\Documents\IAR
#        Embedded Workbench\Origin\Projects\EWARM\STM32 pin mapping
#        Configuration\Obj\stm32f4xx_it.o" "C:\Users\Ryan\Documents\IAR
#        Embedded Workbench\Origin\Projects\EWARM\STM32 pin mapping
#        Configuration\Obj\stm32f4xx_ll_fmc.o" "C:\Users\Ryan\Documents\IAR
#        Embedded Workbench\Origin\Projects\EWARM\STM32 pin mapping
#        Configuration\Obj\stm32f4xx_ll_usb.o" "C:\Users\Ryan\Documents\IAR
#        Embedded Workbench\Origin\Projects\EWARM\STM32 pin mapping
#        Configuration\Obj\system_stm32f4xx.o" "C:\Users\Ryan\Documents\IAR
#        Embedded Workbench\Origin\Projects\EWARM\STM32 pin mapping
#        Configuration\Obj\usart.o" "C:\Users\Ryan\Documents\IAR Embedded
#        Workbench\Origin\Projects\EWARM\STM32 pin mapping
#        Configuration\Obj\usb_otg.o" --redirect _Printf=_PrintfFull --redirect
#        _Scanf=_ScanfFull -o "C:\Users\Ryan\Documents\IAR Embedded
#        Workbench\Origin\Projects\EWARM\STM32 pin mapping
#        Configuration\Exe\STM32 pin mapping Configuration.out" --map
#        "C:\Users\Ryan\Documents\IAR Embedded
#        Workbench\Origin\Projects\EWARM\STM32 pin mapping
#        Configuration/List\STM32 pin mapping Configuration.map" --config
#        P:\IARWorkbench\arm\config\linker\ST\stm32f429xI.icf --semihosting
#        --entry __iar_program_start --vfe
#
###############################################################################

*******************************************************************************
*** RUNTIME MODEL ATTRIBUTES
***

CppFlavor       = *
__SystemLibrary = DLib


*******************************************************************************
*** PLACEMENT SUMMARY
***

"A1":  place at 0x08000000 { ro section .intvec };
"P1":  place in [from 0x08000000 to 0x081fffff] { ro };
"P2":  place in [from 0x20000000 to 0x2002ffff] { rw, block CSTACK, block HEAP };

  Section            Kind        Address    Size  Object
  -------            ----        -------    ----  ------
"A1":                                      0x1ac
  .intvec            ro code  0x08000000   0x1ac  startup_stm32f429xx.o [1]
                            - 0x080001ac   0x1ac

"P1":                                     0x3bb4
  .text              ro code  0x080001ac   0x78e  stm32f4xx_hal_i2c.o [1]
  .text              ro code  0x0800093a    0x2e  copy_init3.o [5]
  .text              ro code  0x08000968    0xb8  i2c.o [1]
  .text              ro code  0x08000a20   0x71c  stm32f4xx_hal_rcc.o [1]
  .text              ro code  0x0800113c    0x94  stm32f4xx_hal.o [1]
  .text              ro code  0x080011d0   0x240  stm32f4xx_hal_gpio.o [1]
  .text              ro code  0x08001410   0x192  stm32f4xx_hal_cortex.o [1]
  .text              ro code  0x080015a2    0x16  stm32f4xx_hal_msp.o [1]
  .text              ro code  0x080015b8   0x6c4  stm32f4xx_hal_pcd.o [1]
  .text              ro code  0x08001c7c    0xec  usb_otg.o [1]
  .text              ro code  0x08001d68   0x510  stm32f4xx_ll_usb.o [1]
  .text              ro code  0x08002278    0x76  ABImemcpy_unaligned.o [5]
  .text              ro code  0x080022ee    0x22  zero_init3.o [5]
  .text              ro code  0x08002310   0x4e0  stm32f4xx_hal_uart.o [1]
  .text              ro code  0x080027f0   0x1dc  usart.o [1]
  .text              ro code  0x080029cc   0x2dc  stm32f4xx_hal_adc.o [1]
  .text              ro code  0x08002ca8    0xa8  adc.o [1]
  .text              ro code  0x08002d50   0x290  stm32f4xx_hal_rcc_ex.o [1]
  .text              ro code  0x08002fe0   0x220  main.o [1]
  .text              ro code  0x08003200   0x14c  gpio.o [1]
  .text              ro code  0x0800334c   0x174  fmc.o [1]
  .text              ro code  0x080034c0   0x16c  ltdc.o [1]
  .text              ro code  0x0800362c   0x14c  spi.o [1]
  .text              ro code  0x08003778     0xc  memcpy.o [3]
  .text              ro code  0x08003784    0x3e  stm32f4xx_hal_sdram.o [1]
  .text              ro code  0x080037c4   0x138  stm32f4xx_hal_ltdc.o [1]
  .text              ro code  0x080038fc    0x88  stm32f4xx_hal_spi.o [1]
  .text              ro code  0x08003984    0xe6  stm32f4xx_ll_fmc.o [1]
  .text              ro code  0x08003a6c    0x6c  system_stm32f4xx.o [1]
  .text              ro code  0x08003ad8    0x28  data_init.o [5]
  .text              ro code  0x08003b00    0x22  fpinit_M.o [4]
  .iar.init_table    const    0x08003b24    0x24  - Linker created -
  .text              ro code  0x08003b48    0x20  stm32f4xx_it.o [1]
  .text              ro code  0x08003b68    0x1a  cmain.o [5]
  .text              ro code  0x08003b82     0x4  low_level_init.o [3]
  .text              ro code  0x08003b86     0x4  exit.o [3]
  .text              ro code  0x08003b8c     0xa  cexit.o [5]
  .text              ro code  0x08003b98    0x14  exit.o [6]
  .rodata            const    0x08003bac    0x10  stm32f4xx_hal_rcc.o [1]
  .text              ro code  0x08003bbc    0x10  startup_stm32f429xx.o [1]
  .text              ro code  0x08003bcc     0xc  cstartup_M.o [5]
  .text              ro code  0x08003bd8     0x4  startup_stm32f429xx.o [1]
  .text              ro code  0x08003bdc     0x4  startup_stm32f429xx.o [1]
  .text              ro code  0x08003be0     0x4  startup_stm32f429xx.o [1]
  .text              ro code  0x08003be4     0x4  startup_stm32f429xx.o [1]
  .text              ro code  0x08003be8     0x4  startup_stm32f429xx.o [1]
  .text              ro code  0x08003bec     0x4  startup_stm32f429xx.o [1]
  .text              ro code  0x08003bf0     0x4  startup_stm32f429xx.o [1]
  .text              ro code  0x08003bf4     0x4  startup_stm32f429xx.o [1]
  .text              ro code  0x08003bf8     0x4  startup_stm32f429xx.o [1]
  .text              ro code  0x08003bfc     0x4  startup_stm32f429xx.o [1]
  .text              ro code  0x08003c00     0x4  startup_stm32f429xx.o [1]
  .text              ro code  0x08003c04     0x4  startup_stm32f429xx.o [1]
  .text              ro code  0x08003c08     0x4  startup_stm32f429xx.o [1]
  .text              ro code  0x08003c0c     0x4  startup_stm32f429xx.o [1]
  .text              ro code  0x08003c10     0x4  startup_stm32f429xx.o [1]
  .text              ro code  0x08003c14     0x4  startup_stm32f429xx.o [1]
  .text              ro code  0x08003c18     0x4  startup_stm32f429xx.o [1]
  .text              ro code  0x08003c1c     0x4  startup_stm32f429xx.o [1]
  .text              ro code  0x08003c20     0x4  startup_stm32f429xx.o [1]
  .text              ro code  0x08003c24     0x4  startup_stm32f429xx.o [1]
  .text              ro code  0x08003c28     0x4  startup_stm32f429xx.o [1]
  .text              ro code  0x08003c2c     0x4  startup_stm32f429xx.o [1]
  .text              ro code  0x08003c30     0x4  startup_stm32f429xx.o [1]
  .text              ro code  0x08003c34     0x4  startup_stm32f429xx.o [1]
  .text              ro code  0x08003c38     0x4  startup_stm32f429xx.o [1]
  .text              ro code  0x08003c3c     0x4  startup_stm32f429xx.o [1]
  .text              ro code  0x08003c40     0x4  startup_stm32f429xx.o [1]
  .text              ro code  0x08003c44     0x4  startup_stm32f429xx.o [1]
  .text              ro code  0x08003c48     0x4  startup_stm32f429xx.o [1]
  .text              ro code  0x08003c4c     0x4  startup_stm32f429xx.o [1]
  .text              ro code  0x08003c50     0x4  startup_stm32f429xx.o [1]
  .text              ro code  0x08003c54     0x4  startup_stm32f429xx.o [1]
  .text              ro code  0x08003c58     0x4  startup_stm32f429xx.o [1]
  .text              ro code  0x08003c5c     0x4  startup_stm32f429xx.o [1]
  .text              ro code  0x08003c60     0x4  startup_stm32f429xx.o [1]
  .text              ro code  0x08003c64     0x4  startup_stm32f429xx.o [1]
  .text              ro code  0x08003c68     0x4  startup_stm32f429xx.o [1]
  .text              ro code  0x08003c6c     0x4  startup_stm32f429xx.o [1]
  .text              ro code  0x08003c70     0x4  startup_stm32f429xx.o [1]
  .text              ro code  0x08003c74     0x4  startup_stm32f429xx.o [1]
  .text              ro code  0x08003c78     0x4  startup_stm32f429xx.o [1]
  .text              ro code  0x08003c7c     0x4  startup_stm32f429xx.o [1]
  .text              ro code  0x08003c80     0x4  startup_stm32f429xx.o [1]
  .text              ro code  0x08003c84     0x4  startup_stm32f429xx.o [1]
  .text              ro code  0x08003c88     0x4  startup_stm32f429xx.o [1]
  .text              ro code  0x08003c8c     0x4  startup_stm32f429xx.o [1]
  .text              ro code  0x08003c90     0x4  startup_stm32f429xx.o [1]
  .text              ro code  0x08003c94     0x4  startup_stm32f429xx.o [1]
  .text              ro code  0x08003c98     0x4  startup_stm32f429xx.o [1]
  .text              ro code  0x08003c9c     0x4  startup_stm32f429xx.o [1]
  .text              ro code  0x08003ca0     0x4  startup_stm32f429xx.o [1]
  .text              ro code  0x08003ca4     0x4  startup_stm32f429xx.o [1]
  .text              ro code  0x08003ca8     0x4  startup_stm32f429xx.o [1]
  .text              ro code  0x08003cac     0x4  startup_stm32f429xx.o [1]
  .text              ro code  0x08003cb0     0x4  startup_stm32f429xx.o [1]
  .text              ro code  0x08003cb4     0x4  startup_stm32f429xx.o [1]
  .text              ro code  0x08003cb8     0x4  startup_stm32f429xx.o [1]
  .text              ro code  0x08003cbc     0x4  startup_stm32f429xx.o [1]
  .text              ro code  0x08003cc0     0x4  startup_stm32f429xx.o [1]
  .text              ro code  0x08003cc4     0x4  startup_stm32f429xx.o [1]
  .text              ro code  0x08003cc8     0x4  startup_stm32f429xx.o [1]
  .text              ro code  0x08003ccc     0x4  startup_stm32f429xx.o [1]
  .text              ro code  0x08003cd0     0x4  startup_stm32f429xx.o [1]
  .text              ro code  0x08003cd4     0x4  startup_stm32f429xx.o [1]
  .text              ro code  0x08003cd8     0x4  startup_stm32f429xx.o [1]
  .text              ro code  0x08003cdc     0x4  startup_stm32f429xx.o [1]
  .text              ro code  0x08003ce0     0x4  startup_stm32f429xx.o [1]
  .text              ro code  0x08003ce4     0x4  startup_stm32f429xx.o [1]
  .text              ro code  0x08003ce8     0x4  startup_stm32f429xx.o [1]
  .text              ro code  0x08003cec     0x4  startup_stm32f429xx.o [1]
  .text              ro code  0x08003cf0     0x4  startup_stm32f429xx.o [1]
  .text              ro code  0x08003cf4     0x4  startup_stm32f429xx.o [1]
  .text              ro code  0x08003cf8     0x4  startup_stm32f429xx.o [1]
  .text              ro code  0x08003cfc     0x4  startup_stm32f429xx.o [1]
  .text              ro code  0x08003d00     0x4  startup_stm32f429xx.o [1]
  .text              ro code  0x08003d04     0x4  startup_stm32f429xx.o [1]
  .text              ro code  0x08003d08     0x4  startup_stm32f429xx.o [1]
  .text              ro code  0x08003d0c     0x4  startup_stm32f429xx.o [1]
  .text              ro code  0x08003d10     0x4  startup_stm32f429xx.o [1]
  .text              ro code  0x08003d14     0x4  startup_stm32f429xx.o [1]
  .text              ro code  0x08003d18     0x4  startup_stm32f429xx.o [1]
  .text              ro code  0x08003d1c     0x4  startup_stm32f429xx.o [1]
  .text              ro code  0x08003d20     0x4  startup_stm32f429xx.o [1]
  .text              ro code  0x08003d24     0x4  startup_stm32f429xx.o [1]
  .text              ro code  0x08003d28     0x4  startup_stm32f429xx.o [1]
  .text              ro code  0x08003d2c     0x4  startup_stm32f429xx.o [1]
  .text              ro code  0x08003d30     0x4  startup_stm32f429xx.o [1]
  .text              ro code  0x08003d34     0x4  startup_stm32f429xx.o [1]
  .text              ro code  0x08003d38     0x4  startup_stm32f429xx.o [1]
  .text              ro code  0x08003d3c     0x4  startup_stm32f429xx.o [1]
  .text              ro code  0x08003d40     0x4  startup_stm32f429xx.o [1]
  .text              ro code  0x08003d44     0x4  startup_stm32f429xx.o [1]
  .text              ro code  0x08003d48     0x4  startup_stm32f429xx.o [1]
  .text              ro code  0x08003d4c     0x4  startup_stm32f429xx.o [1]
  .text              ro code  0x08003d50     0x4  startup_stm32f429xx.o [1]
  .text              ro code  0x08003d54     0x4  startup_stm32f429xx.o [1]
  .rodata            const    0x08003d58     0x0  zero_init3.o [5]
  .rodata            const    0x08003d58     0x0  copy_init3.o [5]
  Initializer bytes  ro data  0x08003d58     0x8  <for P2 s0>
                            - 0x08003d60  0x3bb4

"P2":                                     0x2768
  P2 s0                       0x20000000     0x8  <Init block>
    .data            inited   0x20000000     0x4  system_stm32f4xx.o [1]
    .data            inited   0x20000004     0x1  main.o [1]
  .bss               zero     0x20000008   0x3b0  usb_otg.o [1]
  .bss               zero     0x200003b8    0xa8  ltdc.o [1]
  .bss               zero     0x20000460    0x88  usart.o [1]
  .bss               zero     0x200004e8    0x80  main.o [1]
  .bss               zero     0x20000568    0x54  spi.o [1]
  .bss               zero     0x200005bc    0x54  spi.o [1]
  .bss               zero     0x20000610    0x44  adc.o [1]
  .bss               zero     0x20000654    0x3c  usart.o [1]
  .bss               zero     0x20000690    0x3c  usart.o [1]
  .bss               zero     0x200006cc    0x38  i2c.o [1]
  .bss               zero     0x20000704    0x34  fmc.o [1]
  .bss               zero     0x20000738    0x20  main.o [1]
  .bss               zero     0x20000758     0x4  fmc.o [1]
  .bss               zero     0x2000075c     0x4  main.o [1]
  .bss               zero     0x20000760     0x4  stm32f4xx_hal.o [1]
  .bss               zero     0x20000764     0x2  main.o [1]
  CSTACK                      0x20000768  0x2000  <Block>
    CSTACK           uninit   0x20000768  0x2000  <Block tail>
                            - 0x20002768  0x2768


*******************************************************************************
*** INIT TABLE
***

          Address     Size
          -------     ----
Zero (__iar_zero_init3)
    1 destination range, total size 0x75e:
          0x20000008  0x75e

Copy (__iar_copy_init3)
    1 source range, total size 0x8 (160% of destination):
          0x08003d58    0x8
    1 destination range, total size 0x5:
          0x20000000    0x5



*******************************************************************************
*** MODULE SUMMARY
***

    Module                  ro code  ro data  rw data
    ------                  -------  -------  -------
C:\Users\Ryan\Documents\IAR Embedded Workbench\Origin\Projects\EWARM\STM32 pin mapping Configuration\Obj: [1]
    adc.o                       168                68
    fmc.o                       372                56
    gpio.o                      332
    i2c.o                       184                56
    ltdc.o                      364               168
    main.o                      544        1      167
    spi.o                       332               168
    startup_stm32f429xx.o       828
    stm32f4xx_hal.o             148                 4
    stm32f4xx_hal_adc.o         732
    stm32f4xx_hal_cortex.o      402
    stm32f4xx_hal_gpio.o        576
    stm32f4xx_hal_i2c.o       1 934
    stm32f4xx_hal_ltdc.o        312
    stm32f4xx_hal_msp.o          22
    stm32f4xx_hal_pcd.o       1 732
    stm32f4xx_hal_rcc.o       1 820       16
    stm32f4xx_hal_rcc_ex.o      656
    stm32f4xx_hal_sdram.o        62
    stm32f4xx_hal_spi.o         136
    stm32f4xx_hal_uart.o      1 248
    stm32f4xx_it.o               32
    stm32f4xx_ll_fmc.o          230
    stm32f4xx_ll_usb.o        1 296
    system_stm32f4xx.o          108        4        4
    usart.o                     476               256
    usb_otg.o                   236               944
    -------------------------------------------------
    Total:                   15 282       21    1 891

command line: [2]
    -------------------------------------------------
    Total:

dl7M_tln.a: [3]
    exit.o                        4
    low_level_init.o              4
    memcpy.o                     12
    -------------------------------------------------
    Total:                       20

m7M_tlv.a: [4]
    fpinit_M.o                   34
    -------------------------------------------------
    Total:                       34

rt7M_tl.a: [5]
    ABImemcpy_unaligned.o       118
    cexit.o                      10
    cmain.o                      26
    copy_init3.o                 46
    cstartup_M.o                 12
    data_init.o                  40
    zero_init3.o                 34
    -------------------------------------------------
    Total:                      286

shb_l.a: [6]
    exit.o                       20
    -------------------------------------------------
    Total:                       20

    Gaps                          8        2
    Linker created                        39    8 192
-----------------------------------------------------
    Grand Total:             15 650       62   10 083


*******************************************************************************
*** ENTRY LIST
***

Entry                      Address   Size  Type      Object
-----                      -------   ----  ----      ------
?main                   0x08003b69         Code  Gb  cmain.o [5]
ADC_Init                0x08002b63  0x13a  Code  Lc  stm32f4xx_hal_adc.o [1]
APBAHBPrescTable        0x08003bac   0x10  Data  Gb  stm32f4xx_hal_rcc.o [1]
CSTACK$$Base            0x20000768          --   Gb  - Linker created -
CSTACK$$Limit           0x20002768          --   Gb  - Linker created -
FMC_Initialized         0x20000758    0x4  Data  Lc  fmc.o [1]
FMC_SDRAM_Init          0x08003985   0x62  Code  Gb  stm32f4xx_ll_fmc.o [1]
FMC_SDRAM_Timing_Init   0x080039e7   0x84  Code  Gb  stm32f4xx_ll_fmc.o [1]
HAL_ADC_ConfigChannel   0x08002a07  0x15c  Code  Gb  stm32f4xx_hal_adc.o [1]
HAL_ADC_Init            0x080029cd   0x3a  Code  Gb  stm32f4xx_hal_adc.o [1]
HAL_ADC_MspInit         0x08002d0d   0x32  Code  Gb  adc.o [1]
HAL_Delay               0x080011ad   0x1a  Code  Wk  stm32f4xx_hal.o [1]
HAL_FMC_MspInit         0x080033bb   0xd2  Code  Lc  fmc.o [1]
HAL_GPIO_Init           0x080011d1  0x1e6  Code  Gb  stm32f4xx_hal_gpio.o [1]
HAL_GPIO_TogglePin      0x080013c5    0xa  Code  Gb  stm32f4xx_hal_gpio.o [1]
HAL_GPIO_WritePin       0x080013b7    0xe  Code  Gb  stm32f4xx_hal_gpio.o [1]
HAL_GetTick             0x080011a7    0x6  Code  Wk  stm32f4xx_hal.o [1]
HAL_I2C_Init            0x080001ad  0x11a  Code  Gb  stm32f4xx_hal_i2c.o [1]
HAL_I2C_Master_Receive  0x080003d9  0x228  Code  Gb  stm32f4xx_hal_i2c.o [1]
HAL_I2C_Master_Transmit
                        0x080002c7  0x112  Code  Gb  stm32f4xx_hal_i2c.o [1]
HAL_I2C_MspInit         0x080009ad   0x5a  Code  Gb  i2c.o [1]
HAL_IncTick             0x0800119b    0xc  Code  Wk  stm32f4xx_hal.o [1]
HAL_Init                0x0800113d   0x3a  Code  Gb  stm32f4xx_hal.o [1]
HAL_InitTick            0x08001177   0x24  Code  Wk  stm32f4xx_hal.o [1]
HAL_LTDC_Init           0x080037c5  0x134  Code  Gb  stm32f4xx_hal_ltdc.o [1]
HAL_LTDC_MspInit        0x08003539   0xd0  Code  Gb  ltdc.o [1]
HAL_MspInit             0x080015a3   0x16  Code  Gb  stm32f4xx_hal_msp.o [1]
HAL_NVIC_ClearPendingIRQ
                        0x08001563    0xe  Code  Gb  stm32f4xx_hal_cortex.o [1]
HAL_NVIC_DisableIRQ     0x08001549    0xe  Code  Gb  stm32f4xx_hal_cortex.o [1]
HAL_NVIC_EnableIRQ      0x0800153b    0xe  Code  Gb  stm32f4xx_hal_cortex.o [1]
HAL_NVIC_SetPriority    0x08001515   0x26  Code  Gb  stm32f4xx_hal_cortex.o [1]
HAL_NVIC_SetPriorityGrouping
                        0x08001509    0xc  Code  Gb  stm32f4xx_hal_cortex.o [1]
HAL_PCD_ConnectCallback
                        0x08001bb7    0x2  Code  Wk  stm32f4xx_hal_pcd.o [1]
HAL_PCD_DataInStageCallback
                        0x08001ba7    0x2  Code  Wk  stm32f4xx_hal_pcd.o [1]
HAL_PCD_DataOutStageCallback
                        0x08001ba5    0x2  Code  Wk  stm32f4xx_hal_pcd.o [1]
HAL_PCD_DisconnectCallback
                        0x08001bb9    0x2  Code  Wk  stm32f4xx_hal_pcd.o [1]
HAL_PCD_IRQHandler      0x080016d7  0x4ce  Code  Gb  stm32f4xx_hal_pcd.o [1]
HAL_PCD_ISOINIncompleteCallback
                        0x08001bb5    0x2  Code  Wk  stm32f4xx_hal_pcd.o [1]
HAL_PCD_ISOOUTIncompleteCallback
                        0x08001bb3    0x2  Code  Wk  stm32f4xx_hal_pcd.o [1]
HAL_PCD_Init            0x080015b9  0x11e  Code  Gb  stm32f4xx_hal_pcd.o [1]
HAL_PCD_MspInit         0x08001cc9   0x7e  Code  Gb  usb_otg.o [1]
HAL_PCD_ResetCallback   0x08001bad    0x2  Code  Wk  stm32f4xx_hal_pcd.o [1]
HAL_PCD_ResumeCallback  0x08001bb1    0x2  Code  Wk  stm32f4xx_hal_pcd.o [1]
HAL_PCD_SOFCallback     0x08001bab    0x2  Code  Wk  stm32f4xx_hal_pcd.o [1]
HAL_PCD_SetupStageCallback
                        0x08001ba9    0x2  Code  Wk  stm32f4xx_hal_pcd.o [1]
HAL_PCD_SuspendCallback
                        0x08001baf    0x2  Code  Wk  stm32f4xx_hal_pcd.o [1]
HAL_RCCEx_PeriphCLKConfig
                        0x08002d51  0x256  Code  Gb  stm32f4xx_hal_rcc_ex.o [1]
HAL_RCC_ClockConfig     0x08000da5  0x23a  Code  Gb  stm32f4xx_hal_rcc.o [1]
HAL_RCC_GetHCLKFreq     0x08001091   0x28  Code  Gb  stm32f4xx_hal_rcc.o [1]
HAL_RCC_GetPCLK1Freq    0x080010b9   0x20  Code  Gb  stm32f4xx_hal_rcc.o [1]
HAL_RCC_GetPCLK2Freq    0x080010d9   0x20  Code  Gb  stm32f4xx_hal_rcc.o [1]
HAL_RCC_GetSysClockFreq
                        0x08000fdf   0xb2  Code  Gb  stm32f4xx_hal_rcc.o [1]
HAL_RCC_OscConfig       0x08000a21  0x384  Code  Gb  stm32f4xx_hal_rcc.o [1]
HAL_SDRAM_Init          0x08003785   0x3e  Code  Gb  stm32f4xx_hal_sdram.o [1]
HAL_SDRAM_MspInit       0x0800348d    0xa  Code  Gb  fmc.o [1]
HAL_SPI_Init            0x080038fd   0x88  Code  Gb  stm32f4xx_hal_spi.o [1]
HAL_SPI_MspInit         0x080036cd   0x8a  Code  Gb  spi.o [1]
HAL_SYSTICK_Callback    0x080015a1    0x2  Code  Wk  stm32f4xx_hal_cortex.o [1]
HAL_SYSTICK_Config      0x08001557    0xc  Code  Gb  stm32f4xx_hal_cortex.o [1]
HAL_SYSTICK_IRQHandler  0x08001599    0x8  Code  Gb  stm32f4xx_hal_cortex.o [1]
HAL_UART_Init           0x08002311   0x6c  Code  Gb  stm32f4xx_hal_uart.o [1]
HAL_UART_MspInit        0x08002909   0xa0  Code  Gb  usart.o [1]
HAL_UART_Receive_IT     0x0800247b   0x8a  Code  Gb  stm32f4xx_hal_uart.o [1]
HAL_UART_Transmit       0x0800237d   0xfe  Code  Gb  stm32f4xx_hal_uart.o [1]
I2C_MasterRequestRead   0x080006b3  0x104  Code  Lc  stm32f4xx_hal_i2c.o [1]
I2C_MasterRequestWrite  0x08000619   0x9a  Code  Lc  stm32f4xx_hal_i2c.o [1]
I2C_WaitOnFlagUntilTimeout
                        0x080007c1   0xda  Code  Lc  stm32f4xx_hal_i2c.o [1]
I2C_WaitOnMasterAddressFlagUntilTimeout
                        0x0800089b   0xa0  Code  Lc  stm32f4xx_hal_i2c.o [1]
MX_ADC3_Init            0x08002ca9   0x64  Code  Gb  adc.o [1]
MX_FMC_Init             0x0800334d   0x6e  Code  Gb  fmc.o [1]
MX_GPIO_Init            0x08003201  0x14c  Code  Gb  gpio.o [1]
MX_I2C3_Init            0x08000969   0x44  Code  Gb  i2c.o [1]
MX_LTDC_Init            0x080034c1   0x78  Code  Gb  ltdc.o [1]
MX_SPI1_Init            0x0800362d   0x50  Code  Gb  spi.o [1]
MX_SPI5_Init            0x0800367d   0x50  Code  Gb  spi.o [1]
MX_UART4_Init           0x080027f1   0x3c  Code  Gb  usart.o [1]
MX_UART5_Init           0x080028cd   0x3c  Code  Gb  usart.o [1]
MX_USB_OTG_HS_PCD_Init  0x08001c7d   0x4c  Code  Gb  usb_otg.o [1]
NVIC_ClearPendingIRQ    0x08001461   0x14  Code  Lc  stm32f4xx_hal_cortex.o [1]
NVIC_DisableIRQ         0x0800144d   0x14  Code  Lc  stm32f4xx_hal_cortex.o [1]
NVIC_EnableIRQ          0x08001439   0x14  Code  Lc  stm32f4xx_hal_cortex.o [1]
NVIC_EncodePriority     0x0800149b   0x3e  Code  Lc  stm32f4xx_hal_cortex.o [1]
NVIC_GetPriorityGrouping
                        0x0800142f    0xa  Code  Lc  stm32f4xx_hal_cortex.o [1]
NVIC_SetPriority        0x08001475   0x26  Code  Lc  stm32f4xx_hal_cortex.o [1]
NVIC_SetPriorityGrouping
                        0x08001411   0x1e  Code  Lc  stm32f4xx_hal_cortex.o [1]
OTG_HS_WKUP_IRQHandler  0x08003b55   0x10  Code  Gb  stm32f4xx_it.o [1]
PCD_WriteEmptyTxFifo    0x08001bbb   0xc2  Code  Lc  stm32f4xx_hal_pcd.o [1]
Region$$Table$$Base     0x08003b24          --   Gb  - Linker created -
Region$$Table$$Limit    0x08003b48          --   Gb  - Linker created -
SysTick_Config          0x080014d9   0x30  Code  Lc  stm32f4xx_hal_cortex.o [1]
SysTick_Handler         0x08003b49    0xc  Code  Gb  stm32f4xx_it.o [1]
SystemClock_Config      0x08003145   0x80  Code  Gb  main.o [1]
SystemCoreClock         0x20000000    0x4  Data  Gb  system_stm32f4xx.o [1]
SystemInit              0x08003a6d   0x4c  Code  Gb  system_stm32f4xx.o [1]
UART4_IRQHandler        0x0800282d   0xa0  Code  Gb  usart.o [1]
UART_SetConfig          0x080025e7  0x1fc  Code  Lc  stm32f4xx_hal_uart.o [1]
UART_WaitOnFlagUntilTimeout
                        0x08002505   0xe2  Code  Lc  stm32f4xx_hal_uart.o [1]
USB_ActivateSetup       0x08002199   0x44  Code  Gb  stm32f4xx_ll_usb.o [1]
USB_CoreInit            0x08001d69   0x6e  Code  Gb  stm32f4xx_ll_usb.o [1]
USB_CoreReset           0x08002235   0x38  Code  Lc  stm32f4xx_ll_usb.o [1]
USB_DevDisconnect       0x080020eb   0x1e  Code  Gb  stm32f4xx_ll_usb.o [1]
USB_DevInit             0x08001e1b  0x1b0  Code  Gb  stm32f4xx_ll_usb.o [1]
USB_DisableGlobalInt    0x08001dd7    0xe  Code  Gb  stm32f4xx_ll_usb.o [1]
USB_EP0_OutStart        0x080021dd   0x58  Code  Gb  stm32f4xx_ll_usb.o [1]
USB_FlushRxFifo         0x08001fef   0x20  Code  Gb  stm32f4xx_ll_usb.o [1]
USB_FlushTxFifo         0x08001fcb   0x24  Code  Gb  stm32f4xx_ll_usb.o [1]
USB_GetDevSpeed         0x08002025   0x4e  Code  Gb  stm32f4xx_ll_usb.o [1]
USB_GetMode             0x08002191    0x8  Code  Gb  stm32f4xx_ll_usb.o [1]
USB_ReadDevAllInEpInterrupt
                        0x0800212d   0x16  Code  Gb  stm32f4xx_ll_usb.o [1]
USB_ReadDevAllOutEpInterrupt
                        0x08002117   0x16  Code  Gb  stm32f4xx_ll_usb.o [1]
USB_ReadDevInEPInterrupt
                        0x0800215d   0x34  Code  Gb  stm32f4xx_ll_usb.o [1]
USB_ReadDevOutEPInterrupt
                        0x08002143   0x1a  Code  Gb  stm32f4xx_ll_usb.o [1]
USB_ReadInterrupts      0x08002109    0xe  Code  Gb  stm32f4xx_ll_usb.o [1]
USB_ReadPacket          0x080020bf   0x2c  Code  Gb  stm32f4xx_ll_usb.o [1]
USB_SetCurrentMode      0x08001de5   0x36  Code  Gb  stm32f4xx_ll_usb.o [1]
USB_SetDevSpeed         0x0800200f   0x16  Code  Gb  stm32f4xx_ll_usb.o [1]
USB_WritePacket         0x08002079   0x46  Code  Gb  stm32f4xx_ll_usb.o [1]
__cmain                 0x08003b69         Code  Gb  cmain.o [5]
__exit                  0x08003b99   0x14  Code  Gb  exit.o [6]
__iar_copy_init3        0x0800093b   0x2e  Code  Gb  copy_init3.o [5]
__iar_data_init3        0x08003ad9   0x28  Code  Gb  data_init.o [5]
__iar_init_vfp          0x08003b01         Code  Gb  fpinit_M.o [4]
__iar_program_start     0x08003bcd         Code  Gb  cstartup_M.o [5]
__iar_unaligned___aeabi_memcpy
                        0x08002279         Code  Gb  ABImemcpy_unaligned.o [5]
__iar_unaligned___aeabi_memcpy4
                        0x08002299         Code  Gb  ABImemcpy_unaligned.o [5]
__iar_unaligned___aeabi_memcpy8
                        0x08002299         Code  Gb  ABImemcpy_unaligned.o [5]
__iar_zero_init3        0x080022ef   0x22  Code  Gb  zero_init3.o [5]
__low_level_init        0x08003b83    0x4  Code  Gb  low_level_init.o [3]
__vector_table          0x08000000         Data  Gb  startup_stm32f429xx.o [1]
_call_main              0x08003b75         Code  Gb  cmain.o [5]
_exit                   0x08003b8d         Code  Gb  cexit.o [5]
_main                   0x08003b7f         Code  Gb  cmain.o [5]
exit                    0x08003b87    0x4  Code  Gb  exit.o [3]
hadc3                   0x20000610   0x44  Data  Gb  adc.o [1]
hello                   0x2000075c    0x4  Data  Gb  main.o [1]
hi2c3                   0x200006cc   0x38  Data  Gb  i2c.o [1]
hltdc                   0x200003b8   0xa8  Data  Gb  ltdc.o [1]
hpcd_USB_OTG_HS         0x20000008  0x3b0  Data  Gb  usb_otg.o [1]
hsdram1                 0x20000704   0x34  Data  Gb  fmc.o [1]
hspi1                   0x20000568   0x54  Data  Gb  spi.o [1]
hspi5                   0x200005bc   0x54  Data  Gb  spi.o [1]
huart4                  0x20000654   0x3c  Data  Gb  usart.o [1]
huart5                  0x20000690   0x3c  Data  Gb  usart.o [1]
inData                  0x200004e8   0x80  Data  Gb  main.o [1]
inImu                   0x20000738   0x20  Data  Gb  main.o [1]
len                     0x20000764    0x2  Data  Gb  main.o [1]
main                    0x08002fe1  0x164  Code  Gb  main.o [1]
memcpy                  0x08003779    0xc  Code  Gb  memcpy.o [3]
mpuCmd                  0x20000004    0x1  Data  Gb  main.o [1]
rx_buff                 0x20000460   0x88  Data  Gb  usart.o [1]
uwTick                  0x20000760    0x4  Data  Lc  stm32f4xx_hal.o [1]


[1] = C:\Users\Ryan\Documents\IAR Embedded Workbench\Origin\Projects\EWARM\STM32 pin mapping Configuration\Obj
[2] = command line
[3] = dl7M_tln.a
[4] = m7M_tlv.a
[5] = rt7M_tl.a
[6] = shb_l.a

  15 650 bytes of readonly  code memory
      62 bytes of readonly  data memory
  10 083 bytes of readwrite data memory

Errors: none
Warnings: none
