###############################################################################
#
# IAR ELF Linker V7.30.1.7746/W32 for ARM                 17/Nov/2014  17:54:04
# Copyright 2007-2014 IAR Systems AB.
#
#    Output file  =  
#        C:\Users\Hans Susilo\Origin\Projects\EWARM\STM32 pin mapping
#        Configuration\Exe\STM32 pin mapping Configuration.out
#    Map file     =  
#        C:\Users\Hans Susilo\Origin\Projects\EWARM\STM32 pin mapping
#        Configuration/List\STM32 pin mapping Configuration.map
#    Command line =  
#        "C:\Users\Hans Susilo\Origin\Projects\EWARM\STM32 pin mapping
#        Configuration\Obj\adc.o" "C:\Users\Hans
#        Susilo\Origin\Projects\EWARM\STM32 pin mapping
#        Configuration\Obj\fmc.o" "C:\Users\Hans
#        Susilo\Origin\Projects\EWARM\STM32 pin mapping
#        Configuration\Obj\gpio.o" "C:\Users\Hans
#        Susilo\Origin\Projects\EWARM\STM32 pin mapping
#        Configuration\Obj\i2c.o" "C:\Users\Hans
#        Susilo\Origin\Projects\EWARM\STM32 pin mapping
#        Configuration\Obj\ltdc.o" "C:\Users\Hans
#        Susilo\Origin\Projects\EWARM\STM32 pin mapping
#        Configuration\Obj\main.o" "C:\Users\Hans
#        Susilo\Origin\Projects\EWARM\STM32 pin mapping
#        Configuration\Obj\spi.o" "C:\Users\Hans
#        Susilo\Origin\Projects\EWARM\STM32 pin mapping
#        Configuration\Obj\startup_stm32f429xx.o" "C:\Users\Hans
#        Susilo\Origin\Projects\EWARM\STM32 pin mapping
#        Configuration\Obj\stm32f429i_discovery_lcd.o" "C:\Users\Hans
#        Susilo\Origin\Projects\EWARM\STM32 pin mapping
#        Configuration\Obj\stm32f4xx_hal.o" "C:\Users\Hans
#        Susilo\Origin\Projects\EWARM\STM32 pin mapping
#        Configuration\Obj\stm32f4xx_hal_adc.o" "C:\Users\Hans
#        Susilo\Origin\Projects\EWARM\STM32 pin mapping
#        Configuration\Obj\stm32f4xx_hal_adc_ex.o" "C:\Users\Hans
#        Susilo\Origin\Projects\EWARM\STM32 pin mapping
#        Configuration\Obj\stm32f4xx_hal_cortex.o" "C:\Users\Hans
#        Susilo\Origin\Projects\EWARM\STM32 pin mapping
#        Configuration\Obj\stm32f4xx_hal_dma.o" "C:\Users\Hans
#        Susilo\Origin\Projects\EWARM\STM32 pin mapping
#        Configuration\Obj\stm32f4xx_hal_dma_ex.o" "C:\Users\Hans
#        Susilo\Origin\Projects\EWARM\STM32 pin mapping
#        Configuration\Obj\stm32f4xx_hal_flash.o" "C:\Users\Hans
#        Susilo\Origin\Projects\EWARM\STM32 pin mapping
#        Configuration\Obj\stm32f4xx_hal_flash_ex.o" "C:\Users\Hans
#        Susilo\Origin\Projects\EWARM\STM32 pin mapping
#        Configuration\Obj\stm32f4xx_hal_flash_ramfunc.o" "C:\Users\Hans
#        Susilo\Origin\Projects\EWARM\STM32 pin mapping
#        Configuration\Obj\stm32f4xx_hal_gpio.o" "C:\Users\Hans
#        Susilo\Origin\Projects\EWARM\STM32 pin mapping
#        Configuration\Obj\stm32f4xx_hal_i2c.o" "C:\Users\Hans
#        Susilo\Origin\Projects\EWARM\STM32 pin mapping
#        Configuration\Obj\stm32f4xx_hal_i2c_ex.o" "C:\Users\Hans
#        Susilo\Origin\Projects\EWARM\STM32 pin mapping
#        Configuration\Obj\stm32f4xx_hal_ltdc.o" "C:\Users\Hans
#        Susilo\Origin\Projects\EWARM\STM32 pin mapping
#        Configuration\Obj\stm32f4xx_hal_msp.o" "C:\Users\Hans
#        Susilo\Origin\Projects\EWARM\STM32 pin mapping
#        Configuration\Obj\stm32f4xx_hal_pcd.o" "C:\Users\Hans
#        Susilo\Origin\Projects\EWARM\STM32 pin mapping
#        Configuration\Obj\stm32f4xx_hal_pcd_ex.o" "C:\Users\Hans
#        Susilo\Origin\Projects\EWARM\STM32 pin mapping
#        Configuration\Obj\stm32f4xx_hal_pwr.o" "C:\Users\Hans
#        Susilo\Origin\Projects\EWARM\STM32 pin mapping
#        Configuration\Obj\stm32f4xx_hal_pwr_ex.o" "C:\Users\Hans
#        Susilo\Origin\Projects\EWARM\STM32 pin mapping
#        Configuration\Obj\stm32f4xx_hal_rcc.o" "C:\Users\Hans
#        Susilo\Origin\Projects\EWARM\STM32 pin mapping
#        Configuration\Obj\stm32f4xx_hal_rcc_ex.o" "C:\Users\Hans
#        Susilo\Origin\Projects\EWARM\STM32 pin mapping
#        Configuration\Obj\stm32f4xx_hal_sdram.o" "C:\Users\Hans
#        Susilo\Origin\Projects\EWARM\STM32 pin mapping
#        Configuration\Obj\stm32f4xx_hal_spi.o" "C:\Users\Hans
#        Susilo\Origin\Projects\EWARM\STM32 pin mapping
#        Configuration\Obj\stm32f4xx_hal_uart.o" "C:\Users\Hans
#        Susilo\Origin\Projects\EWARM\STM32 pin mapping
#        Configuration\Obj\stm32f4xx_it.o" "C:\Users\Hans
#        Susilo\Origin\Projects\EWARM\STM32 pin mapping
#        Configuration\Obj\stm32f4xx_ll_fmc.o" "C:\Users\Hans
#        Susilo\Origin\Projects\EWARM\STM32 pin mapping
#        Configuration\Obj\stm32f4xx_ll_usb.o" "C:\Users\Hans
#        Susilo\Origin\Projects\EWARM\STM32 pin mapping
#        Configuration\Obj\system_stm32f4xx.o" "C:\Users\Hans
#        Susilo\Origin\Projects\EWARM\STM32 pin mapping
#        Configuration\Obj\usart.o" "C:\Users\Hans
#        Susilo\Origin\Projects\EWARM\STM32 pin mapping
#        Configuration\Obj\usb_otg.o" --redirect _Printf=_PrintfFull --redirect
#        _Scanf=_ScanfFull -o "C:\Users\Hans Susilo\Origin\Projects\EWARM\STM32
#        pin mapping Configuration\Exe\STM32 pin mapping Configuration.out"
#        --map "C:\Users\Hans Susilo\Origin\Projects\EWARM\STM32 pin mapping
#        Configuration/List\STM32 pin mapping Configuration.map" --config
#        "C:\Program Files (x86)\IAR Systems\Embedded Workbench
#        7.0\arm\config\linker\ST\stm32f429xI.icf" --semihosting --entry
#        __iar_program_start --vfe
#
###############################################################################

*******************************************************************************
*** MESSAGES
***

Error[Li005]: no definition for "LCD_Clear" [referenced from C:\Users\Hans
          Susilo\Origin\Projects\EWARM\STM32 pin mapping
          Configuration\Obj\main.o]
Error[Li005]: no definition for "LCD_SetLayer" [referenced from C:\Users\Hans
          Susilo\Origin\Projects\EWARM\STM32 pin mapping
          Configuration\Obj\main.o]
Error[Li005]: no definition for "LCD_GetFont" [referenced from C:\Users\Hans
          Susilo\Origin\Projects\EWARM\STM32 pin mapping
          Configuration\Obj\main.o]
Error[Li005]: no definition for "LCD_DisplayStringLine" [referenced from
          C:\Users\Hans Susilo\Origin\Projects\EWARM\STM32 pin mapping
          Configuration\Obj\main.o]
Error[Li005]: no definition for "delay" [referenced from C:\Users\Hans
          Susilo\Origin\Projects\EWARM\STM32 pin mapping
          Configuration\Obj\main.o]


*******************************************************************************
*** RUNTIME MODEL ATTRIBUTES
***

CppFlavor       = *
__SystemLibrary = DLib


*******************************************************************************
*** PLACEMENT SUMMARY
***

"A1":  place at 0x08000000 { ro section .intvec };
"P1":  place in [from 0x08000000 to 0x081fffff] { ro };
"P2":  place in [from 0x20000000 to 0x2002ffff] { rw, block CSTACK, block HEAP };

  Section            Kind        Address     Size  Object
  -------            ----        -------     ----  ------
"A1":                                       0x1ac
  .intvec            ro code  0x08000000    0x1ac  startup_stm32f429xx.o [1]
                            - 0x080001ac    0x1ac

"P1":                                     0x2ae68
  .rodata            const    0x080001ac  0x25800  main.o [1]
  .text              ro code  0x080259ac    0xdaa  xprintffull.o [3]
  .text              ro code  0x08026756     0x2e  copy_init3.o [5]
  .text              ro code  0x08026784     0x16  strchr.o [5]
  .text              ro code  0x0802679a     0x22  zero_init3.o [5]
  .text              ro code  0x080267bc     0x36  strlen.o [5]
  .text              ro code  0x080267f2      0xa  xsprout.o [3]
  .text              ro code  0x080267fc     0x58  memchr.o [5]
  .text              ro code  0x08026854     0xee  I64DivMod.o [5]
  .text              ro code  0x08026944     0x76  ABImemcpy_unaligned.o [5]
  .text              ro code  0x080269ba     0x42  xdnorm.o [4]
  .text              ro code  0x080269fc     0x2e  DblCmpLe.o [4]
  .text              ro code  0x08026a2c     0x2e  DblCmpGe.o [4]
  .text              ro code  0x08026a5c    0x114  xdscale.o [4]
  .text              ro code  0x08026b70     0x58  DblToI32.o [4]
  .text              ro code  0x08026bc8     0x30  I32ToDbl.o [4]
  .text              ro code  0x08026bf8    0x180  DblSub.o [4]
  .text              ro code  0x08026d78    0x1a2  DblMul.o [4]
  .text              ro code  0x08026f1c    0x246  DblDiv.o [4]
  .text              ro code  0x08027162      0xe  div.o [3]
  .text              ro code  0x08027170      0x2  I64DivZer.o [5]
  .text              ro code  0x08027174     0xd4  DblAdd.o [4]
  .text              ro code  0x08027248    0x71c  stm32f4xx_hal_rcc.o [1]
  .text              ro code  0x08027964     0x94  stm32f4xx_hal.o [1]
  .text              ro code  0x080279f8    0x16e  stm32f4xx_hal_cortex.o [1]
  .text              ro code  0x08027b66     0x16  stm32f4xx_hal_msp.o [1]
  .text              ro code  0x08027b7c    0x6c4  stm32f4xx_hal_pcd.o [1]
  .text              ro code  0x08028240     0xec  usb_otg.o [1]
  .text              ro code  0x0802832c    0x510  stm32f4xx_ll_usb.o [1]
  .text              ro code  0x0802883c    0x248  stm32f4xx_hal_gpio.o [1]
  .text              ro code  0x08028a84    0x604  stm32f4xx_hal_ltdc.o [1]
  .text              ro code  0x08029088    0x170  ltdc.o [1]
  .text              ro code  0x080291f8    0x366  stm32f429i_discovery_lcd.o [1]
  .text              ro code  0x08029560    0x346  stm32f4xx_hal_spi.o [1]
  .text              ro code  0x080298a8    0x14c  spi.o [1]
  .text              ro code  0x080299f4    0x35c  main.o [1]
  .text              ro code  0x08029d50    0x160  gpio.o [1]
  .text              ro code  0x08029eb0     0xa8  adc.o [1]
  .text              ro code  0x08029f58    0x174  fmc.o [1]
  .text              ro code  0x0802a0cc     0xb4  i2c.o [1]
  .text              ro code  0x0802a180    0x124  usart.o [1]
  .text              ro code  0x0802a2a4     0x34  sprintf.o [3]
  .text              ro code  0x0802a2d8    0x290  stm32f4xx_hal_rcc_ex.o [1]
  .text              ro code  0x0802a568    0x2dc  stm32f4xx_hal_adc.o [1]
  .text              ro code  0x0802a844     0x3e  stm32f4xx_hal_sdram.o [1]
  .text              ro code  0x0802a884    0x124  stm32f4xx_hal_i2c.o [1]
  .text              ro code  0x0802a9a8    0x274  stm32f4xx_hal_uart.o [1]
  .text              ro code  0x0802ac1c     0xe6  stm32f4xx_ll_fmc.o [1]
  .text              ro code  0x0802ad04     0x6c  system_stm32f4xx.o [1]
  .text              ro code  0x0802ad70     0x28  data_init.o [5]
  .text              ro code  0x0802ad98     0x22  fpinit_M.o [4]
  .iar.init_table    const    0x0802adbc     0x24  - Linker created -
  .text              ro code  0x0802ade0     0x20  stm32f4xx_it.o [1]
  .text              ro code  0x0802ae00     0x1a  cmain.o [5]
  .text              ro code  0x0802ae1a      0x4  low_level_init.o [3]
  .text              ro code  0x0802ae1e      0x4  exit.o [3]
  .text              ro code  0x0802ae24      0xa  cexit.o [5]
  .text              ro code  0x0802ae30     0x14  exit.o [6]
  .rodata            const    0x0802ae44     0x10  main.o [1]
  .rodata            const    0x0802ae54     0x10  stm32f4xx_hal_rcc.o [1]
  .text              ro code  0x0802ae64     0x10  startup_stm32f429xx.o [1]
  .rodata            const    0x0802ae74      0xc  main.o [1]
  .text              ro code  0x0802ae80      0xc  cstartup_M.o [5]
  .text              ro code  0x0802ae8c      0x4  startup_stm32f429xx.o [1]
  .text              ro code  0x0802ae90      0x4  startup_stm32f429xx.o [1]
  .text              ro code  0x0802ae94      0x4  startup_stm32f429xx.o [1]
  .text              ro code  0x0802ae98      0x4  startup_stm32f429xx.o [1]
  .text              ro code  0x0802ae9c      0x4  startup_stm32f429xx.o [1]
  .text              ro code  0x0802aea0      0x4  startup_stm32f429xx.o [1]
  .text              ro code  0x0802aea4      0x4  startup_stm32f429xx.o [1]
  .text              ro code  0x0802aea8      0x4  startup_stm32f429xx.o [1]
  .text              ro code  0x0802aeac      0x4  startup_stm32f429xx.o [1]
  .text              ro code  0x0802aeb0      0x4  startup_stm32f429xx.o [1]
  .text              ro code  0x0802aeb4      0x4  startup_stm32f429xx.o [1]
  .text              ro code  0x0802aeb8      0x4  startup_stm32f429xx.o [1]
  .text              ro code  0x0802aebc      0x4  startup_stm32f429xx.o [1]
  .text              ro code  0x0802aec0      0x4  startup_stm32f429xx.o [1]
  .text              ro code  0x0802aec4      0x4  startup_stm32f429xx.o [1]
  .text              ro code  0x0802aec8      0x4  startup_stm32f429xx.o [1]
  .text              ro code  0x0802aecc      0x4  startup_stm32f429xx.o [1]
  .text              ro code  0x0802aed0      0x4  startup_stm32f429xx.o [1]
  .text              ro code  0x0802aed4      0x4  startup_stm32f429xx.o [1]
  .text              ro code  0x0802aed8      0x4  startup_stm32f429xx.o [1]
  .text              ro code  0x0802aedc      0x4  startup_stm32f429xx.o [1]
  .text              ro code  0x0802aee0      0x4  startup_stm32f429xx.o [1]
  .text              ro code  0x0802aee4      0x4  startup_stm32f429xx.o [1]
  .text              ro code  0x0802aee8      0x4  startup_stm32f429xx.o [1]
  .text              ro code  0x0802aeec      0x4  startup_stm32f429xx.o [1]
  .text              ro code  0x0802aef0      0x4  startup_stm32f429xx.o [1]
  .text              ro code  0x0802aef4      0x4  startup_stm32f429xx.o [1]
  .text              ro code  0x0802aef8      0x4  startup_stm32f429xx.o [1]
  .text              ro code  0x0802aefc      0x4  startup_stm32f429xx.o [1]
  .text              ro code  0x0802af00      0x4  startup_stm32f429xx.o [1]
  .text              ro code  0x0802af04      0x4  startup_stm32f429xx.o [1]
  .text              ro code  0x0802af08      0x4  startup_stm32f429xx.o [1]
  .text              ro code  0x0802af0c      0x4  startup_stm32f429xx.o [1]
  .text              ro code  0x0802af10      0x4  startup_stm32f429xx.o [1]
  .text              ro code  0x0802af14      0x4  startup_stm32f429xx.o [1]
  .text              ro code  0x0802af18      0x4  startup_stm32f429xx.o [1]
  .text              ro code  0x0802af1c      0x4  startup_stm32f429xx.o [1]
  .text              ro code  0x0802af20      0x4  startup_stm32f429xx.o [1]
  .text              ro code  0x0802af24      0x4  startup_stm32f429xx.o [1]
  .text              ro code  0x0802af28      0x4  startup_stm32f429xx.o [1]
  .text              ro code  0x0802af2c      0x4  startup_stm32f429xx.o [1]
  .text              ro code  0x0802af30      0x4  startup_stm32f429xx.o [1]
  .text              ro code  0x0802af34      0x4  startup_stm32f429xx.o [1]
  .text              ro code  0x0802af38      0x4  startup_stm32f429xx.o [1]
  .text              ro code  0x0802af3c      0x4  startup_stm32f429xx.o [1]
  .text              ro code  0x0802af40      0x4  startup_stm32f429xx.o [1]
  .text              ro code  0x0802af44      0x4  startup_stm32f429xx.o [1]
  .text              ro code  0x0802af48      0x4  startup_stm32f429xx.o [1]
  .text              ro code  0x0802af4c      0x4  startup_stm32f429xx.o [1]
  .text              ro code  0x0802af50      0x4  startup_stm32f429xx.o [1]
  .text              ro code  0x0802af54      0x4  startup_stm32f429xx.o [1]
  .text              ro code  0x0802af58      0x4  startup_stm32f429xx.o [1]
  .text              ro code  0x0802af5c      0x4  startup_stm32f429xx.o [1]
  .text              ro code  0x0802af60      0x4  startup_stm32f429xx.o [1]
  .text              ro code  0x0802af64      0x4  startup_stm32f429xx.o [1]
  .text              ro code  0x0802af68      0x4  startup_stm32f429xx.o [1]
  .text              ro code  0x0802af6c      0x4  startup_stm32f429xx.o [1]
  .text              ro code  0x0802af70      0x4  startup_stm32f429xx.o [1]
  .text              ro code  0x0802af74      0x4  startup_stm32f429xx.o [1]
  .text              ro code  0x0802af78      0x4  startup_stm32f429xx.o [1]
  .text              ro code  0x0802af7c      0x4  startup_stm32f429xx.o [1]
  .text              ro code  0x0802af80      0x4  startup_stm32f429xx.o [1]
  .text              ro code  0x0802af84      0x4  startup_stm32f429xx.o [1]
  .text              ro code  0x0802af88      0x4  startup_stm32f429xx.o [1]
  .text              ro code  0x0802af8c      0x4  startup_stm32f429xx.o [1]
  .text              ro code  0x0802af90      0x4  startup_stm32f429xx.o [1]
  .text              ro code  0x0802af94      0x4  startup_stm32f429xx.o [1]
  .text              ro code  0x0802af98      0x4  startup_stm32f429xx.o [1]
  .text              ro code  0x0802af9c      0x4  startup_stm32f429xx.o [1]
  .text              ro code  0x0802afa0      0x4  startup_stm32f429xx.o [1]
  .text              ro code  0x0802afa4      0x4  startup_stm32f429xx.o [1]
  .text              ro code  0x0802afa8      0x4  startup_stm32f429xx.o [1]
  .text              ro code  0x0802afac      0x4  startup_stm32f429xx.o [1]
  .text              ro code  0x0802afb0      0x4  startup_stm32f429xx.o [1]
  .text              ro code  0x0802afb4      0x4  startup_stm32f429xx.o [1]
  .text              ro code  0x0802afb8      0x4  startup_stm32f429xx.o [1]
  .text              ro code  0x0802afbc      0x4  startup_stm32f429xx.o [1]
  .text              ro code  0x0802afc0      0x4  startup_stm32f429xx.o [1]
  .text              ro code  0x0802afc4      0x4  startup_stm32f429xx.o [1]
  .text              ro code  0x0802afc8      0x4  startup_stm32f429xx.o [1]
  .text              ro code  0x0802afcc      0x4  startup_stm32f429xx.o [1]
  .text              ro code  0x0802afd0      0x4  startup_stm32f429xx.o [1]
  .text              ro code  0x0802afd4      0x4  startup_stm32f429xx.o [1]
  .text              ro code  0x0802afd8      0x4  startup_stm32f429xx.o [1]
  .text              ro code  0x0802afdc      0x4  startup_stm32f429xx.o [1]
  .text              ro code  0x0802afe0      0x4  startup_stm32f429xx.o [1]
  .text              ro code  0x0802afe4      0x4  startup_stm32f429xx.o [1]
  .text              ro code  0x0802afe8      0x4  startup_stm32f429xx.o [1]
  .text              ro code  0x0802afec      0x4  startup_stm32f429xx.o [1]
  .text              ro code  0x0802aff0      0x4  startup_stm32f429xx.o [1]
  .text              ro code  0x0802aff4      0x4  startup_stm32f429xx.o [1]
  .text              ro code  0x0802aff8      0x4  startup_stm32f429xx.o [1]
  .text              ro code  0x0802affc      0x4  startup_stm32f429xx.o [1]
  .text              ro code  0x0802b000      0x4  startup_stm32f429xx.o [1]
  .text              ro code  0x0802b004      0x4  startup_stm32f429xx.o [1]
  .text              ro code  0x0802b008      0x4  startup_stm32f429xx.o [1]
  .text              ro code  0x0802b00c      0x4  startup_stm32f429xx.o [1]
  .rodata            const    0x0802b010      0x0  zero_init3.o [5]
  .rodata            const    0x0802b010      0x0  copy_init3.o [5]
  Initializer bytes  ro data  0x0802b010      0x4  <for P2 s0> (used: 0x0)
                            - 0x0802b014  0x2ae68

"P2":                                      0x2638
  P2 s0                       0x20000000      0x4  <Init block>
    .data            inited   0x20000000      0x4  system_stm32f4xx.o [1]
  .bss               zero     0x20000004    0x3b0  usb_otg.o [1]
  .bss               zero     0x200003b4     0xa8  ltdc.o [1]
  .bss               zero     0x2000045c     0x54  spi.o [1]
  .bss               zero     0x200004b0     0x54  spi.o [1]
  .bss               zero     0x20000504     0x44  adc.o [1]
  .bss               zero     0x20000548     0x3c  usart.o [1]
  .bss               zero     0x20000584     0x3c  usart.o [1]
  .bss               zero     0x200005c0     0x38  i2c.o [1]
  .bss               zero     0x200005f8     0x34  fmc.o [1]
  .bss               zero     0x2000062c      0x4  fmc.o [1]
  .bss               zero     0x20000630      0x4  stm32f4xx_hal.o [1]
  CSTACK                      0x20000638   0x2000  <Block>
    CSTACK           uninit   0x20000638   0x2000  <Block tail>
                            - 0x20002638   0x2638


*******************************************************************************
*** INIT TABLE
***

          Address     Size
          -------     ----
Zero (__iar_zero_init3)
    1 destination range, total size 0x630:
          0x20000004  0x630

Copy (__iar_copy_init3)
    1 source range, total size 0x4:
          0x0802b010    0x4
    1 destination range, total size 0x4:
          0x20000000    0x4



*******************************************************************************
*** MODULE SUMMARY
***

    Module                      ro code  ro data  rw data
    ------                      -------  -------  -------
C:\Users\Hans Susilo\Origin\Projects\EWARM\STM32 pin mapping Configuration\Obj: [1]
    adc.o                           168                68
    fmc.o                           372                56
    gpio.o                          352
    i2c.o                           180                56
    ltdc.o                          368               168
    main.o                          860  153 628
    spi.o                           332               168
    startup_stm32f429xx.o           832
    stm32f429i_discovery_lcd.o      870
    stm32f4xx_hal.o                 148                 4
    stm32f4xx_hal_adc.o             732
    stm32f4xx_hal_cortex.o          366
    stm32f4xx_hal_gpio.o            584
    stm32f4xx_hal_i2c.o             292
    stm32f4xx_hal_ltdc.o          1 540
    stm32f4xx_hal_msp.o              22
    stm32f4xx_hal_pcd.o           1 732
    stm32f4xx_hal_rcc.o           1 820       16
    stm32f4xx_hal_rcc_ex.o          656
    stm32f4xx_hal_sdram.o            62
    stm32f4xx_hal_spi.o             838
    stm32f4xx_hal_uart.o            628
    stm32f4xx_it.o                   32
    stm32f4xx_ll_fmc.o              230
    stm32f4xx_ll_usb.o            1 296
    system_stm32f4xx.o              108        4        4
    usart.o                         292               120
    usb_otg.o                       236               944
    -----------------------------------------------------
    Total:                       15 948  153 648    1 588

command line: [2]
    -----------------------------------------------------
    Total:

dl7M_tln.a: [3]
    div.o                            14
    exit.o                            4
    low_level_init.o                  4
    sprintf.o                        52
    xprintffull.o                 3 498
    xsprout.o                        10
    -----------------------------------------------------
    Total:                        3 582

m7M_tlv.a: [4]
    DblAdd.o                        212
    DblCmpGe.o                       46
    DblCmpLe.o                       46
    DblDiv.o                        582
    DblMul.o                        418
    DblSub.o                        384
    DblToI32.o                       88
    I32ToDbl.o                       48
    fpinit_M.o                       34
    xdnorm.o                         66
    xdscale.o                       276
    -----------------------------------------------------
    Total:                        2 200

rt7M_tl.a: [5]
    ABImemcpy_unaligned.o           118
    I64DivMod.o                     238
    I64DivZer.o                       2
    cexit.o                          10
    cmain.o                          26
    copy_init3.o                     46
    cstartup_M.o                     12
    data_init.o                      40
    memchr.o                         88
    strchr.o                         22
    strlen.o                         54
    zero_init3.o                     34
    -----------------------------------------------------
    Total:                          690

shb_l.a: [6]
    exit.o                           20
    -----------------------------------------------------
    Total:                           20

    Gaps                             22        2
    Linker created                            36    8 192
---------------------------------------------------------
    Grand Total:                 22 462  153 686    9 780


*******************************************************************************
*** ENTRY LIST
***

Entry                      Address     Size  Type      Object
-----                      -------     ----  ----      ------
?main                   0x0802ae01           Code  Gb  cmain.o [5]
ADC_Init                0x0802a6ff    0x13a  Code  Lc  stm32f4xx_hal_adc.o [1]
APBAHBPrescTable        0x0802ae54     0x10  Data  Gb  stm32f4xx_hal_rcc.o [1]
CSTACK$$Base            0x20000638            --   Gb  - Linker created -
CSTACK$$Limit           0x20002638            --   Gb  - Linker created -
FMC_Initialized         0x2000062c      0x4  Data  Lc  fmc.o [1]
FMC_SDRAM_Init          0x0802ac1d     0x62  Code  Gb  stm32f4xx_ll_fmc.o [1]
FMC_SDRAM_Timing_Init   0x0802ac7f     0x84  Code  Gb  stm32f4xx_ll_fmc.o [1]
HAL_ADC_ConfigChannel   0x0802a5a3    0x15c  Code  Gb  stm32f4xx_hal_adc.o [1]
HAL_ADC_Init            0x0802a569     0x3a  Code  Gb  stm32f4xx_hal_adc.o [1]
HAL_ADC_MspInit         0x08029f15     0x32  Code  Gb  adc.o [1]
HAL_Delay               0x080279d5     0x1a  Code  Wk  stm32f4xx_hal.o [1]
HAL_FMC_MspInit         0x08029fc7     0xd2  Code  Lc  fmc.o [1]
HAL_GPIO_Init           0x0802883d    0x1e6  Code  Gb  stm32f4xx_hal_gpio.o [1]
HAL_GPIO_ResetBits      0x08028a3f      0x4  Code  Gb  stm32f4xx_hal_gpio.o [1]
HAL_GPIO_SetBits        0x08028a3b      0x4  Code  Gb  stm32f4xx_hal_gpio.o [1]
HAL_GPIO_TogglePin      0x08028a31      0xa  Code  Gb  stm32f4xx_hal_gpio.o [1]
HAL_GPIO_WritePin       0x08028a23      0xe  Code  Gb  stm32f4xx_hal_gpio.o [1]
HAL_GetTick             0x080279cf      0x6  Code  Wk  stm32f4xx_hal.o [1]
HAL_I2C_Init            0x0802a885    0x11a  Code  Gb  stm32f4xx_hal_i2c.o [1]
HAL_I2C_MspInit         0x0802a10f     0x5a  Code  Gb  i2c.o [1]
HAL_IncTick             0x080279c3      0xc  Code  Wk  stm32f4xx_hal.o [1]
HAL_Init                0x08027965     0x3a  Code  Gb  stm32f4xx_hal.o [1]
HAL_InitTick            0x0802799f     0x24  Code  Wk  stm32f4xx_hal.o [1]
HAL_LTDC_ConfigLayer    0x08028bb9     0x50  Code  Gb  stm32f4xx_hal_ltdc.o [1]
HAL_LTDC_EnableDither   0x08028c09     0x3a  Code  Gb  stm32f4xx_hal_ltdc.o [1]
HAL_LTDC_Init           0x08028a85    0x134  Code  Gb  stm32f4xx_hal_ltdc.o [1]
HAL_LTDC_MspInit        0x08029103     0xd0  Code  Gb  ltdc.o [1]
HAL_LTDC_SetAddress     0x08028dbf     0x4c  Code  Gb  stm32f4xx_hal_ltdc.o [1]
HAL_LTDC_SetAlpha       0x08028d73     0x4c  Code  Gb  stm32f4xx_hal_ltdc.o [1]
HAL_LTDC_SetPixelFormat
                        0x08028d27     0x4c  Code  Gb  stm32f4xx_hal_ltdc.o [1]
HAL_LTDC_SetWindowPosition
                        0x08028cbb     0x6c  Code  Gb  stm32f4xx_hal_ltdc.o [1]
HAL_LTDC_SetWindowSize  0x08028c43     0x78  Code  Gb  stm32f4xx_hal_ltdc.o [1]
HAL_MspInit             0x08027b67     0x16  Code  Gb  stm32f4xx_hal_msp.o [1]
HAL_NVIC_ClearPendingIRQ
                        0x08027b29      0xe  Code  Gb  stm32f4xx_hal_cortex.o [1]
HAL_NVIC_EnableIRQ      0x08027b0f      0xe  Code  Gb  stm32f4xx_hal_cortex.o [1]
HAL_NVIC_SetPriority    0x08027ae9     0x26  Code  Gb  stm32f4xx_hal_cortex.o [1]
HAL_NVIC_SetPriorityGrouping
                        0x08027add      0xc  Code  Gb  stm32f4xx_hal_cortex.o [1]
HAL_PCD_ConnectCallback
                        0x0802817b      0x2  Code  Wk  stm32f4xx_hal_pcd.o [1]
HAL_PCD_DataInStageCallback
                        0x0802816b      0x2  Code  Wk  stm32f4xx_hal_pcd.o [1]
HAL_PCD_DataOutStageCallback
                        0x08028169      0x2  Code  Wk  stm32f4xx_hal_pcd.o [1]
HAL_PCD_DisconnectCallback
                        0x0802817d      0x2  Code  Wk  stm32f4xx_hal_pcd.o [1]
HAL_PCD_IRQHandler      0x08027c9b    0x4ce  Code  Gb  stm32f4xx_hal_pcd.o [1]
HAL_PCD_ISOINIncompleteCallback
                        0x08028179      0x2  Code  Wk  stm32f4xx_hal_pcd.o [1]
HAL_PCD_ISOOUTIncompleteCallback
                        0x08028177      0x2  Code  Wk  stm32f4xx_hal_pcd.o [1]
HAL_PCD_Init            0x08027b7d    0x11e  Code  Gb  stm32f4xx_hal_pcd.o [1]
HAL_PCD_MspInit         0x0802828d     0x7e  Code  Gb  usb_otg.o [1]
HAL_PCD_ResetCallback   0x08028171      0x2  Code  Wk  stm32f4xx_hal_pcd.o [1]
HAL_PCD_ResumeCallback  0x08028175      0x2  Code  Wk  stm32f4xx_hal_pcd.o [1]
HAL_PCD_SOFCallback     0x0802816f      0x2  Code  Wk  stm32f4xx_hal_pcd.o [1]
HAL_PCD_SetupStageCallback
                        0x0802816d      0x2  Code  Wk  stm32f4xx_hal_pcd.o [1]
HAL_PCD_SuspendCallback
                        0x08028173      0x2  Code  Wk  stm32f4xx_hal_pcd.o [1]
HAL_RCCEx_PeriphCLKConfig
                        0x0802a2d9    0x256  Code  Gb  stm32f4xx_hal_rcc_ex.o [1]
HAL_RCC_ClockConfig     0x080275cd    0x23a  Code  Gb  stm32f4xx_hal_rcc.o [1]
HAL_RCC_GetHCLKFreq     0x080278b9     0x28  Code  Gb  stm32f4xx_hal_rcc.o [1]
HAL_RCC_GetPCLK1Freq    0x080278e1     0x20  Code  Gb  stm32f4xx_hal_rcc.o [1]
HAL_RCC_GetPCLK2Freq    0x08027901     0x20  Code  Gb  stm32f4xx_hal_rcc.o [1]
HAL_RCC_GetSysClockFreq
                        0x08027807     0xb2  Code  Gb  stm32f4xx_hal_rcc.o [1]
HAL_RCC_OscConfig       0x08027249    0x384  Code  Gb  stm32f4xx_hal_rcc.o [1]
HAL_SDRAM_Init          0x0802a845     0x3e  Code  Gb  stm32f4xx_hal_sdram.o [1]
HAL_SDRAM_MspInit       0x0802a099      0xa  Code  Gb  fmc.o [1]
HAL_SPI_Init            0x08029561     0x88  Code  Gb  stm32f4xx_hal_spi.o [1]
HAL_SPI_MspInit         0x08029949     0x8a  Code  Gb  spi.o [1]
HAL_SPI_Transmit        0x080295e9    0x1cc  Code  Gb  stm32f4xx_hal_spi.o [1]
HAL_SYSTICK_Callback    0x08027b65      0x2  Code  Wk  stm32f4xx_hal_cortex.o [1]
HAL_SYSTICK_Config      0x08027b1d      0xc  Code  Gb  stm32f4xx_hal_cortex.o [1]
HAL_SYSTICK_IRQHandler  0x08027b5d      0x8  Code  Gb  stm32f4xx_hal_cortex.o [1]
HAL_UART_Init           0x0802a9a9     0x6c  Code  Gb  stm32f4xx_hal_uart.o [1]
HAL_UART_MspInit        0x0802a1f9     0x8a  Code  Gb  usart.o [1]
LCD_ChipSelect          0x080291f9     0x1e  Code  Gb  stm32f429i_discovery_lcd.o [1]
LCD_Config              0x08029b95     0xea  Code  Lc  main.o [1]
LCD_CtrlLinesConfig     0x0802950f      0xe  Code  Gb  stm32f429i_discovery_lcd.o [1]
LCD_CtrlLinesWrite      0x08029529     0x18  Code  Gb  stm32f429i_discovery_lcd.o [1]
LCD_PowerOn             0x08029283    0x28c  Code  Gb  stm32f429i_discovery_lcd.o [1]
LCD_WriteCommand        0x08029217     0x36  Code  Gb  stm32f429i_discovery_lcd.o [1]
LCD_WriteData           0x0802924d     0x36  Code  Gb  stm32f429i_discovery_lcd.o [1]
LTDC_SetConfig          0x08028e0b    0x270  Code  Lc  stm32f4xx_hal_ltdc.o [1]
LoadInt                 0x08025f33     0x6e  Code  Lc  xprintffull.o [3]
MX_ADC3_Init            0x08029eb1     0x64  Code  Gb  adc.o [1]
MX_FMC_Init             0x08029f59     0x6e  Code  Gb  fmc.o [1]
MX_GPIO_Init            0x08029d51    0x160  Code  Gb  gpio.o [1]
MX_I2C3_Init            0x0802a0cd     0x42  Code  Gb  i2c.o [1]
MX_LTDC_Init            0x08029089     0x7a  Code  Gb  ltdc.o [1]
MX_SPI1_Init            0x080298a9     0x50  Code  Gb  spi.o [1]
MX_SPI5_Init            0x080298f9     0x50  Code  Gb  spi.o [1]
MX_UART4_Init           0x0802a181     0x3c  Code  Gb  usart.o [1]
MX_UART5_Init           0x0802a1bd     0x3c  Code  Gb  usart.o [1]
MX_USB_OTG_HS_PCD_Init  0x08028241     0x4c  Code  Gb  usb_otg.o [1]
NVIC_ClearPendingIRQ    0x08027a35     0x14  Code  Lc  stm32f4xx_hal_cortex.o [1]
NVIC_EnableIRQ          0x08027a21     0x14  Code  Lc  stm32f4xx_hal_cortex.o [1]
NVIC_EncodePriority     0x08027a6f     0x3e  Code  Lc  stm32f4xx_hal_cortex.o [1]
NVIC_GetPriorityGrouping
                        0x08027a17      0xa  Code  Lc  stm32f4xx_hal_cortex.o [1]
NVIC_SetPriority        0x08027a49     0x26  Code  Lc  stm32f4xx_hal_cortex.o [1]
NVIC_SetPriorityGrouping
                        0x080279f9     0x1e  Code  Lc  stm32f4xx_hal_cortex.o [1]
OTG_HS_WKUP_IRQHandler  0x0802aded     0x10  Code  Gb  stm32f4xx_it.o [1]
PCD_WriteEmptyTxFifo    0x0802817f     0xc2  Code  Lc  stm32f4xx_hal_pcd.o [1]
RGB565_240x320          0x080001ac  0x25800  Data  Gb  main.o [1]
Region$$Table$$Base     0x0802adbc            --   Gb  - Linker created -
Region$$Table$$Limit    0x0802ade0            --   Gb  - Linker created -
SPI_WaitOnFlagUntilTimeout
                        0x080297b5     0xf2  Code  Lc  stm32f4xx_hal_spi.o [1]
SysTick_Config          0x08027aad     0x30  Code  Lc  stm32f4xx_hal_cortex.o [1]
SysTick_Handler         0x0802ade1      0xc  Code  Gb  stm32f4xx_it.o [1]
SystemClock_Config      0x08029c7f     0x80  Code  Gb  main.o [1]
SystemCoreClock         0x20000000      0x4  Data  Gb  system_stm32f4xx.o [1]
SystemInit              0x0802ad05     0x4c  Code  Gb  system_stm32f4xx.o [1]
UART_SetConfig          0x0802aa15    0x1fc  Code  Lc  stm32f4xx_hal_uart.o [1]
USB_ActivateSetup       0x0802875d     0x44  Code  Gb  stm32f4xx_ll_usb.o [1]
USB_CoreInit            0x0802832d     0x6e  Code  Gb  stm32f4xx_ll_usb.o [1]
USB_CoreReset           0x080287f9     0x38  Code  Lc  stm32f4xx_ll_usb.o [1]
USB_DevDisconnect       0x080286af     0x1e  Code  Gb  stm32f4xx_ll_usb.o [1]
USB_DevInit             0x080283df    0x1b0  Code  Gb  stm32f4xx_ll_usb.o [1]
USB_DisableGlobalInt    0x0802839b      0xe  Code  Gb  stm32f4xx_ll_usb.o [1]
USB_EP0_OutStart        0x080287a1     0x58  Code  Gb  stm32f4xx_ll_usb.o [1]
USB_FlushRxFifo         0x080285b3     0x20  Code  Gb  stm32f4xx_ll_usb.o [1]
USB_FlushTxFifo         0x0802858f     0x24  Code  Gb  stm32f4xx_ll_usb.o [1]
USB_GetDevSpeed         0x080285e9     0x4e  Code  Gb  stm32f4xx_ll_usb.o [1]
USB_GetMode             0x08028755      0x8  Code  Gb  stm32f4xx_ll_usb.o [1]
USB_ReadDevAllInEpInterrupt
                        0x080286f1     0x16  Code  Gb  stm32f4xx_ll_usb.o [1]
USB_ReadDevAllOutEpInterrupt
                        0x080286db     0x16  Code  Gb  stm32f4xx_ll_usb.o [1]
USB_ReadDevInEPInterrupt
                        0x08028721     0x34  Code  Gb  stm32f4xx_ll_usb.o [1]
USB_ReadDevOutEPInterrupt
                        0x08028707     0x1a  Code  Gb  stm32f4xx_ll_usb.o [1]
USB_ReadInterrupts      0x080286cd      0xe  Code  Gb  stm32f4xx_ll_usb.o [1]
USB_ReadPacket          0x08028683     0x2c  Code  Gb  stm32f4xx_ll_usb.o [1]
USB_SetCurrentMode      0x080283a9     0x36  Code  Gb  stm32f4xx_ll_usb.o [1]
USB_SetDevSpeed         0x080285d3     0x16  Code  Gb  stm32f4xx_ll_usb.o [1]
USB_WritePacket         0x0802863d     0x46  Code  Gb  stm32f4xx_ll_usb.o [1]
_GenldFull              0x080264ab    0x264  Code  Lc  xprintffull.o [3]
_LdtobFull              0x080260a9    0x3fc  Code  Lc  xprintffull.o [3]
_LitobFull              0x08025fa1    0x106  Code  Lc  xprintffull.o [3]
_PrintfFull             0x080259ad    0x580  Code  Gb  xprintffull.o [3]
_PutcharsFull           0x0802670f     0x2e  Code  Lc  xprintffull.o [3]
_SProut                 0x080267f3      0xa  Code  Gb  xsprout.o [3]
__aeabi_cdcmple         0x080269fd           Code  Gb  DblCmpLe.o [4]
__aeabi_cdrcmple        0x08026a2d           Code  Gb  DblCmpGe.o [4]
__aeabi_d2iz            0x08026b71           Code  Gb  DblToI32.o [4]
__aeabi_d2uiz           0x08026b9d           Code  Gb  DblToI32.o [4]
__aeabi_ddiv            0x08026f1d           Code  Gb  DblDiv.o [4]
__aeabi_dmul            0x08026d79           Code  Gb  DblMul.o [4]
__aeabi_dsub            0x08026bf9           Code  Gb  DblSub.o [4]
__aeabi_i2d             0x08026bc9           Code  Gb  I32ToDbl.o [4]
__aeabi_ldiv0           0x08027171           Code  Gb  I64DivZer.o [5]
__aeabi_ui2d            0x08026bdd           Code  Gb  I32ToDbl.o [4]
__aeabi_uldivmod        0x08026855           Code  Gb  I64DivMod.o [5]
__cmain                 0x0802ae01           Code  Gb  cmain.o [5]
__exit                  0x0802ae31     0x14  Code  Gb  exit.o [6]
__iar_Dnorm             0x080269bb     0x42  Code  Gb  xdnorm.o [4]
__iar_Dscale            0x08026a5d    0x114  Code  Gb  xdscale.o [4]
__iar_Memchr            0x080267fd           Code  Gb  memchr.o [5]
__iar_Strchr            0x08026785           Code  Gb  strchr.o [5]
__iar_copy_init3        0x08026757     0x2e  Code  Gb  copy_init3.o [5]
__iar_d2uiz             0x08026ba9           Code  Gb  DblToI32.o [4]
__iar_dadd              0x08027175           Code  Gb  DblAdd.o [4]
__iar_data_init3        0x0802ad71     0x28  Code  Gb  data_init.o [5]
__iar_dsub              0x08026c0d           Code  Gb  DblSub.o [4]
__iar_dsubStart         0x08026c1f           Code  Gb  DblSub.o [4]
__iar_init_vfp          0x0802ad99           Code  Gb  fpinit_M.o [4]
__iar_program_start     0x0802ae81           Code  Gb  cstartup_M.o [5]
__iar_ui2d              0x08026be1           Code  Gb  I32ToDbl.o [4]
__iar_unaligned___aeabi_memcpy
                        0x08026945           Code  Gb  ABImemcpy_unaligned.o [5]
__iar_unaligned___aeabi_memcpy4
                        0x08026965           Code  Gb  ABImemcpy_unaligned.o [5]
__iar_unaligned___aeabi_memcpy8
                        0x08026965           Code  Gb  ABImemcpy_unaligned.o [5]
__iar_zero_init3        0x0802679b     0x22  Code  Gb  zero_init3.o [5]
__low_level_init        0x0802ae1b      0x4  Code  Gb  low_level_init.o [3]
__vector_table          0x08000000           Data  Gb  startup_stm32f429xx.o [1]
_call_main              0x0802ae0d           Code  Gb  cmain.o [5]
_exit                   0x0802ae25           Code  Gb  cexit.o [5]
_main                   0x0802ae17           Code  Gb  cmain.o [5]
delay                   0x08029541     0x1e  Code  Lc  stm32f429i_discovery_lcd.o [1]
div                     0x08027163      0xe  Code  Gb  div.o [3]
exit                    0x0802ae1f      0x4  Code  Gb  exit.o [3]
hadc3                   0x20000504     0x44  Data  Gb  adc.o [1]
hi2c3                   0x200005c0     0x38  Data  Gb  i2c.o [1]
hltdc                   0x200003b4     0xa8  Data  Gb  ltdc.o [1]
hpcd_USB_OTG_HS         0x20000004    0x3b0  Data  Gb  usb_otg.o [1]
hsdram1                 0x200005f8     0x34  Data  Gb  fmc.o [1]
hspi1                   0x2000045c     0x54  Data  Gb  spi.o [1]
hspi5                   0x200004b0     0x54  Data  Gb  spi.o [1]
huart4                  0x20000548     0x3c  Data  Gb  usart.o [1]
huart5                  0x20000584     0x3c  Data  Gb  usart.o [1]
main                    0x080299f5    0x1a0  Code  Gb  main.o [1]
memchr                  0x080267fd           Code  Gb  memchr.o [5]
sprintf                 0x0802a2a5     0x34  Code  Gb  sprintf.o [3]
strchr                  0x08026785           Code  Gb  strchr.o [5]
strlen                  0x080267bd           Code  Gb  strlen.o [5]
uwTick                  0x20000630      0x4  Data  Lc  stm32f4xx_hal.o [1]


[1] = C:\Users\Hans Susilo\Origin\Projects\EWARM\STM32 pin mapping Configuration\Obj
[2] = command line
[3] = dl7M_tln.a
[4] = m7M_tlv.a
[5] = rt7M_tl.a
[6] = shb_l.a

   22 462 bytes of readonly  code memory
  153 686 bytes of readonly  data memory
    9 780 bytes of readwrite data memory

Errors: 5
Warnings: none
