###############################################################################
#
# IAR ELF Linker V7.30.1.7746/W32 for ARM                 21/Nov/2014  16:37:10
# Copyright 2007-2014 IAR Systems AB.
#
#    Output file  =  
#        C:\Users\Ryan\Documents\IAR Embedded
#        Workbench\Origin\Projects\EWARM\STM32 pin mapping
#        Configuration\Exe\STM32 pin mapping Configuration.out
#    Map file     =  
#        C:\Users\Ryan\Documents\IAR Embedded
#        Workbench\Origin\Projects\EWARM\STM32 pin mapping
#        Configuration/List\STM32 pin mapping Configuration.map
#    Command line =  
#        "C:\Users\Ryan\Documents\IAR Embedded
#        Workbench\Origin\Projects\EWARM\STM32 pin mapping
#        Configuration\Obj\adc.o" "C:\Users\Ryan\Documents\IAR Embedded
#        Workbench\Origin\Projects\EWARM\STM32 pin mapping
#        Configuration\Obj\Button.o" "C:\Users\Ryan\Documents\IAR Embedded
#        Workbench\Origin\Projects\EWARM\STM32 pin mapping
#        Configuration\Obj\fmc.o" "C:\Users\Ryan\Documents\IAR Embedded
#        Workbench\Origin\Projects\EWARM\STM32 pin mapping
#        Configuration\Obj\gpio.o" "C:\Users\Ryan\Documents\IAR Embedded
#        Workbench\Origin\Projects\EWARM\STM32 pin mapping
#        Configuration\Obj\i2c.o" "C:\Users\Ryan\Documents\IAR Embedded
#        Workbench\Origin\Projects\EWARM\STM32 pin mapping
#        Configuration\Obj\ltdc.o" "C:\Users\Ryan\Documents\IAR Embedded
#        Workbench\Origin\Projects\EWARM\STM32 pin mapping
#        Configuration\Obj\main.o" "C:\Users\Ryan\Documents\IAR Embedded
#        Workbench\Origin\Projects\EWARM\STM32 pin mapping
#        Configuration\Obj\spi.o" "C:\Users\Ryan\Documents\IAR Embedded
#        Workbench\Origin\Projects\EWARM\STM32 pin mapping
#        Configuration\Obj\startup_stm32f429xx.o" "C:\Users\Ryan\Documents\IAR
#        Embedded Workbench\Origin\Projects\EWARM\STM32 pin mapping
#        Configuration\Obj\stm32f4xx_hal.o" "C:\Users\Ryan\Documents\IAR
#        Embedded Workbench\Origin\Projects\EWARM\STM32 pin mapping
#        Configuration\Obj\stm32f4xx_hal_adc.o" "C:\Users\Ryan\Documents\IAR
#        Embedded Workbench\Origin\Projects\EWARM\STM32 pin mapping
#        Configuration\Obj\stm32f4xx_hal_adc_ex.o" "C:\Users\Ryan\Documents\IAR
#        Embedded Workbench\Origin\Projects\EWARM\STM32 pin mapping
#        Configuration\Obj\stm32f4xx_hal_cortex.o" "C:\Users\Ryan\Documents\IAR
#        Embedded Workbench\Origin\Projects\EWARM\STM32 pin mapping
#        Configuration\Obj\stm32f4xx_hal_dma.o" "C:\Users\Ryan\Documents\IAR
#        Embedded Workbench\Origin\Projects\EWARM\STM32 pin mapping
#        Configuration\Obj\stm32f4xx_hal_dma_ex.o" "C:\Users\Ryan\Documents\IAR
#        Embedded Workbench\Origin\Projects\EWARM\STM32 pin mapping
#        Configuration\Obj\stm32f4xx_hal_flash.o" "C:\Users\Ryan\Documents\IAR
#        Embedded Workbench\Origin\Projects\EWARM\STM32 pin mapping
#        Configuration\Obj\stm32f4xx_hal_flash_ex.o"
#        "C:\Users\Ryan\Documents\IAR Embedded
#        Workbench\Origin\Projects\EWARM\STM32 pin mapping
#        Configuration\Obj\stm32f4xx_hal_flash_ramfunc.o"
#        "C:\Users\Ryan\Documents\IAR Embedded
#        Workbench\Origin\Projects\EWARM\STM32 pin mapping
#        Configuration\Obj\stm32f4xx_hal_gpio.o" "C:\Users\Ryan\Documents\IAR
#        Embedded Workbench\Origin\Projects\EWARM\STM32 pin mapping
#        Configuration\Obj\stm32f4xx_hal_i2c.o" "C:\Users\Ryan\Documents\IAR
#        Embedded Workbench\Origin\Projects\EWARM\STM32 pin mapping
#        Configuration\Obj\stm32f4xx_hal_i2c_ex.o" "C:\Users\Ryan\Documents\IAR
#        Embedded Workbench\Origin\Projects\EWARM\STM32 pin mapping
#        Configuration\Obj\stm32f4xx_hal_ltdc.o" "C:\Users\Ryan\Documents\IAR
#        Embedded Workbench\Origin\Projects\EWARM\STM32 pin mapping
#        Configuration\Obj\stm32f4xx_hal_msp.o" "C:\Users\Ryan\Documents\IAR
#        Embedded Workbench\Origin\Projects\EWARM\STM32 pin mapping
#        Configuration\Obj\stm32f4xx_hal_pcd.o" "C:\Users\Ryan\Documents\IAR
#        Embedded Workbench\Origin\Projects\EWARM\STM32 pin mapping
#        Configuration\Obj\stm32f4xx_hal_pcd_ex.o" "C:\Users\Ryan\Documents\IAR
#        Embedded Workbench\Origin\Projects\EWARM\STM32 pin mapping
#        Configuration\Obj\stm32f4xx_hal_pwr.o" "C:\Users\Ryan\Documents\IAR
#        Embedded Workbench\Origin\Projects\EWARM\STM32 pin mapping
#        Configuration\Obj\stm32f4xx_hal_pwr_ex.o" "C:\Users\Ryan\Documents\IAR
#        Embedded Workbench\Origin\Projects\EWARM\STM32 pin mapping
#        Configuration\Obj\stm32f4xx_hal_rcc.o" "C:\Users\Ryan\Documents\IAR
#        Embedded Workbench\Origin\Projects\EWARM\STM32 pin mapping
#        Configuration\Obj\stm32f4xx_hal_rcc_ex.o" "C:\Users\Ryan\Documents\IAR
#        Embedded Workbench\Origin\Projects\EWARM\STM32 pin mapping
#        Configuration\Obj\stm32f4xx_hal_sdram.o" "C:\Users\Ryan\Documents\IAR
#        Embedded Workbench\Origin\Projects\EWARM\STM32 pin mapping
#        Configuration\Obj\stm32f4xx_hal_spi.o" "C:\Users\Ryan\Documents\IAR
#        Embedded Workbench\Origin\Projects\EWARM\STM32 pin mapping
#        Configuration\Obj\stm32f4xx_hal_uart.o" "C:\Users\Ryan\Documents\IAR
#        Embedded Workbench\Origin\Projects\EWARM\STM32 pin mapping
#        Configuration\Obj\stm32f4xx_it.o" "C:\Users\Ryan\Documents\IAR
#        Embedded Workbench\Origin\Projects\EWARM\STM32 pin mapping
#        Configuration\Obj\stm32f4xx_ll_fmc.o" "C:\Users\Ryan\Documents\IAR
#        Embedded Workbench\Origin\Projects\EWARM\STM32 pin mapping
#        Configuration\Obj\stm32f4xx_ll_usb.o" "C:\Users\Ryan\Documents\IAR
#        Embedded Workbench\Origin\Projects\EWARM\STM32 pin mapping
#        Configuration\Obj\system_stm32f4xx.o" "C:\Users\Ryan\Documents\IAR
#        Embedded Workbench\Origin\Projects\EWARM\STM32 pin mapping
#        Configuration\Obj\usart.o" "C:\Users\Ryan\Documents\IAR Embedded
#        Workbench\Origin\Projects\EWARM\STM32 pin mapping
#        Configuration\Obj\usb_otg.o" --redirect _Printf=_PrintfFull --redirect
#        _Scanf=_ScanfFull -o "C:\Users\Ryan\Documents\IAR Embedded
#        Workbench\Origin\Projects\EWARM\STM32 pin mapping
#        Configuration\Exe\STM32 pin mapping Configuration.out" --map
#        "C:\Users\Ryan\Documents\IAR Embedded
#        Workbench\Origin\Projects\EWARM\STM32 pin mapping
#        Configuration/List\STM32 pin mapping Configuration.map" --config
#        P:\IARWorkbench\arm\config\linker\ST\stm32f429xI.icf --semihosting
#        --entry __iar_program_start --vfe
#
###############################################################################

*******************************************************************************
*** RUNTIME MODEL ATTRIBUTES
***

CppFlavor                     = *
__SystemLibrary               = DLib
__dlib_dynamic_initialization = normal


*******************************************************************************
*** PLACEMENT SUMMARY
***

"A1":  place at 0x08000000 { ro section .intvec };
"P1":  place in [from 0x08000000 to 0x081fffff] { ro };
"P2":  place in [from 0x20000000 to 0x2002ffff] { rw, block CSTACK, block HEAP };

  Section             Kind        Address    Size  Object
  -------             ----        -------    ----  ------
"A1":                                       0x1ac
  .intvec             ro code  0x08000000   0x1ac  startup_stm32f429xx.o [1]
                             - 0x080001ac   0x1ac

"P1":                                      0x5523
  .text               ro code  0x080001ac   0x78e  stm32f4xx_hal_i2c.o [1]
  .text               ro code  0x0800093a    0x22  zero_init3.o [5]
  .text               ro code  0x0800095c    0xc0  i2c.o [1]
  .text               ro code  0x08000a1c   0x71c  stm32f4xx_hal_rcc.o [1]
  .text               ro code  0x08001138    0x94  stm32f4xx_hal.o [1]
  .text               ro code  0x080011cc   0x258  stm32f4xx_hal_gpio.o [1]
  .text               ro code  0x08001424   0x192  stm32f4xx_hal_cortex.o [1]
  .text               ro code  0x080015b6    0x16  stm32f4xx_hal_msp.o [1]
  .text               ro code  0x080015cc   0x6c4  stm32f4xx_hal_pcd.o [1]
  .text               ro code  0x08001c90    0xec  usb_otg.o [1]
  .text               ro code  0x08001d7c   0x510  stm32f4xx_ll_usb.o [1]
  .text               ro code  0x0800228c    0x76  ABImemcpy_unaligned.o [5]
  .rodata             const    0x08002302     0x1  main.o [1]
  .text               ro code  0x08002304   0x4e0  stm32f4xx_hal_uart.o [1]
  .text               ro code  0x080027e4   0x494  usart.o [1]
  .text               ro code  0x08002c78    0x44  strcpy_unaligned.o [5]
  .text               ro code  0x08002cbc   0x3e4  main.o [1]
  .text               ro code  0x080030a0   0x164  gpio.o [1]
  .text               ro code  0x08003204    0xa8  adc.o [1]
  .text               ro code  0x080032ac   0x174  fmc.o [1]
  .text               ro code  0x08003420   0x16c  ltdc.o [1]
  .text               ro code  0x0800358c   0x14c  spi.o [1]
  .text               ro code  0x080036d8    0x76  Button.o [1]
  .text               ro code  0x0800374e     0xc  memcpy.o [3]
  .text               ro code  0x0800375c    0x4c  strtok.o [3]
  .text               ro code  0x080037a8    0x42  strcmp_unaligned.o [5]
  .text               ro code  0x080037ea    0x10  atof.o [4]
  .text               ro code  0x080037fc   0x290  stm32f4xx_hal_rcc_ex.o [1]
  .text               ro code  0x08003a8c   0x2dc  stm32f4xx_hal_adc.o [1]
  .text               ro code  0x08003d68    0x3e  stm32f4xx_hal_sdram.o [1]
  .text               ro code  0x08003da8   0x138  stm32f4xx_hal_ltdc.o [1]
  .text               ro code  0x08003ee0    0x88  stm32f4xx_hal_spi.o [1]
  .text               ro code  0x08003f68     0x2  xtls.o [3]
  .text               ro code  0x08003f6a    0x22  strspn.o [3]
  .text               ro code  0x08003f8c    0x22  strcspn.o [3]
  .text               ro code  0x08003fb0   0x168  xstod.o [4]
  .text               ro code  0x08004118    0xe6  stm32f4xx_ll_fmc.o [1]
  .text               ro code  0x080041fe   0x134  xstopfx.o [3]
  .text               ro code  0x08004334   0x1b8  xstoflt.o [3]
  .text               ro code  0x080044ec    0x2c  I32ToDbl.o [4]
  .text               ro code  0x08004518   0x1a2  DblMul.o [4]
  .text               ro code  0x080046bc    0xe8  DblAdd.o [4]
  .text               ro code  0x080047a8   0x200  xdtento.o [4]
  .text               ro code  0x080049a8   0x218  xstoxflt.o [3]
  .text               ro code  0x08004bc0   0x114  xdscale.o [4]
  .text               ro code  0x08004cd4    0x28  isxxx.o [3]
  .text               ro code  0x08004cfc    0x6c  localeconv.o [3]
  .text               ro code  0x08004d68   0x16c  DblSub.o [4]
  .text               ro code  0x08004ed4    0x42  xdnorm.o [4]
  .text               ro code  0x08004f18    0x20  DblCmpEq.o [4]
  .text               ro code  0x08004f38    0x56  xdunscal.o [4]
  .text               ro code  0x08004f90   0x246  DblDiv.o [4]
  .text               ro code  0x080051d8     0xc  errno.o [3]
  .text               ro code  0x080051e4    0x58  memchr.o [5]
  .text               ro code  0x0800523c    0x18  setlocale.o [3]
  .text               ro code  0x08005254    0x16  xlocale_c.o [3]
  .text               ro code  0x0800526a    0x14  xlocale_c.o [3]
  .text               ro code  0x0800527e    0xd2  packbits_init.o [5]
  .text               ro code  0x08005350     0x6  abort.o [3]
  .text               ro code  0x08005358    0x14  exit.o [6]
  .text               ro code  0x0800536c    0x6c  system_stm32f4xx.o [1]
  .text               ro code  0x080053d8    0x28  data_init.o [5]
  .text               ro code  0x08005400    0x22  fpinit_M.o [4]
  .iar.init_table     const    0x08005424    0x2c  - Linker created -
  .text               ro code  0x08005450    0x20  stm32f4xx_it.o [1]
  .text               ro code  0x08005470    0x1a  cmain.o [5]
  .text               ro code  0x0800548a     0x4  low_level_init.o [3]
  .text               ro code  0x0800548e     0x4  exit.o [3]
  .text               ro code  0x08005494     0xa  cexit.o [5]
  .rodata             const    0x080054a0    0x10  stm32f4xx_hal_rcc.o [1]
  .text               ro code  0x080054b0    0x10  startup_stm32f429xx.o [1]
  .text               ro code  0x080054c0     0xc  cstartup_M.o [5]
  .rodata             const    0x080054cc     0x8  main.o [1]
  .text               ro code  0x080054d4     0x4  startup_stm32f429xx.o [1]
  .text               ro code  0x080054d8     0x4  startup_stm32f429xx.o [1]
  .text               ro code  0x080054dc     0x4  startup_stm32f429xx.o [1]
  .text               ro code  0x080054e0     0x4  startup_stm32f429xx.o [1]
  .text               ro code  0x080054e4     0x4  startup_stm32f429xx.o [1]
  .text               ro code  0x080054e8     0x4  startup_stm32f429xx.o [1]
  .text               ro code  0x080054ec     0x4  startup_stm32f429xx.o [1]
  .text               ro code  0x080054f0     0x4  startup_stm32f429xx.o [1]
  .text               ro code  0x080054f4     0x4  startup_stm32f429xx.o [1]
  .text               ro code  0x080054f8     0x4  startup_stm32f429xx.o [1]
  .text               ro code  0x080054fc     0x4  startup_stm32f429xx.o [1]
  .text               ro code  0x08005500     0x4  startup_stm32f429xx.o [1]
  .text               ro code  0x08005504     0x4  startup_stm32f429xx.o [1]
  .text               ro code  0x08005508     0x4  startup_stm32f429xx.o [1]
  .text               ro code  0x0800550c     0x4  startup_stm32f429xx.o [1]
  .text               ro code  0x08005510     0x4  startup_stm32f429xx.o [1]
  .text               ro code  0x08005514     0x4  startup_stm32f429xx.o [1]
  .text               ro code  0x08005518     0x4  startup_stm32f429xx.o [1]
  .text               ro code  0x0800551c     0x4  startup_stm32f429xx.o [1]
  .text               ro code  0x08005520     0x4  startup_stm32f429xx.o [1]
  .text               ro code  0x08005524     0x4  startup_stm32f429xx.o [1]
  .text               ro code  0x08005528     0x4  startup_stm32f429xx.o [1]
  .text               ro code  0x0800552c     0x4  startup_stm32f429xx.o [1]
  .text               ro code  0x08005530     0x4  startup_stm32f429xx.o [1]
  .text               ro code  0x08005534     0x4  startup_stm32f429xx.o [1]
  .text               ro code  0x08005538     0x4  startup_stm32f429xx.o [1]
  .text               ro code  0x0800553c     0x4  startup_stm32f429xx.o [1]
  .text               ro code  0x08005540     0x4  startup_stm32f429xx.o [1]
  .text               ro code  0x08005544     0x4  startup_stm32f429xx.o [1]
  .text               ro code  0x08005548     0x4  startup_stm32f429xx.o [1]
  .text               ro code  0x0800554c     0x4  startup_stm32f429xx.o [1]
  .text               ro code  0x08005550     0x4  startup_stm32f429xx.o [1]
  .text               ro code  0x08005554     0x4  startup_stm32f429xx.o [1]
  .text               ro code  0x08005558     0x4  startup_stm32f429xx.o [1]
  .text               ro code  0x0800555c     0x4  startup_stm32f429xx.o [1]
  .text               ro code  0x08005560     0x4  startup_stm32f429xx.o [1]
  .text               ro code  0x08005564     0x4  startup_stm32f429xx.o [1]
  .text               ro code  0x08005568     0x4  startup_stm32f429xx.o [1]
  .text               ro code  0x0800556c     0x4  startup_stm32f429xx.o [1]
  .text               ro code  0x08005570     0x4  startup_stm32f429xx.o [1]
  .text               ro code  0x08005574     0x4  startup_stm32f429xx.o [1]
  .text               ro code  0x08005578     0x4  startup_stm32f429xx.o [1]
  .text               ro code  0x0800557c     0x4  startup_stm32f429xx.o [1]
  .text               ro code  0x08005580     0x4  startup_stm32f429xx.o [1]
  .text               ro code  0x08005584     0x4  startup_stm32f429xx.o [1]
  .text               ro code  0x08005588     0x4  startup_stm32f429xx.o [1]
  .text               ro code  0x0800558c     0x4  startup_stm32f429xx.o [1]
  .text               ro code  0x08005590     0x4  startup_stm32f429xx.o [1]
  .text               ro code  0x08005594     0x4  startup_stm32f429xx.o [1]
  .text               ro code  0x08005598     0x4  startup_stm32f429xx.o [1]
  .text               ro code  0x0800559c     0x4  startup_stm32f429xx.o [1]
  .text               ro code  0x080055a0     0x4  startup_stm32f429xx.o [1]
  .text               ro code  0x080055a4     0x4  startup_stm32f429xx.o [1]
  .text               ro code  0x080055a8     0x4  startup_stm32f429xx.o [1]
  .text               ro code  0x080055ac     0x4  startup_stm32f429xx.o [1]
  .text               ro code  0x080055b0     0x4  startup_stm32f429xx.o [1]
  .text               ro code  0x080055b4     0x4  startup_stm32f429xx.o [1]
  .text               ro code  0x080055b8     0x4  startup_stm32f429xx.o [1]
  .text               ro code  0x080055bc     0x4  startup_stm32f429xx.o [1]
  .text               ro code  0x080055c0     0x4  startup_stm32f429xx.o [1]
  .text               ro code  0x080055c4     0x4  startup_stm32f429xx.o [1]
  .text               ro code  0x080055c8     0x4  startup_stm32f429xx.o [1]
  .text               ro code  0x080055cc     0x4  startup_stm32f429xx.o [1]
  .text               ro code  0x080055d0     0x4  startup_stm32f429xx.o [1]
  .text               ro code  0x080055d4     0x4  startup_stm32f429xx.o [1]
  .text               ro code  0x080055d8     0x4  startup_stm32f429xx.o [1]
  .text               ro code  0x080055dc     0x4  startup_stm32f429xx.o [1]
  .text               ro code  0x080055e0     0x4  startup_stm32f429xx.o [1]
  .text               ro code  0x080055e4     0x4  startup_stm32f429xx.o [1]
  .text               ro code  0x080055e8     0x4  startup_stm32f429xx.o [1]
  .text               ro code  0x080055ec     0x4  startup_stm32f429xx.o [1]
  .text               ro code  0x080055f0     0x4  startup_stm32f429xx.o [1]
  .text               ro code  0x080055f4     0x4  startup_stm32f429xx.o [1]
  .text               ro code  0x080055f8     0x4  startup_stm32f429xx.o [1]
  .text               ro code  0x080055fc     0x4  startup_stm32f429xx.o [1]
  .text               ro code  0x08005600     0x4  startup_stm32f429xx.o [1]
  .text               ro code  0x08005604     0x4  startup_stm32f429xx.o [1]
  .text               ro code  0x08005608     0x4  startup_stm32f429xx.o [1]
  .text               ro code  0x0800560c     0x4  startup_stm32f429xx.o [1]
  .text               ro code  0x08005610     0x4  startup_stm32f429xx.o [1]
  .text               ro code  0x08005614     0x4  startup_stm32f429xx.o [1]
  .text               ro code  0x08005618     0x4  startup_stm32f429xx.o [1]
  .text               ro code  0x0800561c     0x4  startup_stm32f429xx.o [1]
  .text               ro code  0x08005620     0x4  startup_stm32f429xx.o [1]
  .text               ro code  0x08005624     0x4  startup_stm32f429xx.o [1]
  .text               ro code  0x08005628     0x4  startup_stm32f429xx.o [1]
  .text               ro code  0x0800562c     0x4  startup_stm32f429xx.o [1]
  .text               ro code  0x08005630     0x4  startup_stm32f429xx.o [1]
  .text               ro code  0x08005634     0x4  startup_stm32f429xx.o [1]
  .text               ro code  0x08005638     0x4  startup_stm32f429xx.o [1]
  .text               ro code  0x0800563c     0x4  startup_stm32f429xx.o [1]
  .text               ro code  0x08005640     0x4  startup_stm32f429xx.o [1]
  .text               ro code  0x08005644     0x4  startup_stm32f429xx.o [1]
  .text               ro code  0x08005648     0x4  startup_stm32f429xx.o [1]
  .text               ro code  0x0800564c     0x4  startup_stm32f429xx.o [1]
  .rodata             const    0x08005650     0x0  zero_init3.o [5]
  .rodata             const    0x08005650     0x0  packbits_init.o [5]
  Initializer bytes   ro data  0x08005650    0x7f  <for P2 s0>
                             - 0x080056cf  0x5523

"P2":                                      0x2ef8
  P2 s0                        0x20000000   0x175  <Init block>
    __DLIB_PERTHREAD  inited   0x20000000    0x88  localeconv.o [3]
    __DLIB_PERTHREAD  inited   0x20000088    0x74  setlocale.o [3]
    .data             inited   0x200000fc    0x40  main.o [1]
    .data             inited   0x2000013c    0x1c  main.o [1]
    .data             inited   0x20000158    0x10  main.o [1]
    .data             inited   0x20000168     0x4  system_stm32f4xx.o [1]
    __DLIB_PERTHREAD  inited   0x2000016c     0x4  strtok.o [3]
    __DLIB_PERTHREAD  inited   0x20000170     0x4  errno.o [3]
    .data             inited   0x20000174     0x1  main.o [1]
  .bss                zero     0x20000178   0x3b0  usb_otg.o [1]
  .bss                zero     0x20000528    0xa8  ltdc.o [1]
  .bss                zero     0x200005d0    0x88  usart.o [1]
  .bss                zero     0x20000658    0x88  usart.o [1]
  .bss                zero     0x200006e0    0x88  usart.o [1]
  .bss                zero     0x20000768    0x88  usart.o [1]
  .bss                zero     0x200007f0    0x88  usart.o [1]
  .bss                zero     0x20000878    0x88  usart.o [1]
  .bss                zero     0x20000900    0x88  usart.o [1]
  .bss                zero     0x20000988    0x88  usart.o [1]
  .bss                zero     0x20000a10    0x88  usart.o [1]
  .bss                zero     0x20000a98    0x88  usart.o [1]
  .bss                zero     0x20000b20    0x88  usart.o [1]
  .bss                zero     0x20000ba8    0x88  usart.o [1]
  .bss                zero     0x20000c30    0x80  main.o [1]
  .bss                zero     0x20000cb0    0x54  spi.o [1]
  .bss                zero     0x20000d04    0x54  spi.o [1]
  .bss                zero     0x20000d58    0x44  adc.o [1]
  .bss                zero     0x20000d9c    0x3c  usart.o [1]
  .bss                zero     0x20000dd8    0x3c  usart.o [1]
  .bss                zero     0x20000e14    0x38  i2c.o [1]
  .bss                zero     0x20000e4c    0x34  fmc.o [1]
  .bss                zero     0x20000e80    0x28  usart.o [1]
  .bss                zero     0x20000ea8    0x20  main.o [1]
  .bss                zero     0x20000ec8    0x10  Button.o [1]
  .bss                zero     0x20000ed8    0x10  Button.o [1]
  .bss                zero     0x20000ee8     0x4  fmc.o [1]
  .bss                zero     0x20000eec     0x4  main.o [1]
  .bss                zero     0x20000ef0     0x4  stm32f4xx_hal.o [1]
  .bss                zero     0x20000ef4     0x2  main.o [1]
  .bss                zero     0x20000ef6     0x1  usart.o [1]
  CSTACK                       0x20000ef8  0x2000  <Block>
    CSTACK            uninit   0x20000ef8  0x2000  <Block tail>
                             - 0x20002ef8  0x2ef8


*******************************************************************************
*** INIT TABLE
***

          Address     Size
          -------     ----
Zero (__iar_zero_init3)
    1 destination range, total size 0xd7f:
          0x20000178  0xd7f

Copy/packbits (__iar_packbits_init3)
    1 source range, total size 0x7f (34% of destination):
          0x08005650   0x7f
    1 destination range, total size 0x175:
          0x20000000  0x175



*******************************************************************************
*** MODULE SUMMARY
***

    Module                  ro code  ro data  rw data
    ------                  -------  -------  -------
C:\Users\Ryan\Documents\IAR Embedded Workbench\Origin\Projects\EWARM\STM32 pin mapping Configuration\Obj: [1]
    Button.o                    118                32
    adc.o                       168                68
    fmc.o                       372                56
    gpio.o                      356
    i2c.o                       192                56
    ltdc.o                      364               168
    main.o                      996       47      275
    spi.o                       332               168
    startup_stm32f429xx.o       824
    stm32f4xx_hal.o             148                 4
    stm32f4xx_hal_adc.o         732
    stm32f4xx_hal_cortex.o      402
    stm32f4xx_hal_gpio.o        600
    stm32f4xx_hal_i2c.o       1 934
    stm32f4xx_hal_ltdc.o        312
    stm32f4xx_hal_msp.o          22
    stm32f4xx_hal_pcd.o       1 732
    stm32f4xx_hal_rcc.o       1 820       16
    stm32f4xx_hal_rcc_ex.o      656
    stm32f4xx_hal_sdram.o        62
    stm32f4xx_hal_spi.o         136
    stm32f4xx_hal_uart.o      1 248
    stm32f4xx_it.o               32
    stm32f4xx_ll_fmc.o          230
    stm32f4xx_ll_usb.o        1 296
    system_stm32f4xx.o          108        1        4
    usart.o                   1 172             1 793
    usb_otg.o                   236               944
    -------------------------------------------------
    Total:                   16 600       64    3 568

command line: [2]
    -------------------------------------------------
    Total:

dl7M_tlf.a: [3]
    abort.o                       6
    errno.o                      12        1        4
    exit.o                        4
    isxxx.o                      40
    localeconv.o                108       46      136
    low_level_init.o              4
    memcpy.o                     12
    setlocale.o                  24       39      116
    strcspn.o                    34
    strspn.o                     34
    strtok.o                     76        2        4
    xlocale_c.o                  42
    xstoflt.o                   440
    xstopfx.o                   308
    xstoxflt.o                  536
    xtls.o                        2
    -------------------------------------------------
    Total:                    1 682       88      260

m7M_tlv.a: [4]
    DblAdd.o                    232
    DblCmpEq.o                   32
    DblDiv.o                    582
    DblMul.o                    418
    DblSub.o                    364
    I32ToDbl.o                   44
    atof.o                       16
    fpinit_M.o                   34
    xdnorm.o                     66
    xdscale.o                   276
    xdtento.o                   512
    xdunscal.o                   86
    xstod.o                     360
    -------------------------------------------------
    Total:                    3 022

rt7M_tl.a: [5]
    ABImemcpy_unaligned.o       118
    cexit.o                      10
    cmain.o                      26
    cstartup_M.o                 12
    data_init.o                  40
    memchr.o                     88
    packbits_init.o             210
    strcmp_unaligned.o           66
    strcpy_unaligned.o           68
    zero_init3.o                 34
    -------------------------------------------------
    Total:                      672

shb_l.a: [6]
    exit.o                       20
    -------------------------------------------------
    Total:                       20

    Gaps                         27        4        3
    Linker created                        44    8 192
-----------------------------------------------------
    Grand Total:             22 023      200   12 023


*******************************************************************************
*** ENTRY LIST
***

Entry                      Address   Size  Type      Object
-----                      -------   ----  ----      ------
?main                   0x08005471         Code  Gb  cmain.o [5]
ADC_Init                0x08003c23  0x13a  Code  Lc  stm32f4xx_hal_adc.o [1]
APBAHBPrescTable        0x080054a0   0x10  Data  Gb  stm32f4xx_hal_rcc.o [1]
CSTACK$$Base            0x20000ef8          --   Gb  - Linker created -
CSTACK$$Limit           0x20002ef8          --   Gb  - Linker created -
FMC_Initialized         0x20000ee8    0x4  Data  Lc  fmc.o [1]
FMC_SDRAM_Init          0x08004119   0x62  Code  Gb  stm32f4xx_ll_fmc.o [1]
FMC_SDRAM_Timing_Init   0x0800417b   0x84  Code  Gb  stm32f4xx_ll_fmc.o [1]
HAL_ADC_ConfigChannel   0x08003ac7  0x15c  Code  Gb  stm32f4xx_hal_adc.o [1]
HAL_ADC_Init            0x08003a8d   0x3a  Code  Gb  stm32f4xx_hal_adc.o [1]
HAL_ADC_MspInit         0x08003269   0x32  Code  Gb  adc.o [1]
HAL_Delay               0x080011a9   0x1a  Code  Wk  stm32f4xx_hal.o [1]
HAL_FMC_MspInit         0x0800331b   0xd2  Code  Lc  fmc.o [1]
HAL_GPIO_Init           0x080011cd  0x1e6  Code  Gb  stm32f4xx_hal_gpio.o [1]
HAL_GPIO_ReadPin        0x080013b3   0x18  Code  Gb  stm32f4xx_hal_gpio.o [1]
HAL_GPIO_TogglePin      0x080013d9    0xa  Code  Gb  stm32f4xx_hal_gpio.o [1]
HAL_GPIO_WritePin       0x080013cb    0xe  Code  Gb  stm32f4xx_hal_gpio.o [1]
HAL_GetTick             0x080011a3    0x6  Code  Wk  stm32f4xx_hal.o [1]
HAL_I2C_Init            0x080001ad  0x11a  Code  Gb  stm32f4xx_hal_i2c.o [1]
HAL_I2C_Master_Receive  0x080003d9  0x228  Code  Gb  stm32f4xx_hal_i2c.o [1]
HAL_I2C_Master_Transmit
                        0x080002c7  0x112  Code  Gb  stm32f4xx_hal_i2c.o [1]
HAL_I2C_MspInit         0x080009ab   0x5a  Code  Gb  i2c.o [1]
HAL_IncTick             0x08001197    0xc  Code  Wk  stm32f4xx_hal.o [1]
HAL_Init                0x08001139   0x3a  Code  Gb  stm32f4xx_hal.o [1]
HAL_InitTick            0x08001173   0x24  Code  Wk  stm32f4xx_hal.o [1]
HAL_LTDC_Init           0x08003da9  0x134  Code  Gb  stm32f4xx_hal_ltdc.o [1]
HAL_LTDC_MspInit        0x08003499   0xd0  Code  Gb  ltdc.o [1]
HAL_MspInit             0x080015b7   0x16  Code  Gb  stm32f4xx_hal_msp.o [1]
HAL_NVIC_ClearPendingIRQ
                        0x08001577    0xe  Code  Gb  stm32f4xx_hal_cortex.o [1]
HAL_NVIC_DisableIRQ     0x0800155d    0xe  Code  Gb  stm32f4xx_hal_cortex.o [1]
HAL_NVIC_EnableIRQ      0x0800154f    0xe  Code  Gb  stm32f4xx_hal_cortex.o [1]
HAL_NVIC_SetPriority    0x08001529   0x26  Code  Gb  stm32f4xx_hal_cortex.o [1]
HAL_NVIC_SetPriorityGrouping
                        0x0800151d    0xc  Code  Gb  stm32f4xx_hal_cortex.o [1]
HAL_PCD_ConnectCallback
                        0x08001bcb    0x2  Code  Wk  stm32f4xx_hal_pcd.o [1]
HAL_PCD_DataInStageCallback
                        0x08001bbb    0x2  Code  Wk  stm32f4xx_hal_pcd.o [1]
HAL_PCD_DataOutStageCallback
                        0x08001bb9    0x2  Code  Wk  stm32f4xx_hal_pcd.o [1]
HAL_PCD_DisconnectCallback
                        0x08001bcd    0x2  Code  Wk  stm32f4xx_hal_pcd.o [1]
HAL_PCD_IRQHandler      0x080016eb  0x4ce  Code  Gb  stm32f4xx_hal_pcd.o [1]
HAL_PCD_ISOINIncompleteCallback
                        0x08001bc9    0x2  Code  Wk  stm32f4xx_hal_pcd.o [1]
HAL_PCD_ISOOUTIncompleteCallback
                        0x08001bc7    0x2  Code  Wk  stm32f4xx_hal_pcd.o [1]
HAL_PCD_Init            0x080015cd  0x11e  Code  Gb  stm32f4xx_hal_pcd.o [1]
HAL_PCD_MspInit         0x08001cdd   0x7e  Code  Gb  usb_otg.o [1]
HAL_PCD_ResetCallback   0x08001bc1    0x2  Code  Wk  stm32f4xx_hal_pcd.o [1]
HAL_PCD_ResumeCallback  0x08001bc5    0x2  Code  Wk  stm32f4xx_hal_pcd.o [1]
HAL_PCD_SOFCallback     0x08001bbf    0x2  Code  Wk  stm32f4xx_hal_pcd.o [1]
HAL_PCD_SetupStageCallback
                        0x08001bbd    0x2  Code  Wk  stm32f4xx_hal_pcd.o [1]
HAL_PCD_SuspendCallback
                        0x08001bc3    0x2  Code  Wk  stm32f4xx_hal_pcd.o [1]
HAL_RCCEx_PeriphCLKConfig
                        0x080037fd  0x256  Code  Gb  stm32f4xx_hal_rcc_ex.o [1]
HAL_RCC_ClockConfig     0x08000da1  0x23a  Code  Gb  stm32f4xx_hal_rcc.o [1]
HAL_RCC_GetHCLKFreq     0x0800108d   0x28  Code  Gb  stm32f4xx_hal_rcc.o [1]
HAL_RCC_GetPCLK1Freq    0x080010b5   0x20  Code  Gb  stm32f4xx_hal_rcc.o [1]
HAL_RCC_GetPCLK2Freq    0x080010d5   0x20  Code  Gb  stm32f4xx_hal_rcc.o [1]
HAL_RCC_GetSysClockFreq
                        0x08000fdb   0xb2  Code  Gb  stm32f4xx_hal_rcc.o [1]
HAL_RCC_OscConfig       0x08000a1d  0x384  Code  Gb  stm32f4xx_hal_rcc.o [1]
HAL_SDRAM_Init          0x08003d69   0x3e  Code  Gb  stm32f4xx_hal_sdram.o [1]
HAL_SDRAM_MspInit       0x080033ed    0xa  Code  Gb  fmc.o [1]
HAL_SPI_Init            0x08003ee1   0x88  Code  Gb  stm32f4xx_hal_spi.o [1]
HAL_SPI_MspInit         0x0800362d   0x8a  Code  Gb  spi.o [1]
HAL_SYSTICK_Callback    0x080015b5    0x2  Code  Wk  stm32f4xx_hal_cortex.o [1]
HAL_SYSTICK_Config      0x0800156b    0xc  Code  Gb  stm32f4xx_hal_cortex.o [1]
HAL_SYSTICK_IRQHandler  0x080015ad    0x8  Code  Gb  stm32f4xx_hal_cortex.o [1]
HAL_UART_Init           0x08002305   0x6c  Code  Gb  stm32f4xx_hal_uart.o [1]
HAL_UART_MspInit        0x08002b6b   0xb6  Code  Gb  usart.o [1]
HAL_UART_Receive_IT     0x0800246f   0x8a  Code  Gb  stm32f4xx_hal_uart.o [1]
HAL_UART_Transmit       0x08002371   0xfe  Code  Gb  stm32f4xx_hal_uart.o [1]
I2C_MasterRequestRead   0x080006b3  0x104  Code  Lc  stm32f4xx_hal_i2c.o [1]
I2C_MasterRequestWrite  0x08000619   0x9a  Code  Lc  stm32f4xx_hal_i2c.o [1]
I2C_WaitOnFlagUntilTimeout
                        0x080007c1   0xda  Code  Lc  stm32f4xx_hal_i2c.o [1]
I2C_WaitOnMasterAddressFlagUntilTimeout
                        0x0800089b   0xa0  Code  Lc  stm32f4xx_hal_i2c.o [1]
InStream_Read           0x0800527f   0x22  Code  Lc  packbits_init.o [5]
InitButton              0x080036d9    0x6  Code  Gb  Button.o [1]
MX_ADC3_Init            0x08003205   0x64  Code  Gb  adc.o [1]
MX_FMC_Init             0x080032ad   0x6e  Code  Gb  fmc.o [1]
MX_GPIO_Init            0x080030a1  0x164  Code  Gb  gpio.o [1]
MX_I2C3_Init            0x0800095d   0x4e  Code  Gb  i2c.o [1]
MX_LTDC_Init            0x08003421   0x78  Code  Gb  ltdc.o [1]
MX_SPI1_Init            0x0800358d   0x50  Code  Gb  spi.o [1]
MX_SPI5_Init            0x080035dd   0x50  Code  Gb  spi.o [1]
MX_UART4_Init           0x080027e5   0x50  Code  Gb  usart.o [1]
MX_UART5_Init           0x08002afd   0x44  Code  Gb  usart.o [1]
MX_USB_OTG_HS_PCD_Init  0x08001c91   0x4c  Code  Gb  usb_otg.o [1]
NVIC_ClearPendingIRQ    0x08001475   0x14  Code  Lc  stm32f4xx_hal_cortex.o [1]
NVIC_DisableIRQ         0x08001461   0x14  Code  Lc  stm32f4xx_hal_cortex.o [1]
NVIC_EnableIRQ          0x0800144d   0x14  Code  Lc  stm32f4xx_hal_cortex.o [1]
NVIC_EncodePriority     0x080014af   0x3e  Code  Lc  stm32f4xx_hal_cortex.o [1]
NVIC_GetPriorityGrouping
                        0x08001443    0xa  Code  Lc  stm32f4xx_hal_cortex.o [1]
NVIC_SetPriority        0x08001489   0x26  Code  Lc  stm32f4xx_hal_cortex.o [1]
NVIC_SetPriorityGrouping
                        0x08001425   0x1e  Code  Lc  stm32f4xx_hal_cortex.o [1]
OTG_HS_WKUP_IRQHandler  0x0800545d   0x10  Code  Gb  stm32f4xx_it.o [1]
PCD_WriteEmptyTxFifo    0x08001bcf   0xc2  Code  Lc  stm32f4xx_hal_pcd.o [1]
Region$$Table$$Base     0x08005424          --   Gb  - Linker created -
Region$$Table$$Limit    0x08005450          --   Gb  - Linker created -
SysTick_Config          0x080014ed   0x30  Code  Lc  stm32f4xx_hal_cortex.o [1]
SysTick_Handler         0x08005451    0xc  Code  Gb  stm32f4xx_it.o [1]
SystemClock_Config      0x08002fc5   0x80  Code  Gb  main.o [1]
SystemCoreClock         0x20000168    0x4  Data  Gb  system_stm32f4xx.o [1]
SystemInit              0x0800536d   0x4c  Code  Gb  system_stm32f4xx.o [1]
UART4_IRQHandler        0x08002835   0xcc  Code  Gb  usart.o [1]
UART5_IRQHandler        0x08002901  0x1fc  Code  Gb  usart.o [1]
UART_SetConfig          0x080025db  0x1fc  Code  Lc  stm32f4xx_hal_uart.o [1]
UART_WaitOnFlagUntilTimeout
                        0x080024f9   0xe2  Code  Lc  stm32f4xx_hal_uart.o [1]
USB_ActivateSetup       0x080021ad   0x44  Code  Gb  stm32f4xx_ll_usb.o [1]
USB_CoreInit            0x08001d7d   0x6e  Code  Gb  stm32f4xx_ll_usb.o [1]
USB_CoreReset           0x08002249   0x38  Code  Lc  stm32f4xx_ll_usb.o [1]
USB_DevDisconnect       0x080020ff   0x1e  Code  Gb  stm32f4xx_ll_usb.o [1]
USB_DevInit             0x08001e2f  0x1b0  Code  Gb  stm32f4xx_ll_usb.o [1]
USB_DisableGlobalInt    0x08001deb    0xe  Code  Gb  stm32f4xx_ll_usb.o [1]
USB_EP0_OutStart        0x080021f1   0x58  Code  Gb  stm32f4xx_ll_usb.o [1]
USB_FlushRxFifo         0x08002003   0x20  Code  Gb  stm32f4xx_ll_usb.o [1]
USB_FlushTxFifo         0x08001fdf   0x24  Code  Gb  stm32f4xx_ll_usb.o [1]
USB_GetDevSpeed         0x08002039   0x4e  Code  Gb  stm32f4xx_ll_usb.o [1]
USB_GetMode             0x080021a5    0x8  Code  Gb  stm32f4xx_ll_usb.o [1]
USB_ReadDevAllInEpInterrupt
                        0x08002141   0x16  Code  Gb  stm32f4xx_ll_usb.o [1]
USB_ReadDevAllOutEpInterrupt
                        0x0800212b   0x16  Code  Gb  stm32f4xx_ll_usb.o [1]
USB_ReadDevInEPInterrupt
                        0x08002171   0x34  Code  Gb  stm32f4xx_ll_usb.o [1]
USB_ReadDevOutEPInterrupt
                        0x08002157   0x1a  Code  Gb  stm32f4xx_ll_usb.o [1]
USB_ReadInterrupts      0x0800211d    0xe  Code  Gb  stm32f4xx_ll_usb.o [1]
USB_ReadPacket          0x080020d3   0x2c  Code  Gb  stm32f4xx_ll_usb.o [1]
USB_SetCurrentMode      0x08001df9   0x36  Code  Gb  stm32f4xx_ll_usb.o [1]
USB_SetDevSpeed         0x08002023   0x16  Code  Gb  stm32f4xx_ll_usb.o [1]
USB_WritePacket         0x0800208d   0x46  Code  Gb  stm32f4xx_ll_usb.o [1]
UpdateButton            0x080036df   0x5e  Code  Gb  Button.o [1]
_IsdstStr               0x2000008c    0x4  Data  Gb  setlocale.o [3]
_LocaleC_isalpha        0x08005255   0x16  Code  Gb  xlocale_c.o [3]
_LocaleC_isspace        0x0800526b   0x14  Code  Gb  xlocale_c.o [3]
_LocaleForCat           0x0800523d   0x12  Code  Gb  setlocale.o [3]
_LocaleReturnString     0x200000ac   0x50  Data  Lc  setlocale.o [3]
_Locale_Profile         0x20000090   0x1c  Data  Gb  setlocale.o [3]
_Locale_aeabi_lconv     0x20000050   0x38  Data  Gb  localeconv.o [3]
_Locale_lconv           0x20000000   0x50  Data  Gb  localeconv.o [3]
_Stoflt                 0x08004335  0x1b8  Code  Gb  xstoflt.o [3]
_Stopfx                 0x080041ff  0x134  Code  Gb  xstopfx.o [3]
_Stoxflt                0x080049a9  0x1e2  Code  Gb  xstoxflt.o [3]
_Strtok_ssave           0x2000016c    0x4  Data  Lc  strtok.o [3]
_TzoneStr               0x20000088    0x4  Data  Gb  setlocale.o [3]
__aeabi_cdcmpeq         0x08004f19         Code  Gb  DblCmpEq.o [4]
__aeabi_dadd            0x080046bd         Code  Gb  DblAdd.o [4]
__aeabi_ddiv            0x08004f91         Code  Gb  DblDiv.o [4]
__aeabi_dmul            0x08004519         Code  Gb  DblMul.o [4]
__aeabi_errno_addr      0x080051d9    0x6  Code  Gb  errno.o [3]
__aeabi_i2d             0x080044ed         Code  Gb  I32ToDbl.o [4]
__cmain                 0x08005471         Code  Gb  cmain.o [5]
__exit                  0x08005359   0x14  Code  Gb  exit.o [6]
__iar_Dnorm             0x08004ed5   0x42  Code  Gb  xdnorm.o [4]
__iar_Dscale            0x08004bc1  0x114  Code  Gb  xdscale.o [4]
__iar_Dtentox           0x08004805  0x13e  Code  Gb  xdtento.o [4]
__iar_Dunscale          0x08004f39   0x56  Code  Gb  xdunscal.o [4]
__iar_Errno             0x20000170    0x4  Data  Gb  errno.o [3]
__iar_Locale_lconv_init
                        0x08004cfd   0x3a  Code  Gb  localeconv.o [3]
__iar_Memchr            0x080051e5         Code  Gb  memchr.o [5]
__iar_Stod              0x08004115    0x4  Code  Gb  xstod.o [4]
__iar_Stodx             0x08003fb1  0x14e  Code  Gb  xstod.o [4]
__iar_dadd              0x080046d1         Code  Gb  DblAdd.o [4]
__iar_data_init3        0x080053d9   0x28  Code  Gb  data_init.o [5]
__iar_dlib_perthread_access
                        0x08003f69    0x2  Code  Gb  xtls.o [3]
__iar_dsub              0x08004d69         Code  Gb  DblSub.o [4]
__iar_dsubStart         0x08004d7b         Code  Gb  DblSub.o [4]
__iar_init_vfp          0x08005401         Code  Gb  fpinit_M.o [4]
__iar_packbits_init3    0x080052a1   0xb0  Code  Gb  packbits_init.o [5]
__iar_program_start     0x080054c1         Code  Gb  cstartup_M.o [5]
__iar_strcmp            0x080037a9         Code  Gb  strcmp_unaligned.o [5]
__iar_ui2d              0x08004501         Code  Gb  I32ToDbl.o [4]
__iar_unaligned___aeabi_memcpy
                        0x0800228d         Code  Gb  ABImemcpy_unaligned.o [5]
__iar_unaligned___aeabi_memcpy4
                        0x080022ad         Code  Gb  ABImemcpy_unaligned.o [5]
__iar_unaligned___aeabi_memcpy8
                        0x080022ad         Code  Gb  ABImemcpy_unaligned.o [5]
__iar_unaligned_strcmp  0x080037a9         Code  Gb  strcmp_unaligned.o [5]
__iar_unaligned_strcpy  0x08002c79         Code  Gb  strcpy_unaligned.o [5]
__iar_vfp_atof          0x080037eb   0x10  Code  Gb  atof.o [4]
__iar_zero_init3        0x0800093b   0x22  Code  Gb  zero_init3.o [5]
__low_level_init        0x0800548b    0x4  Code  Gb  low_level_init.o [3]
__vector_table          0x08000000         Data  Gb  startup_stm32f429xx.o [1]
_call_main              0x0800547d         Code  Gb  cmain.o [5]
_exit                   0x08005495         Code  Gb  cexit.o [5]
_main                   0x08005487         Code  Gb  cmain.o [5]
abort                   0x08005351    0x6  Code  Gb  abort.o [3]
buff_copy               0x08002b41   0x2a  Code  Gb  usart.o [1]
button1                 0x20000ec8   0x10  Data  Gb  Button.o [1]
button2                 0x20000ed8   0x10  Data  Gb  Button.o [1]
buttonRisingEdge        0x0800373d   0x12  Code  Gb  Button.o [1]
cmdData1                0x200000fc   0x40  Data  Gb  main.o [1]
cmdData2                0x2000013c   0x1c  Data  Gb  main.o [1]
cmdData3                0x20000158   0x10  Data  Gb  main.o [1]
dmul                    0x080047a9   0x5a  Code  Lc  xdtento.o [4]
exit                    0x0800548f    0x4  Code  Gb  exit.o [3]
friends                 0x20000e80   0x28  Data  Gb  usart.o [1]
hadc3                   0x20000d58   0x44  Data  Gb  adc.o [1]
hello                   0x20000eec    0x4  Data  Gb  main.o [1]
hi2c3                   0x20000e14   0x38  Data  Gb  i2c.o [1]
hltdc                   0x20000528   0xa8  Data  Gb  ltdc.o [1]
hpcd_USB_OTG_HS         0x20000178  0x3b0  Data  Gb  usb_otg.o [1]
hsdram1                 0x20000e4c   0x34  Data  Gb  fmc.o [1]
hspi1                   0x20000cb0   0x54  Data  Gb  spi.o [1]
hspi5                   0x20000d04   0x54  Data  Gb  spi.o [1]
huart4                  0x20000d9c   0x3c  Data  Gb  usart.o [1]
huart5                  0x20000dd8   0x3c  Data  Gb  usart.o [1]
idFlag                  0x20000ef6    0x1  Data  Gb  usart.o [1]
inData                  0x20000c30   0x80  Data  Gb  main.o [1]
inImu                   0x20000ea8   0x20  Data  Gb  main.o [1]
isalpha                 0x08004cd5   0x14  Code  Gb  isxxx.o [3]
isspace                 0x08004ce9   0x14  Code  Gb  isxxx.o [3]
len                     0x20000ef4    0x2  Data  Gb  main.o [1]
localeconv              0x08004d37   0x16  Code  Gb  localeconv.o [3]
main                    0x08002cbd  0x286  Code  Gb  main.o [1]
memchr                  0x080051e5         Code  Gb  memchr.o [5]
memcpy                  0x0800374f    0xc  Code  Gb  memcpy.o [3]
mpuCmd                  0x20000174    0x1  Data  Gb  main.o [1]
parseGPS                0x08002f43   0x82  Code  Gb  main.o [1]
pows                    0x08004960   0x48  Data  Lc  xdtento.o [4]
rx_buff                 0x200005d0   0x88  Data  Gb  usart.o [1]
strcspn                 0x08003f8d   0x22  Code  Gb  strcspn.o [3]
strspn                  0x08003f6b   0x22  Code  Gb  strspn.o [3]
strtok                  0x0800375d   0x4c  Code  Gb  strtok.o [3]
tx_buff                 0x20000658   0x88  Data  Gb  usart.o [1]
tx_buff0                0x200006e0   0x88  Data  Gb  usart.o [1]
tx_buff1                0x20000768   0x88  Data  Gb  usart.o [1]
tx_buff2                0x200007f0   0x88  Data  Gb  usart.o [1]
tx_buff3                0x20000878   0x88  Data  Gb  usart.o [1]
tx_buff4                0x20000900   0x88  Data  Gb  usart.o [1]
tx_buff5                0x20000988   0x88  Data  Gb  usart.o [1]
tx_buff6                0x20000a10   0x88  Data  Gb  usart.o [1]
tx_buff7                0x20000a98   0x88  Data  Gb  usart.o [1]
tx_buff8                0x20000b20   0x88  Data  Gb  usart.o [1]
tx_buff9                0x20000ba8   0x88  Data  Gb  usart.o [1]
uwTick                  0x20000ef0    0x4  Data  Lc  stm32f4xx_hal.o [1]


[1] = C:\Users\Ryan\Documents\IAR Embedded Workbench\Origin\Projects\EWARM\STM32 pin mapping Configuration\Obj
[2] = command line
[3] = dl7M_tlf.a
[4] = m7M_tlv.a
[5] = rt7M_tl.a
[6] = shb_l.a

  22 023 bytes of readonly  code memory
     200 bytes of readonly  data memory
  12 023 bytes of readwrite data memory

Errors: none
Warnings: none
