###############################################################################
#
# IAR ELF Linker V7.30.1.7746/W32 for ARM                 16/Nov/2014  21:38:53
# Copyright 2007-2014 IAR Systems AB.
#
#    Output file  =  
#        C:\Users\Hans
#        Susilo\Downloads\stsw-stm32138\STM32F429I-Discovery_FW_V1.0.1\Projects\Peripheral_Examples\LTDC_ColorKeying\EWARM\LTDC_ColorKeying\Exe\LTDC_ColorKeying.out
#    Map file     =  
#        C:\Users\Hans
#        Susilo\Downloads\stsw-stm32138\STM32F429I-Discovery_FW_V1.0.1\Projects\Peripheral_Examples\LTDC_ColorKeying\EWARM\LTDC_ColorKeying\List\LTDC_ColorKeying.map
#    Command line =  
#        "C:\Users\Hans
#        Susilo\Downloads\stsw-stm32138\STM32F429I-Discovery_FW_V1.0.1\Projects\Peripheral_Examples\LTDC_ColorKeying\EWARM\LTDC_ColorKeying\Obj\main.o"
#        "C:\Users\Hans
#        Susilo\Downloads\stsw-stm32138\STM32F429I-Discovery_FW_V1.0.1\Projects\Peripheral_Examples\LTDC_ColorKeying\EWARM\LTDC_ColorKeying\Obj\misc.o"
#        "C:\Users\Hans
#        Susilo\Downloads\stsw-stm32138\STM32F429I-Discovery_FW_V1.0.1\Projects\Peripheral_Examples\LTDC_ColorKeying\EWARM\LTDC_ColorKeying\Obj\startup_stm32f429_439xx.o"
#        "C:\Users\Hans
#        Susilo\Downloads\stsw-stm32138\STM32F429I-Discovery_FW_V1.0.1\Projects\Peripheral_Examples\LTDC_ColorKeying\EWARM\LTDC_ColorKeying\Obj\stm32f429i_discovery.o"
#        "C:\Users\Hans
#        Susilo\Downloads\stsw-stm32138\STM32F429I-Discovery_FW_V1.0.1\Projects\Peripheral_Examples\LTDC_ColorKeying\EWARM\LTDC_ColorKeying\Obj\stm32f429i_discovery_lcd.o"
#        "C:\Users\Hans
#        Susilo\Downloads\stsw-stm32138\STM32F429I-Discovery_FW_V1.0.1\Projects\Peripheral_Examples\LTDC_ColorKeying\EWARM\LTDC_ColorKeying\Obj\stm32f429i_discovery_sdram.o"
#        "C:\Users\Hans
#        Susilo\Downloads\stsw-stm32138\STM32F429I-Discovery_FW_V1.0.1\Projects\Peripheral_Examples\LTDC_ColorKeying\EWARM\LTDC_ColorKeying\Obj\stm32f4xx_adc.o"
#        "C:\Users\Hans
#        Susilo\Downloads\stsw-stm32138\STM32F429I-Discovery_FW_V1.0.1\Projects\Peripheral_Examples\LTDC_ColorKeying\EWARM\LTDC_ColorKeying\Obj\stm32f4xx_dma.o"
#        "C:\Users\Hans
#        Susilo\Downloads\stsw-stm32138\STM32F429I-Discovery_FW_V1.0.1\Projects\Peripheral_Examples\LTDC_ColorKeying\EWARM\LTDC_ColorKeying\Obj\stm32f4xx_dma2d.o"
#        "C:\Users\Hans
#        Susilo\Downloads\stsw-stm32138\STM32F429I-Discovery_FW_V1.0.1\Projects\Peripheral_Examples\LTDC_ColorKeying\EWARM\LTDC_ColorKeying\Obj\stm32f4xx_exti.o"
#        "C:\Users\Hans
#        Susilo\Downloads\stsw-stm32138\STM32F429I-Discovery_FW_V1.0.1\Projects\Peripheral_Examples\LTDC_ColorKeying\EWARM\LTDC_ColorKeying\Obj\stm32f4xx_fmc.o"
#        "C:\Users\Hans
#        Susilo\Downloads\stsw-stm32138\STM32F429I-Discovery_FW_V1.0.1\Projects\Peripheral_Examples\LTDC_ColorKeying\EWARM\LTDC_ColorKeying\Obj\stm32f4xx_gpio.o"
#        "C:\Users\Hans
#        Susilo\Downloads\stsw-stm32138\STM32F429I-Discovery_FW_V1.0.1\Projects\Peripheral_Examples\LTDC_ColorKeying\EWARM\LTDC_ColorKeying\Obj\stm32f4xx_it.o"
#        "C:\Users\Hans
#        Susilo\Downloads\stsw-stm32138\STM32F429I-Discovery_FW_V1.0.1\Projects\Peripheral_Examples\LTDC_ColorKeying\EWARM\LTDC_ColorKeying\Obj\stm32f4xx_ltdc.o"
#        "C:\Users\Hans
#        Susilo\Downloads\stsw-stm32138\STM32F429I-Discovery_FW_V1.0.1\Projects\Peripheral_Examples\LTDC_ColorKeying\EWARM\LTDC_ColorKeying\Obj\stm32f4xx_rcc.o"
#        "C:\Users\Hans
#        Susilo\Downloads\stsw-stm32138\STM32F429I-Discovery_FW_V1.0.1\Projects\Peripheral_Examples\LTDC_ColorKeying\EWARM\LTDC_ColorKeying\Obj\stm32f4xx_spi.o"
#        "C:\Users\Hans
#        Susilo\Downloads\stsw-stm32138\STM32F429I-Discovery_FW_V1.0.1\Projects\Peripheral_Examples\LTDC_ColorKeying\EWARM\LTDC_ColorKeying\Obj\stm32f4xx_syscfg.o"
#        "C:\Users\Hans
#        Susilo\Downloads\stsw-stm32138\STM32F429I-Discovery_FW_V1.0.1\Projects\Peripheral_Examples\LTDC_ColorKeying\EWARM\LTDC_ColorKeying\Obj\system_stm32f4xx.o"
#        --redirect _Printf=_PrintfSmall --redirect _Scanf=_ScanfSmall -o
#        "C:\Users\Hans
#        Susilo\Downloads\stsw-stm32138\STM32F429I-Discovery_FW_V1.0.1\Projects\Peripheral_Examples\LTDC_ColorKeying\EWARM\LTDC_ColorKeying\Exe\LTDC_ColorKeying.out"
#        --map "C:\Users\Hans
#        Susilo\Downloads\stsw-stm32138\STM32F429I-Discovery_FW_V1.0.1\Projects\Peripheral_Examples\LTDC_ColorKeying\EWARM\LTDC_ColorKeying\List\LTDC_ColorKeying.map"
#        --config "C:\Users\Hans
#        Susilo\Downloads\stsw-stm32138\STM32F429I-Discovery_FW_V1.0.1\Projects\Peripheral_Examples\LTDC_ColorKeying\EWARM\stm32f4xx_flash.icf"
#        --semihosting --entry __iar_program_start --vfe
#
###############################################################################

*******************************************************************************
*** RUNTIME MODEL ATTRIBUTES
***

CppFlavor       = *
__SystemLibrary = DLib


*******************************************************************************
*** PLACEMENT SUMMARY
***

"A1":  place at 0x08000000 { ro section .intvec };
"P1":  place in [from 0x08000000 to 0x081fffff] { ro };
"P2":  place in [from 0x20000000 to 0x2002ffff] { rw, block CSTACK, block HEAP };

  Section            Kind        Address     Size  Object
  -------            ----        -------     ----  ------
"A1":                                       0x1ac
  .intvec            ro code  0x08000000    0x1ac  startup_stm32f429_439xx.o [1]
                            - 0x080001ac    0x1ac

"P1":                                     0x27b44
  .text              ro code  0x080001ac  0x25b18  main.o [1]
  .text              ro code  0x08025cc4     0xd1  stm32f429i_discovery.o [1]
  .text              ro code  0x08025d96     0x2e  copy_init3.o [5]
  .text              ro code  0x08025dc4     0xb0  stm32f4xx_rcc.o [1]
  .text              ro code  0x08025e74     0xb4  stm32f4xx_gpio.o [1]
  .text              ro code  0x08025f28    0x1c0  stm32f4xx_ltdc.o [1]
  .text              ro code  0x080260e8    0x468  stm32f429i_discovery_lcd.o [1]
  .text              ro code  0x08026550     0x28  stm32f4xx_syscfg.o [1]
  .text              ro code  0x08026578     0x6c  stm32f4xx_exti.o [1]
  .text              ro code  0x080265e4     0x68  misc.o [1]
  .text              ro code  0x0802664c    0x116  stm32f4xx_spi.o [1]
  .text              ro code  0x08026762     0x22  zero_init3.o [5]
  .rodata            const    0x08026784   0x11d0  stm32f429i_discovery_lcd.o [1]
  .text              ro code  0x08027954    0x10c  system_stm32f4xx.o [1]
  .text              ro code  0x08027a60     0x28  data_init.o [5]
  .text              ro code  0x08027a88     0x22  fpinit_M.o [4]
  .iar.init_table    const    0x08027aac     0x24  - Linker created -
  .text              ro code  0x08027ad0     0x1a  cmain.o [5]
  .text              ro code  0x08027aea      0x4  low_level_init.o [3]
  .text              ro code  0x08027aee      0x4  exit.o [3]
  .text              ro code  0x08027af4      0xa  cexit.o [5]
  .text              ro code  0x08027b00     0x14  exit.o [6]
  .text              ro code  0x08027b14     0x12  stm32f4xx_it.o [1]
  .text              ro code  0x08027b28     0x10  startup_stm32f429_439xx.o [1]
  .text              ro code  0x08027b38      0xc  cstartup_M.o [5]
  .text              ro code  0x08027b44      0x4  startup_stm32f429_439xx.o [1]
  .text              ro code  0x08027b48      0x4  startup_stm32f429_439xx.o [1]
  .text              ro code  0x08027b4c      0x4  startup_stm32f429_439xx.o [1]
  .text              ro code  0x08027b50      0x4  startup_stm32f429_439xx.o [1]
  .text              ro code  0x08027b54      0x4  startup_stm32f429_439xx.o [1]
  .text              ro code  0x08027b58      0x4  startup_stm32f429_439xx.o [1]
  .text              ro code  0x08027b5c      0x4  startup_stm32f429_439xx.o [1]
  .text              ro code  0x08027b60      0x4  startup_stm32f429_439xx.o [1]
  .text              ro code  0x08027b64      0x4  startup_stm32f429_439xx.o [1]
  .text              ro code  0x08027b68      0x4  startup_stm32f429_439xx.o [1]
  .text              ro code  0x08027b6c      0x4  startup_stm32f429_439xx.o [1]
  .text              ro code  0x08027b70      0x4  startup_stm32f429_439xx.o [1]
  .text              ro code  0x08027b74      0x4  startup_stm32f429_439xx.o [1]
  .text              ro code  0x08027b78      0x4  startup_stm32f429_439xx.o [1]
  .text              ro code  0x08027b7c      0x4  startup_stm32f429_439xx.o [1]
  .text              ro code  0x08027b80      0x4  startup_stm32f429_439xx.o [1]
  .text              ro code  0x08027b84      0x4  startup_stm32f429_439xx.o [1]
  .text              ro code  0x08027b88      0x4  startup_stm32f429_439xx.o [1]
  .text              ro code  0x08027b8c      0x4  startup_stm32f429_439xx.o [1]
  .text              ro code  0x08027b90      0x4  startup_stm32f429_439xx.o [1]
  .text              ro code  0x08027b94      0x4  startup_stm32f429_439xx.o [1]
  .text              ro code  0x08027b98      0x4  startup_stm32f429_439xx.o [1]
  .text              ro code  0x08027b9c      0x4  startup_stm32f429_439xx.o [1]
  .text              ro code  0x08027ba0      0x4  startup_stm32f429_439xx.o [1]
  .text              ro code  0x08027ba4      0x4  startup_stm32f429_439xx.o [1]
  .text              ro code  0x08027ba8      0x4  startup_stm32f429_439xx.o [1]
  .text              ro code  0x08027bac      0x4  startup_stm32f429_439xx.o [1]
  .text              ro code  0x08027bb0      0x4  startup_stm32f429_439xx.o [1]
  .text              ro code  0x08027bb4      0x4  startup_stm32f429_439xx.o [1]
  .text              ro code  0x08027bb8      0x4  startup_stm32f429_439xx.o [1]
  .text              ro code  0x08027bbc      0x4  startup_stm32f429_439xx.o [1]
  .text              ro code  0x08027bc0      0x4  startup_stm32f429_439xx.o [1]
  .text              ro code  0x08027bc4      0x4  startup_stm32f429_439xx.o [1]
  .text              ro code  0x08027bc8      0x4  startup_stm32f429_439xx.o [1]
  .text              ro code  0x08027bcc      0x4  startup_stm32f429_439xx.o [1]
  .text              ro code  0x08027bd0      0x4  startup_stm32f429_439xx.o [1]
  .text              ro code  0x08027bd4      0x4  startup_stm32f429_439xx.o [1]
  .text              ro code  0x08027bd8      0x4  startup_stm32f429_439xx.o [1]
  .text              ro code  0x08027bdc      0x4  startup_stm32f429_439xx.o [1]
  .text              ro code  0x08027be0      0x4  startup_stm32f429_439xx.o [1]
  .text              ro code  0x08027be4      0x4  startup_stm32f429_439xx.o [1]
  .text              ro code  0x08027be8      0x4  startup_stm32f429_439xx.o [1]
  .text              ro code  0x08027bec      0x4  startup_stm32f429_439xx.o [1]
  .text              ro code  0x08027bf0      0x4  startup_stm32f429_439xx.o [1]
  .text              ro code  0x08027bf4      0x4  startup_stm32f429_439xx.o [1]
  .text              ro code  0x08027bf8      0x4  startup_stm32f429_439xx.o [1]
  .text              ro code  0x08027bfc      0x4  startup_stm32f429_439xx.o [1]
  .text              ro code  0x08027c00      0x4  startup_stm32f429_439xx.o [1]
  .text              ro code  0x08027c04      0x4  startup_stm32f429_439xx.o [1]
  .text              ro code  0x08027c08      0x4  startup_stm32f429_439xx.o [1]
  .text              ro code  0x08027c0c      0x4  startup_stm32f429_439xx.o [1]
  .text              ro code  0x08027c10      0x4  startup_stm32f429_439xx.o [1]
  .text              ro code  0x08027c14      0x4  startup_stm32f429_439xx.o [1]
  .text              ro code  0x08027c18      0x4  startup_stm32f429_439xx.o [1]
  .text              ro code  0x08027c1c      0x4  startup_stm32f429_439xx.o [1]
  .text              ro code  0x08027c20      0x4  startup_stm32f429_439xx.o [1]
  .text              ro code  0x08027c24      0x4  startup_stm32f429_439xx.o [1]
  .text              ro code  0x08027c28      0x4  startup_stm32f429_439xx.o [1]
  .text              ro code  0x08027c2c      0x4  startup_stm32f429_439xx.o [1]
  .text              ro code  0x08027c30      0x4  startup_stm32f429_439xx.o [1]
  .text              ro code  0x08027c34      0x4  startup_stm32f429_439xx.o [1]
  .text              ro code  0x08027c38      0x4  startup_stm32f429_439xx.o [1]
  .text              ro code  0x08027c3c      0x4  startup_stm32f429_439xx.o [1]
  .text              ro code  0x08027c40      0x4  startup_stm32f429_439xx.o [1]
  .text              ro code  0x08027c44      0x4  startup_stm32f429_439xx.o [1]
  .text              ro code  0x08027c48      0x4  startup_stm32f429_439xx.o [1]
  .text              ro code  0x08027c4c      0x4  startup_stm32f429_439xx.o [1]
  .text              ro code  0x08027c50      0x4  startup_stm32f429_439xx.o [1]
  .text              ro code  0x08027c54      0x4  startup_stm32f429_439xx.o [1]
  .text              ro code  0x08027c58      0x4  startup_stm32f429_439xx.o [1]
  .text              ro code  0x08027c5c      0x4  startup_stm32f429_439xx.o [1]
  .text              ro code  0x08027c60      0x4  startup_stm32f429_439xx.o [1]
  .text              ro code  0x08027c64      0x4  startup_stm32f429_439xx.o [1]
  .text              ro code  0x08027c68      0x4  startup_stm32f429_439xx.o [1]
  .text              ro code  0x08027c6c      0x4  startup_stm32f429_439xx.o [1]
  .text              ro code  0x08027c70      0x4  startup_stm32f429_439xx.o [1]
  .text              ro code  0x08027c74      0x4  startup_stm32f429_439xx.o [1]
  .text              ro code  0x08027c78      0x4  startup_stm32f429_439xx.o [1]
  .text              ro code  0x08027c7c      0x4  startup_stm32f429_439xx.o [1]
  .text              ro code  0x08027c80      0x4  startup_stm32f429_439xx.o [1]
  .text              ro code  0x08027c84      0x4  startup_stm32f429_439xx.o [1]
  .text              ro code  0x08027c88      0x4  startup_stm32f429_439xx.o [1]
  .text              ro code  0x08027c8c      0x4  startup_stm32f429_439xx.o [1]
  .text              ro code  0x08027c90      0x4  startup_stm32f429_439xx.o [1]
  .text              ro code  0x08027c94      0x4  startup_stm32f429_439xx.o [1]
  .text              ro code  0x08027c98      0x4  startup_stm32f429_439xx.o [1]
  .text              ro code  0x08027c9c      0x4  startup_stm32f429_439xx.o [1]
  .text              ro code  0x08027ca0      0x4  startup_stm32f429_439xx.o [1]
  .text              ro code  0x08027ca4      0x4  startup_stm32f429_439xx.o [1]
  .text              ro code  0x08027ca8      0x4  startup_stm32f429_439xx.o [1]
  .text              ro code  0x08027cac      0x4  startup_stm32f429_439xx.o [1]
  .text              ro code  0x08027cb0      0x4  startup_stm32f429_439xx.o [1]
  .text              ro code  0x08027cb4      0x4  startup_stm32f429_439xx.o [1]
  .text              ro code  0x08027cb8      0x4  startup_stm32f429_439xx.o [1]
  .text              ro code  0x08027cbc      0x4  startup_stm32f429_439xx.o [1]
  .text              ro code  0x08027cc0      0x4  startup_stm32f429_439xx.o [1]
  .text              ro code  0x08027cc4      0x4  startup_stm32f429_439xx.o [1]
  .text              ro code  0x08027cc8      0x4  startup_stm32f429_439xx.o [1]
  .text              ro code  0x08027ccc      0x4  startup_stm32f429_439xx.o [1]
  .text              ro code  0x08027cd0      0x4  startup_stm32f429_439xx.o [1]
  .rodata            const    0x08027cd4      0x0  zero_init3.o [5]
  .rodata            const    0x08027cd4      0x0  copy_init3.o [5]
  Initializer bytes  ro data  0x08027cd4     0x1c  <for P2 s0>
                            - 0x08027cf0  0x27b44

"P2":                                       0x420
  P2 s0                       0x20000000     0x1c  <Init block>
    .data            inited   0x20000000     0x18  stm32f429i_discovery_lcd.o [1]
    .data            inited   0x20000018      0x4  stm32f429i_discovery.o [1]
  .bss               zero     0x2000001c      0x1  main.o [1]
  CSTACK                      0x20000020    0x400  <Block>
    CSTACK           uninit   0x20000020    0x400  <Block tail>
                            - 0x20000420    0x420


*******************************************************************************
*** INIT TABLE
***

          Address     Size
          -------     ----
Zero (__iar_zero_init3)
    1 destination range, total size 0x1:
          0x2000001c   0x1

Copy (__iar_copy_init3)
    1 source range, total size 0x1c:
          0x08027cd4  0x1c
    1 destination range, total size 0x1c:
          0x20000000  0x1c



*******************************************************************************
*** MODULE SUMMARY
***

    Module                      ro code  ro data  rw data
    ------                      -------  -------  -------
C:\Users\Hans Susilo\Downloads\stsw-stm32138\STM32F429I-Discovery_FW_V1.0.1\Projects\Peripheral_Examples\LTDC_ColorKeying\EWARM\LTDC_ColorKeying\Obj: [1]
    main.o                      154 392                 1
    misc.o                          104
    startup_stm32f429_439xx.o       844
    stm32f429i_discovery.o          209        4        4
    stm32f429i_discovery_lcd.o    1 128    4 584       24
    stm32f4xx_exti.o                108
    stm32f4xx_gpio.o                180
    stm32f4xx_it.o                   18
    stm32f4xx_ltdc.o                448
    stm32f4xx_rcc.o                 176
    stm32f4xx_spi.o                 278
    stm32f4xx_syscfg.o               40
    system_stm32f4xx.o              268
    -----------------------------------------------------
    Total:                      158 193    4 588       29

command line: [2]
    -----------------------------------------------------
    Total:

dl7M_tln.a: [3]
    exit.o                            4
    low_level_init.o                  4
    -----------------------------------------------------
    Total:                            8

m7M_tlv.a: [4]
    fpinit_M.o                       34
    -----------------------------------------------------
    Total:                           34

rt7M_tl.a: [5]
    cexit.o                          10
    cmain.o                          26
    copy_init3.o                     46
    cstartup_M.o                     12
    data_init.o                      40
    zero_init3.o                     34
    -----------------------------------------------------
    Total:                          168

shb_l.a: [6]
    exit.o                           20
    -----------------------------------------------------
    Total:                           20

    Gaps                              7        2
    Linker created                            36    1 024
---------------------------------------------------------
    Grand Total:                158 430    4 626    1 053


*******************************************************************************
*** ENTRY LIST
***

Entry                      Address     Size  Type      Object
-----                      -------     ----  ----      ------
?main                   0x08027ad1           Code  Gb  cmain.o [5]
ASCII16x24_Table        0x08026784   0x11d0  Data  Gb  stm32f429i_discovery_lcd.o [1]
BUTTON_CLK              0x08025d84      0x4  Data  Gb  stm32f429i_discovery.o [1]
BUTTON_EXTI_LINE        0x08025d88      0x2  Data  Gb  stm32f429i_discovery.o [1]
BUTTON_IRQn             0x08025d94      0x1  Data  Gb  stm32f429i_discovery.o [1]
BUTTON_PIN              0x08025d80      0x2  Data  Gb  stm32f429i_discovery.o [1]
BUTTON_PIN_SOURCE       0x08025d90      0x1  Data  Gb  stm32f429i_discovery.o [1]
BUTTON_PORT             0x20000018      0x4  Data  Gb  stm32f429i_discovery.o [1]
BUTTON_PORT_SOURCE      0x08025d8c      0x1  Data  Gb  stm32f429i_discovery.o [1]
BusFault_Handler        0x08027b1b      0x2  Code  Gb  stm32f4xx_it.o [1]
CSTACK$$Base            0x20000020            --   Gb  - Linker created -
CSTACK$$Limit           0x20000420            --   Gb  - Linker created -
CurrentBackColor        0x20000002      0x2  Data  Lc  stm32f429i_discovery_lcd.o [1]
CurrentFrameBuffer      0x20000008      0x4  Data  Lc  stm32f429i_discovery_lcd.o [1]
CurrentLayer            0x2000000c      0x4  Data  Lc  stm32f429i_discovery_lcd.o [1]
CurrentTextColor        0x20000000      0x2  Data  Lc  stm32f429i_discovery_lcd.o [1]
DebugMon_Handler        0x08027b21      0x2  Code  Gb  stm32f4xx_it.o [1]
EXTI_Init               0x08026579     0x66  Code  Gb  stm32f4xx_exti.o [1]
Font16x24               0x20000010      0x8  Data  Gb  stm32f429i_discovery_lcd.o [1]
GPIO_Init               0x08025e75     0x70  Code  Gb  stm32f4xx_gpio.o [1]
GPIO_PinAFConfig        0x08025f05     0x24  Code  Gb  stm32f4xx_gpio.o [1]
GPIO_ReadInputDataBit   0x08025ee5      0xe  Code  Gb  stm32f4xx_gpio.o [1]
GPIO_ResetBits          0x08025ef7      0x4  Code  Gb  stm32f4xx_gpio.o [1]
GPIO_SetBits            0x08025ef3      0x4  Code  Gb  stm32f4xx_gpio.o [1]
GPIO_WriteBit           0x08025efb      0xa  Code  Gb  stm32f4xx_gpio.o [1]
HardFault_Handler       0x08027b17      0x2  Code  Gb  stm32f4xx_it.o [1]
LCD_AF_GPIOConfig       0x08000383     0xf0  Code  Lc  main.o [1]
LCD_ChipSelect          0x080260f5     0x16  Code  Gb  stm32f429i_discovery_lcd.o [1]
LCD_Config              0x08000279    0x10a  Code  Lc  main.o [1]
LCD_CtrlLinesConfig     0x0802641b     0x42  Code  Gb  stm32f429i_discovery_lcd.o [1]
LCD_CtrlLinesWrite      0x0802645d      0x4  Code  Gb  stm32f429i_discovery_lcd.o [1]
LCD_Currentfonts        0x20000004      0x4  Data  Lc  stm32f429i_discovery_lcd.o [1]
LCD_PowerOn             0x080261a9    0x26e  Code  Gb  stm32f429i_discovery_lcd.o [1]
LCD_SPIConfig           0x08026461     0xb8  Code  Gb  stm32f429i_discovery_lcd.o [1]
LCD_SetColorKeying      0x0802610b     0x2e  Code  Gb  stm32f429i_discovery_lcd.o [1]
LCD_WriteCommand        0x08026149      0x8  Code  Gb  stm32f429i_discovery_lcd.o [1]
LCD_WriteData           0x08026151      0x6  Code  Gb  stm32f429i_discovery_lcd.o [1]
LTDC_Cmd                0x08025fbf     0x14  Code  Gb  stm32f4xx_ltdc.o [1]
LTDC_ColorKeyingConfig  0x0802608f     0x3a  Code  Gb  stm32f4xx_ltdc.o [1]
LTDC_DitherCmd          0x08025fd3     0x14  Code  Gb  stm32f4xx_ltdc.o [1]
LTDC_Init               0x08025f29     0x96  Code  Gb  stm32f4xx_ltdc.o [1]
LTDC_LayerCmd           0x0802607d     0x12  Code  Gb  stm32f4xx_ltdc.o [1]
LTDC_LayerInit          0x08025fe9     0x94  Code  Gb  stm32f4xx_ltdc.o [1]
LTDC_ReloadConfig       0x08025fe7      0x2  Code  Gb  stm32f4xx_ltdc.o [1]
MemManage_Handler       0x08027b19      0x2  Code  Gb  stm32f4xx_it.o [1]
NMI_Handler             0x08027b15      0x2  Code  Gb  stm32f4xx_it.o [1]
NVIC_Init               0x080265e5     0x58  Code  Gb  misc.o [1]
PendSV_Handler          0x08027b23      0x2  Code  Gb  stm32f4xx_it.o [1]
RCC_AHB1PeriphClockCmd  0x08025deb     0x12  Code  Gb  stm32f4xx_rcc.o [1]
RCC_APB1PeriphResetCmd  0x08025e0f     0x12  Code  Gb  stm32f4xx_rcc.o [1]
RCC_APB2PeriphClockCmd  0x08025dfd     0x12  Code  Gb  stm32f4xx_rcc.o [1]
RCC_APB2PeriphResetCmd  0x08025e21     0x12  Code  Gb  stm32f4xx_rcc.o [1]
RCC_GetFlagStatus       0x08025e33     0x22  Code  Gb  stm32f4xx_rcc.o [1]
RCC_LTDCCLKDivConfig    0x08025de1      0xa  Code  Gb  stm32f4xx_rcc.o [1]
RCC_PLLSAICmd           0x08025dd5      0x6  Code  Gb  stm32f4xx_rcc.o [1]
RCC_PLLSAIConfig        0x08025dc5      0x8  Code  Gb  stm32f4xx_rcc.o [1]
RGB565_240x320          0x080004c4  0x25800  Data  Gb  main.o [1]
Region$$Table$$Base     0x08027aac            --   Gb  - Linker created -
Region$$Table$$Limit    0x08027ad0            --   Gb  - Linker created -
SPI_Cmd                 0x0802673d     0x14  Code  Gb  stm32f4xx_spi.o [1]
SPI_I2S_DeInit          0x0802664d     0xa0  Code  Gb  stm32f4xx_spi.o [1]
SPI_I2S_GetFlagStatus   0x08026755      0xe  Code  Gb  stm32f4xx_spi.o [1]
SPI_I2S_SendData        0x08026751      0x4  Code  Gb  stm32f4xx_spi.o [1]
SPI_Init                0x080266ed     0x38  Code  Gb  stm32f4xx_spi.o [1]
STM_EVAL_PBGetState     0x08025d5f     0x12  Code  Gb  stm32f429i_discovery.o [1]
STM_EVAL_PBInit         0x08025cc5     0x90  Code  Gb  stm32f429i_discovery.o [1]
SVC_Handler             0x08027b1f      0x2  Code  Gb  stm32f4xx_it.o [1]
SYSCFG_EXTILineConfig   0x08026551     0x22  Code  Gb  stm32f4xx_syscfg.o [1]
SysTick_Handler         0x08027b25      0x2  Code  Gb  stm32f4xx_it.o [1]
SystemInit              0x08027955     0xea  Code  Gb  system_stm32f4xx.o [1]
UsageFault_Handler      0x08027b1d      0x2  Code  Gb  stm32f4xx_it.o [1]
__cmain                 0x08027ad1           Code  Gb  cmain.o [5]
__exit                  0x08027b01     0x14  Code  Gb  exit.o [6]
__iar_copy_init3        0x08025d97     0x2e  Code  Gb  copy_init3.o [5]
__iar_data_init3        0x08027a61     0x28  Code  Gb  data_init.o [5]
__iar_init_vfp          0x08027a89           Code  Gb  fpinit_M.o [4]
__iar_program_start     0x08027b39           Code  Gb  cstartup_M.o [5]
__iar_zero_init3        0x08026763     0x22  Code  Gb  zero_init3.o [5]
__low_level_init        0x08027aeb      0x4  Code  Gb  low_level_init.o [3]
__vector_table          0x08000000           Data  Gb  startup_stm32f429_439xx.o [1]
_call_main              0x08027add           Code  Gb  cmain.o [5]
_exit                   0x08027af5           Code  Gb  cexit.o [5]
_main                   0x08027ae7           Code  Gb  cmain.o [5]
delay                   0x08026535     0x1c  Code  Lc  stm32f429i_discovery_lcd.o [1]
exit                    0x08027aef      0x4  Code  Gb  exit.o [3]
main                    0x080001ad     0xcc  Code  Gb  main.o [1]
ubPressedButton         0x2000001c      0x1  Data  Gb  main.o [1]


[1] = C:\Users\Hans Susilo\Downloads\stsw-stm32138\STM32F429I-Discovery_FW_V1.0.1\Projects\Peripheral_Examples\LTDC_ColorKeying\EWARM\LTDC_ColorKeying\Obj
[2] = command line
[3] = dl7M_tln.a
[4] = m7M_tlv.a
[5] = rt7M_tl.a
[6] = shb_l.a

  158 430 bytes of readonly  code memory
    4 626 bytes of readonly  data memory
    1 053 bytes of readwrite data memory

Errors: none
Warnings: none
